Archive member included to satisfy reference by file (symbol)

app/libapp.a(main.c.obj)      (--whole-archive)
app/libapp.a(microphone.c.obj)
                              (--whole-archive)
app/libapp.a(bluetooth_audio.c.obj)
                              (--whole-archive)
app/libapp.a(audio_service.c.obj)
                              (--whole-archive)
zephyr/libzephyr.a(heap.c.obj)
                              (--whole-archive)
zephyr/libzephyr.a(cbprintf_packaged.c.obj)
                              (--whole-archive)
zephyr/libzephyr.a(printk.c.obj)
                              (--whole-archive)
zephyr/libzephyr.a(sem.c.obj)
                              (--whole-archive)
zephyr/libzephyr.a(thread_entry.c.obj)
                              (--whole-archive)
zephyr/libzephyr.a(cbprintf_complete.c.obj)
                              (--whole-archive)
zephyr/libzephyr.a(assert.c.obj)
                              (--whole-archive)
zephyr/libzephyr.a(mpsc_pbuf.c.obj)
                              (--whole-archive)
zephyr/libzephyr.a(dec.c.obj)
                              (--whole-archive)
zephyr/libzephyr.a(hex.c.obj)
                              (--whole-archive)
zephyr/libzephyr.a(rb.c.obj)  (--whole-archive)
zephyr/libzephyr.a(timeutil.c.obj)
                              (--whole-archive)
zephyr/libzephyr.a(bitarray.c.obj)
                              (--whole-archive)
zephyr/libzephyr.a(onoff.c.obj)
                              (--whole-archive)
zephyr/libzephyr.a(notify.c.obj)
                              (--whole-archive)
zephyr/libzephyr.a(configs.c.obj)
                              (--whole-archive)
zephyr/libzephyr.a(log_core.c.obj)
                              (--whole-archive)
zephyr/libzephyr.a(log_mgmt.c.obj)
                              (--whole-archive)
zephyr/libzephyr.a(log_cache.c.obj)
                              (--whole-archive)
zephyr/libzephyr.a(log_msg.c.obj)
                              (--whole-archive)
zephyr/libzephyr.a(log_output.c.obj)
                              (--whole-archive)
zephyr/libzephyr.a(log_backend_rtt.c.obj)
                              (--whole-archive)
zephyr/libzephyr.a(log_backend_uart.c.obj)
                              (--whole-archive)
zephyr/libzephyr.a(mem_attr.c.obj)
                              (--whole-archive)
zephyr/libzephyr.a(tracing_none.c.obj)
                              (--whole-archive)
zephyr/libzephyr.a(dis.c.obj)
                              (--whole-archive)
zephyr/libzephyr.a(bas.c.obj)
                              (--whole-archive)
zephyr/libzephyr.a(hrs.c.obj)
                              (--whole-archive)
zephyr/libzephyr.a(addr_utils.c.obj)
                              (--whole-archive)
zephyr/libzephyr.a(utils.c.obj)
                              (--whole-archive)
zephyr/libzephyr.a(ecc_dh.c.obj)
                              (--whole-archive)
zephyr/libzephyr.a(ecc.c.obj)
                              (--whole-archive)
zephyr/libzephyr.a(aes_decrypt.c.obj)
                              (--whole-archive)
zephyr/libzephyr.a(aes_encrypt.c.obj)
                              (--whole-archive)
zephyr/libzephyr.a(cmac_mode.c.obj)
                              (--whole-archive)
zephyr/arch/common/libarch__common.a(sw_isr_common.c.obj)
                              (--whole-archive)
zephyr/arch/arch/arm/core/libarch__arm__core.a(fatal.c.obj)
                              (--whole-archive)
zephyr/arch/arch/arm/core/libarch__arm__core.a(nmi.c.obj)
                              (--whole-archive)
zephyr/arch/arch/arm/core/libarch__arm__core.a(nmi_on_reset.S.obj)
                              (--whole-archive)
zephyr/arch/arch/arm/core/libarch__arm__core.a(tls.c.obj)
                              (--whole-archive)
zephyr/arch/arch/arm/core/cortex_m/libarch__arm__core__cortex_m.a(exc_exit.S.obj)
                              (--whole-archive)
zephyr/arch/arch/arm/core/cortex_m/libarch__arm__core__cortex_m.a(fault.c.obj)
                              (--whole-archive)
zephyr/arch/arch/arm/core/cortex_m/libarch__arm__core__cortex_m.a(fault_s.S.obj)
                              (--whole-archive)
zephyr/arch/arch/arm/core/cortex_m/libarch__arm__core__cortex_m.a(fpu.c.obj)
                              (--whole-archive)
zephyr/arch/arch/arm/core/cortex_m/libarch__arm__core__cortex_m.a(reset.S.obj)
                              (--whole-archive)
zephyr/arch/arch/arm/core/cortex_m/libarch__arm__core__cortex_m.a(scb.c.obj)
                              (--whole-archive)
zephyr/arch/arch/arm/core/cortex_m/libarch__arm__core__cortex_m.a(thread_abort.c.obj)
                              (--whole-archive)
zephyr/arch/arch/arm/core/cortex_m/libarch__arm__core__cortex_m.a(vector_table.S.obj)
                              (--whole-archive)
zephyr/arch/arch/arm/core/cortex_m/libarch__arm__core__cortex_m.a(swap.c.obj)
                              (--whole-archive)
[...]
Memory Configuration

Name             Origin             Length             Attributes
FLASH            0x0000000000000000 0x0000000000080000 xr
RAM              0x0000000020000000 0x0000000000010000 xw
IDT_LIST         0x00000000ffff7fff 0x0000000000008000 xw
*default*        0x0000000000000000 0xffffffffffffffff

Linker script and memory map

                0x000000000001ee7c                vfprintf = __l_vfprintf
                0x0000000000000000                vfscanf = __l_vfscanf
LOAD zephyr/CMakeFiles/zephyr_pre0.dir/misc/empty_file.c.obj
LOAD zephyr/CMakeFiles/offsets.dir/./arch/arm/core/offsets/offsets.c.obj
LOAD app/libapp.a
LOAD zephyr/libzephyr.a
LOAD zephyr/arch/common/libarch__common.a
LOAD zephyr/arch/arch/arm/core/libarch__arm__core.a
LOAD zephyr/arch/arch/arm/core/cortex_m/libarch__arm__core__cortex_m.a
LOAD zephyr/arch/arch/arm/core/mpu/libarch__arm__core__mpu.a
LOAD zephyr/lib/libc/picolibc/liblib__libc__picolibc.a
LOAD zephyr/lib/libc/common/liblib__libc__common.a
LOAD zephyr/soc/soc/arm/nordic_nrf/libsoc__arm__nordic_nrf.a
LOAD zephyr/subsys/random/libsubsys__random.a
LOAD zephyr/subsys/bluetooth/common/libsubsys__bluetooth__common.a
LOAD zephyr/subsys/bluetooth/host/libsubsys__bluetooth__host.a
LOAD zephyr/subsys/bluetooth/crypto/libsubsys__bluetooth__crypto.a
LOAD zephyr/subsys/bluetooth/controller/libsubsys__bluetooth__controller.a
LOAD zephyr/subsys/net/libsubsys__net.a
LOAD zephyr/drivers/audio/libdrivers__audio.a
LOAD zephyr/drivers/clock_control/libdrivers__clock_control.a
LOAD zephyr/drivers/console/libdrivers__console.a
LOAD zephyr/drivers/entropy/libdrivers__entropy.a
LOAD zephyr/drivers/gpio/libdrivers__gpio.a
LOAD zephyr/drivers/i2c/libdrivers__i2c.a
LOAD zephyr/drivers/pinctrl/libdrivers__pinctrl.a
LOAD zephyr/drivers/regulator/libdrivers__regulator.a
LOAD zephyr/drivers/serial/libdrivers__serial.a
LOAD zephyr/drivers/timer/libdrivers__timer.a
LOAD modules/hal_nordic/nrfx/libmodules__hal_nordic__nrfx.a
LOAD modules/segger/libmodules__segger.a
LOAD zephyr/kernel/libkernel.a
LOAD /home/hannahkhouri/zephyr_install/zephyr-sdk-0.16.5/arm-zephyr-eabi/bin/../lib/gcc/arm-zephyr-eabi/12.2.0/thumb/v7e-m/nofp/libgcc.a
LOAD zephyr/arch/common/libisr_tables.a
LOAD /home/hannahkhouri/zephyr_install/zephyr-sdk-0.16.5/arm-zephyr-eabi/bin/../lib/gcc/../../picolibc/arm-zephyr-eabi/lib/thumb/v7e-m/nofp/libc.a
LOAD /home/hannahkhouri/zephyr_install/zephyr-sdk-0.16.5/arm-zephyr-eabi/bin/../lib/gcc/arm-zephyr-eabi/12.2.0/thumb/v7e-m/nofp/libgcc.a
                0x0000000000000020                _region_min_align = 0x20

.rel.plt        0x0000000000000000        0x0
 *(SORT_BY_ALIGNMENT(.rel.plt))
                [!provide]                        PROVIDE (__rel_iplt_start = .)
 *(SORT_BY_ALIGNMENT(.rel.iplt))
 .rel.iplt      0x0000000000000000        0x0 app/libapp.a(main.c.obj)
                [!provide]                        PROVIDE (__rel_iplt_end = .)

.rela.plt       0x0000000000000000        0x0
 *(SORT_BY_ALIGNMENT(.rela.plt))
                [!provide]                        PROVIDE (__rela_iplt_start = .)
 *(SORT_BY_ALIGNMENT(.rela.iplt))
                [!provide]                        PROVIDE (__rela_iplt_end = .)

.rel.dyn
 *(SORT_BY_ALIGNMENT(.rel.*))

.rela.dyn
 *(SORT_BY_ALIGNMENT(.rela.*))

/DISCARD/
 *(SORT_BY_ALIGNMENT(.plt))

/DISCARD/
 *(SORT_BY_ALIGNMENT(.iplt))
                0x0000000000000000                __rom_region_start = 0x0

rom_start       0x0000000000000000       0xdc
                0x0000000000000000                __rom_start_address = .
 FILL mask 0x00
                0x0000000000000000                . = (. + (0x0 - (. - __rom_start_address)))
                0x0000000000000000                . = ALIGN (0x4)
                0x0000000000000000                . = ALIGN (0x80)
                0x0000000000000000                . = ALIGN (0x100)
                0x0000000000000000                _vector_start = .
 *(SORT_BY_ALIGNMENT(.exc_vector_table))
 *(SORT_BY_ALIGNMENT(.exc_vector_table.*))
 .exc_vector_table._vector_table_section
                0x0000000000000000       0x40 zephyr/arch/arch/arm/core/cortex_m/libarch__arm__core__cortex_m.a(vector_table.S.obj)
                0x0000000000000000                _vector_table
 *(SORT_BY_ALIGNMENT(.vectors))
                0x00000000000000dc                _vector_end = .
                0x0000000000000040                . = ALIGN (0x4)
 *(SORT_BY_ALIGNMENT(.gnu.linkonce.irq_vector_table*))
 .gnu.linkonce.irq_vector_table
                0x0000000000000040       0x9c zephyr/arch/common/libisr_tables.a(isr_tables.c.obj)
                0x0000000000000040                _irq_vector_table
                0x00000000000000dc                _vector_end = .

text            0x00000000000000e0    0x24e40
                0x00000000000000e0                __text_region_start = .
 *(SORT_BY_ALIGNMENT(.text))
 .text          0x00000000000000e0       0x30 /home/hannahkhouri/zephyr_install/zephyr-sdk-0.16.5/arm-zephyr-eabi/bin/../lib/gcc/arm-zephyr-eabi/12.2.0/thumb/v7e-m/nofp/libgcc.a(_aeabi_uldivmod.o)
                0x00000000000000e0                __aeabi_uldivmod
 .text          0x0000000000000110        0x4 /home/hannahkhouri/zephyr_install/zephyr-sdk-0.16.5/arm-zephyr-eabi/bin/../lib/gcc/arm-zephyr-eabi/12.2.0/thumb/v7e-m/nofp/libgcc.a(_dvmd_tls.o)
                0x0000000000000110                __aeabi_ldiv0
                0x0000000000000110                __aeabi_idiv0
 .text          0x0000000000000114      0x2a0 /home/hannahkhouri/zephyr_install/zephyr-sdk-0.16.5/arm-zephyr-eabi/bin/../lib/gcc/arm-zephyr-eabi/12.2.0/thumb/v7e-m/nofp/libgcc.a(_udivmoddi4.o)
                0x0000000000000114                __udivmoddi4
 .text          0x00000000000003b4       0x10 /home/hannahkhouri/zephyr_install/zephyr-sdk-0.16.5/arm-zephyr-eabi/bin/../lib/gcc/../../picolibc/arm-zephyr-eabi/lib/thumb/v7e-m/nofp/libc.a(strcpy.S.o)
                0x00000000000003b4                strcpy
 .text          0x00000000000003c4       0x10 /home/hannahkhouri/zephyr_install/zephyr-sdk-0.16.5/arm-zephyr-eabi/bin/../lib/gcc/../../picolibc/arm-zephyr-eabi/lib/thumb/v7e-m/nofp/libc.a(strlen.S.o)
                0x00000000000003c4                strlen
 *(SORT_BY_ALIGNMENT(.text.*))
 *fill*         0x00000000000003d4        0x4 
 .text.bt_init  0x00000000000003d8      0x538 zephyr/subsys/bluetooth/host/libsubsys__bluetooth__host.a(hci_core.c.obj)
 .text.ull_drift_ticks_get
                0x0000000000000910       0x94 zephyr/subsys/bluetooth/controller/libsubsys__bluetooth__controller.a(ull.c.obj)
                0x0000000000000910                ull_drift_ticks_get
 *fill*         0x00000000000009a4        0x4 
 .text.ll_adv_enable
                0x00000000000009a8      0x368 zephyr/subsys/bluetooth/controller/libsubsys__bluetooth__controller.a(ull_adv.c.obj)
                0x00000000000009a8                ll_adv_enable
 .text.ull_adv_time_update
                0x0000000000000d10       0xbc zephyr/subsys/bluetooth/controller/libsubsys__bluetooth__controller.a(ull_adv.c.obj)
                0x0000000000000d10                ull_adv_time_update
 *fill*         0x0000000000000dcc        0x4 
 .text.ull_conn_update_ticker.constprop.0
                0x0000000000000dd0      0x12c zephyr/subsys/bluetooth/controller/libsubsys__bluetooth__controller.a(ull_conn.c.obj)
 *fill*         0x0000000000000efc        0x4 
 .text.ull_conn_done
                0x0000000000000f00      0x3a0 zephyr/subsys/bluetooth/controller/libsubsys__bluetooth__controller.a(ull_conn.c.obj)
                0x0000000000000f00                ull_conn_done
 .text.ull_conn_update_parameters
                0x00000000000012a0      0x214 zephyr/subsys/bluetooth/controller/libsubsys__bluetooth__controller.a(ull_conn.c.obj)
                0x00000000000012a0                ull_conn_update_parameters
 *fill*         0x00000000000014b4        0x4 
 .text.ull_periph_setup
                0x00000000000014b8      0x450 zephyr/subsys/bluetooth/controller/libsubsys__bluetooth__controller.a(ull_peripheral.c.obj)
                0x00000000000014b8                ull_periph_setup
 .text.prepare_cb
                0x0000000000001908      0x16c zephyr/subsys/bluetooth/controller/libsubsys__bluetooth__controller.a(lll_adv.c.obj)
 *fill*         0x0000000000001a74        0x4 
 .text.prepare_cb
                0x0000000000001a78      0x230 zephyr/subsys/bluetooth/controller/libsubsys__bluetooth__controller.a(lll_peripheral.c.obj)
 .text.do_pdm_transfer
                0x0000000000001ca8       0x9c app/libapp.a(microphone.c.obj)
                0x0000000000001ca8                do_pdm_transfer
 .text.mic_init
                0x0000000000001d44       0xf8 app/libapp.a(microphone.c.obj)
                0x0000000000001d44                mic_init
 .text.disconnected
                0x0000000000001e3c        0xc app/libapp.a(bluetooth_audio.c.obj)
 .text.hrs_ntf_changed
                0x0000000000001e48       0x24 app/libapp.a(bluetooth_audio.c.obj)
 .text.connected
                0x0000000000001e6c       0x18 app/libapp.a(bluetooth_audio.c.obj)
 .text.auth_cancel
                0x0000000000001e84       0x84 app/libapp.a(bluetooth_audio.c.obj)
 .text.bluetooth_audio_init
                0x0000000000001f08       0xb0 app/libapp.a(bluetooth_audio.c.obj)
                0x0000000000001f08                bluetooth_audio_init
 .text.audio_notify
                0x0000000000001fb8       0x38 app/libapp.a(audio_service.c.obj)
                0x0000000000001fb8                audio_notify
 .text.cbvprintf_package
                0x0000000000001ff0      0x3a4 zephyr/libzephyr.a(cbprintf_packaged.c.obj)
                0x0000000000001ff0                cbvprintf_package
 .text.cbprintf_package_convert
                0x0000000000002394      0x3c0 zephyr/libzephyr.a(cbprintf_packaged.c.obj)
                0x0000000000002394                cbprintf_package_convert
 .text.__printk_hook_install
                0x0000000000002754        0xc zephyr/libzephyr.a(printk.c.obj)
                0x0000000000002754                __printk_hook_install
 .text.z_thread_entry
                0x0000000000002760       0x34 zephyr/libzephyr.a(thread_entry.c.obj)
                0x0000000000002760                z_thread_entry
 .text.process_event
                0x0000000000002794      0x21c zephyr/libzephyr.a(onoff.c.obj)
 .text.activate_foreach_backend
                0x00000000000029b0       0x64 zephyr/libzephyr.a(log_core.c.obj)
 .text.enable_logger
                0x0000000000002a14       0x5c zephyr/libzephyr.a(log_core.c.obj)
 .text.log_process_thread_timer_expiry_fn
                0x0000000000002a70        0xc zephyr/libzephyr.a(log_core.c.obj)
 .text.z_log_init
                0x0000000000002a7c       0x90 zephyr/libzephyr.a(log_core.c.obj)
 .text.log_format_func_t_get
                0x0000000000002b0c        0xc zephyr/libzephyr.a(log_core.c.obj)
                0x0000000000002b0c                log_format_func_t_get
 .text.log_set_timestamp_func
                0x0000000000002b18       0x20 zephyr/libzephyr.a(log_core.c.obj)
                0x0000000000002b18                log_set_timestamp_func
 .text.z_log_notify_backend_enabled
                0x0000000000002b38       0x1c zephyr/libzephyr.a(log_core.c.obj)
                0x0000000000002b38                z_log_notify_backend_enabled
 .text.z_log_dropped
                0x0000000000002b54       0x30 zephyr/libzephyr.a(log_core.c.obj)
                0x0000000000002b54                z_log_dropped
 .text.z_log_dropped_read_and_clear
                0x0000000000002b84       0x20 zephyr/libzephyr.a(log_core.c.obj)
                0x0000000000002b84                z_log_dropped_read_and_clear
 .text.dropped_notify
                0x0000000000002ba4       0x30 zephyr/libzephyr.a(log_core.c.obj)
                0x0000000000002ba4                dropped_notify
 .text.z_log_msg_init
                0x0000000000002bd4       0x20 zephyr/libzephyr.a(log_core.c.obj)
                0x0000000000002bd4                z_log_msg_init
 .text.log_core_init
                0x0000000000002bf4       0x34 zephyr/libzephyr.a(log_core.c.obj)
                0x0000000000002bf4                log_core_init
 .text.z_log_msg_alloc
                0x0000000000002c28       0x10 zephyr/libzephyr.a(log_core.c.obj)
                0x0000000000002c28                z_log_msg_alloc
 .text.z_log_msg_local_claim
                0x0000000000002c38        0xc zephyr/libzephyr.a(log_core.c.obj)
                0x0000000000002c38                z_log_msg_local_claim
 .text.z_log_msg_free
                0x0000000000002c44       0x10 zephyr/libzephyr.a(log_core.c.obj)
                0x0000000000002c44                z_log_msg_free
 .text.z_log_msg_pending
                0x0000000000002c54        0xc zephyr/libzephyr.a(log_core.c.obj)
                0x0000000000002c54                z_log_msg_pending
 .text.z_impl_log_process
                0x0000000000002c60       0xbc zephyr/libzephyr.a(log_core.c.obj)
                0x0000000000002c60                z_impl_log_process
 .text.z_impl_log_panic
                0x0000000000002d1c       0x44 zephyr/libzephyr.a(log_core.c.obj)
                0x0000000000002d1c                z_impl_log_panic
 .text.log_process_thread_func
                0x0000000000002d60       0xa4 zephyr/libzephyr.a(log_core.c.obj)
 .text.z_log_msg_post_finalize
                0x0000000000002e04       0x78 zephyr/libzephyr.a(log_core.c.obj)
 .text.z_log_msg_commit
                0x0000000000002e7c       0x24 zephyr/libzephyr.a(log_core.c.obj)
                0x0000000000002e7c                z_log_msg_commit
 .text.log_source_name_get
                0x0000000000002ea0       0x1c zephyr/libzephyr.a(log_mgmt.c.obj)
                0x0000000000002ea0                log_source_name_get
 .text.log_backend_enable
                0x0000000000002ebc       0x28 zephyr/libzephyr.a(log_mgmt.c.obj)
                0x0000000000002ebc                log_backend_enable
 .text.z_impl_z_log_msg_static_create
                0x0000000000002ee4      0x108 zephyr/libzephyr.a(log_msg.c.obj)
                0x0000000000002ee4                z_impl_z_log_msg_static_create
 .text.z_log_msg_runtime_vcreate
                0x0000000000002fec       0x8c zephyr/libzephyr.a(log_msg.c.obj)
                0x0000000000002fec                z_log_msg_runtime_vcreate
 .text.print_formatted
                0x0000000000003078       0x24 zephyr/libzephyr.a(log_output.c.obj)
 .text.newline_print
                0x000000000000309c       0x1c zephyr/libzephyr.a(log_output.c.obj)
 .text.log_output_process
                0x00000000000030b8      0x2d4 zephyr/libzephyr.a(log_output.c.obj)
                0x00000000000030b8                log_output_process
 .text.log_output_msg_process
                0x000000000000338c       0x70 zephyr/libzephyr.a(log_output.c.obj)
                0x000000000000338c                log_output_msg_process
 .text.log_output_dropped_process
                0x00000000000033fc       0x58 zephyr/libzephyr.a(log_output.c.obj)
                0x00000000000033fc                log_output_dropped_process
 .text.log_output_timestamp_freq_set
                0x0000000000003454       0x2c zephyr/libzephyr.a(log_output.c.obj)
                0x0000000000003454                log_output_timestamp_freq_set
 .text.log_backend_rtt_init
                0x0000000000003480        0xc zephyr/libzephyr.a(log_backend_rtt.c.obj)
 .text.format_set
                0x000000000000348c        0xc zephyr/libzephyr.a(log_backend_rtt.c.obj)
 .text.panic    0x0000000000003498       0x14 zephyr/libzephyr.a(log_backend_rtt.c.obj)
 .text.dropped  0x00000000000034ac        0xc zephyr/libzephyr.a(log_backend_rtt.c.obj)
 .text.process  0x00000000000034b8       0x24 zephyr/libzephyr.a(log_backend_rtt.c.obj)
 .text.on_failed_write
                0x00000000000034dc       0x28 zephyr/libzephyr.a(log_backend_rtt.c.obj)
 .text.data_out_block_mode
                0x0000000000003504       0x84 zephyr/libzephyr.a(log_backend_rtt.c.obj)
 .text.char_out
                0x0000000000003588       0x24 zephyr/libzephyr.a(log_backend_uart.c.obj)
 .text.mem_attr_get_regions
                0x00000000000035ac        0xc zephyr/libzephyr.a(mem_attr.c.obj)
                0x00000000000035ac                mem_attr_get_regions
 .text.read_blvl
                0x00000000000035b8       0x28 zephyr/libzephyr.a(bas.c.obj)
 .text.blvl_ccc_cfg_changed
                0x00000000000035e0       0x48 zephyr/libzephyr.a(bas.c.obj)
 .text.hrs_init
                0x0000000000003628       0x10 zephyr/libzephyr.a(hrs.c.obj)
 .text.read_blsc
                0x0000000000003638       0x1c zephyr/libzephyr.a(hrs.c.obj)
 .text.hrmc_ccc_cfg_changed
                0x0000000000003654       0x6c zephyr/libzephyr.a(hrs.c.obj)
 .text.bt_hrs_cb_register
                0x00000000000036c0       0x28 zephyr/libzephyr.a(hrs.c.obj)
                0x00000000000036c0                bt_hrs_cb_register
 .text.uECC_get_rng
                0x00000000000036e8        0xc zephyr/libzephyr.a(ecc.c.obj)
                0x00000000000036e8                uECC_get_rng
 .text.vli_mmod_fast_secp256r1
                0x00000000000036f4      0x184 zephyr/libzephyr.a(ecc.c.obj)
                0x00000000000036f4                vli_mmod_fast_secp256r1
 .text.sub_bytes
                0x0000000000003878       0x18 zephyr/libzephyr.a(aes_encrypt.c.obj)
 .text.tc_aes128_set_encrypt_key
                0x0000000000003890       0xa4 zephyr/libzephyr.a(aes_encrypt.c.obj)
                0x0000000000003890                tc_aes128_set_encrypt_key
 .text.z_arm_fatal_error
                0x0000000000003934       0xa0 zephyr/arch/arch/arm/core/libarch__arm__core.a(fatal.c.obj)
                0x0000000000003934                z_arm_fatal_error
 .text.z_SysNmiOnReset
                0x00000000000039d4        0x8 zephyr/arch/arch/arm/core/libarch__arm__core.a(nmi_on_reset.S.obj)
                0x00000000000039d4                z_SysNmiOnReset
 .text.arch_tls_stack_setup
                0x00000000000039dc       0x40 zephyr/arch/arch/arm/core/libarch__arm__core.a(tls.c.obj)
                0x00000000000039dc                arch_tls_stack_setup
 .text._HandlerModeExit
                0x0000000000003a1c       0x1c zephyr/arch/arch/arm/core/cortex_m/libarch__arm__core__cortex_m.a(exc_exit.S.obj)
                0x0000000000003a1c                z_arm_exc_exit
                0x0000000000003a1c                z_arm_int_exit
 .text.bus_fault.constprop.0
                0x0000000000003a38       0xd0 zephyr/arch/arch/arm/core/cortex_m/libarch__arm__core__cortex_m.a(fault.c.obj)
 .text.usage_fault.constprop.0
                0x0000000000003b08       0xa8 zephyr/arch/arch/arm/core/cortex_m/libarch__arm__core__cortex_m.a(fault.c.obj)
 .text.mem_manage_fault
                0x0000000000003bb0      0x104 zephyr/arch/arch/arm/core/cortex_m/libarch__arm__core__cortex_m.a(fault.c.obj)
 .text.z_arm_fault
                0x0000000000003cb4      0x1d4 zephyr/arch/arch/arm/core/cortex_m/libarch__arm__core__cortex_m.a(fault.c.obj)
                0x0000000000003cb4                z_arm_fault
 .text.z_arm_fault_init
                0x0000000000003e88       0x10 zephyr/arch/arch/arm/core/cortex_m/libarch__arm__core__cortex_m.a(fault.c.obj)
                0x0000000000003e88                z_arm_fault_init
 .text.__fault  0x0000000000003e98       0x14 zephyr/arch/arch/arm/core/cortex_m/libarch__arm__core__cortex_m.a(fault_s.S.obj)
                0x0000000000003e98                z_arm_bus_fault
                0x0000000000003e98                z_arm_usage_fault
                0x0000000000003e98                z_arm_mpu_fault
                0x0000000000003e98                z_arm_exc_spurious
                0x0000000000003e98                z_arm_debug_monitor
                0x0000000000003e98                z_arm_hard_fault
 .text._reset_section
                0x0000000000003eac       0x30 zephyr/arch/arch/arm/core/cortex_m/libarch__arm__core__cortex_m.a(reset.S.obj)
                0x0000000000003eac                z_arm_reset
                0x0000000000003eac                __start
 .text.z_impl_k_thread_abort
                0x0000000000003edc       0x2c zephyr/arch/arch/arm/core/cortex_m/libarch__arm__core__cortex_m.a(thread_abort.c.obj)
                0x0000000000003edc                z_impl_k_thread_abort
 .text.arch_swap
                0x0000000000003f08       0x30 zephyr/arch/arch/arm/core/cortex_m/libarch__arm__core__cortex_m.a(swap.c.obj)
                0x0000000000003f08                arch_swap
 .text.z_arm_pendsv
                0x0000000000003f38       0x64 zephyr/arch/arch/arm/core/cortex_m/libarch__arm__core__cortex_m.a(swap_helper.S.obj)
                0x0000000000003f38                z_arm_pendsv
 .text.z_arm_svc
                0x0000000000003f9c       0x20 zephyr/arch/arch/arm/core/cortex_m/libarch__arm__core__cortex_m.a(swap_helper.S.obj)
                0x0000000000003f9c                z_arm_svc
 .text.arch_irq_enable
                0x0000000000003fbc       0x1c zephyr/arch/arch/arm/core/cortex_m/libarch__arm__core__cortex_m.a(irq_manage.c.obj)
                0x0000000000003fbc                arch_irq_enable
 .text.arch_irq_disable
                0x0000000000003fd8       0x28 zephyr/arch/arch/arm/core/cortex_m/libarch__arm__core__cortex_m.a(irq_manage.c.obj)
                0x0000000000003fd8                arch_irq_disable
 .text.arch_irq_is_enabled
                0x0000000000004000       0x1c zephyr/arch/arch/arm/core/cortex_m/libarch__arm__core__cortex_m.a(irq_manage.c.obj)
                0x0000000000004000                arch_irq_is_enabled
 .text.z_arm_irq_priority_set
                0x000000000000401c       0x30 zephyr/arch/arch/arm/core/cortex_m/libarch__arm__core__cortex_m.a(irq_manage.c.obj)
                0x000000000000401c                z_arm_irq_priority_set
 .text.z_prep_c
                0x000000000000404c       0x48 zephyr/arch/arch/arm/core/cortex_m/libarch__arm__core__cortex_m.a(prep_c.c.obj)
                0x000000000000404c                z_prep_c
 .text.arch_new_thread
                0x0000000000004094       0x38 zephyr/arch/arch/arm/core/cortex_m/libarch__arm__core__cortex_m.a(thread.c.obj)
                0x0000000000004094                arch_new_thread
 .text.z_check_thread_stack_fail
                0x00000000000040cc       0x2c zephyr/arch/arch/arm/core/cortex_m/libarch__arm__core__cortex_m.a(thread.c.obj)
                0x00000000000040cc                z_check_thread_stack_fail
 .text.arch_switch_to_main_thread
                0x00000000000040f8       0x38 zephyr/arch/arch/arm/core/cortex_m/libarch__arm__core__cortex_m.a(thread.c.obj)
                0x00000000000040f8                arch_switch_to_main_thread
 .text.z_arm_cpu_idle_init
                0x0000000000004130        0xc zephyr/arch/arch/arm/core/cortex_m/libarch__arm__core__cortex_m.a(cpu_idle.S.obj)
                0x0000000000004130                z_arm_cpu_idle_init
 .text.arch_cpu_idle
                0x000000000000413c       0x1c zephyr/arch/arch/arm/core/cortex_m/libarch__arm__core__cortex_m.a(cpu_idle.S.obj)
                0x000000000000413c                arch_cpu_idle
 .text.arch_cpu_atomic_idle
                0x0000000000004158       0x18 zephyr/arch/arch/arm/core/cortex_m/libarch__arm__core__cortex_m.a(cpu_idle.S.obj)
                0x0000000000004158                arch_cpu_atomic_idle
 .text.z_arm_interrupt_init
                0x0000000000004170       0x18 zephyr/arch/arch/arm/core/cortex_m/libarch__arm__core__cortex_m.a(irq_init.c.obj)
                0x0000000000004170                z_arm_interrupt_init
 .text._isr_wrapper
                0x0000000000004188       0x28 zephyr/arch/arch/arm/core/cortex_m/libarch__arm__core__cortex_m.a(isr_wrapper.S.obj)
                0x0000000000004188                _isr_wrapper
 .text.z_arm_configure_static_mpu_regions
                0x00000000000041b0       0x18 zephyr/arch/arch/arm/core/mpu/libarch__arm__core__mpu.a(arm_core_mpu.c.obj)
                0x00000000000041b0                z_arm_configure_static_mpu_regions
 .text.z_arm_configure_dynamic_mpu_regions
                0x00000000000041c8       0x20 zephyr/arch/arch/arm/core/mpu/libarch__arm__core__mpu.a(arm_core_mpu.c.obj)
                0x00000000000041c8                z_arm_configure_dynamic_mpu_regions
 .text.region_allocate_and_init
                0x00000000000041e8       0x54 zephyr/arch/arch/arm/core/mpu/libarch__arm__core__mpu.a(arm_mpu.c.obj)
 .text.mpu_configure_regions
                0x000000000000423c       0x68 zephyr/arch/arch/arm/core/mpu/libarch__arm__core__mpu.a(arm_mpu.c.obj)
 .text.arm_core_mpu_enable
                0x00000000000042a4       0x18 zephyr/arch/arch/arm/core/mpu/libarch__arm__core__mpu.a(arm_mpu.c.obj)
                0x00000000000042a4                arm_core_mpu_enable
 .text.arm_core_mpu_disable
                0x00000000000042bc       0x14 zephyr/arch/arch/arm/core/mpu/libarch__arm__core__mpu.a(arm_mpu.c.obj)
                0x00000000000042bc                arm_core_mpu_disable
 .text.arm_core_mpu_configure_static_mpu_regions
                0x00000000000042d0       0x14 zephyr/arch/arch/arm/core/mpu/libarch__arm__core__mpu.a(arm_mpu.c.obj)
                0x00000000000042d0                arm_core_mpu_configure_static_mpu_regions
 .text.arm_core_mpu_configure_dynamic_mpu_regions
                0x00000000000042e4       0x38 zephyr/arch/arch/arm/core/mpu/libarch__arm__core__mpu.a(arm_mpu.c.obj)
                0x00000000000042e4                arm_core_mpu_configure_dynamic_mpu_regions
 .text.z_arm_mpu_init
                0x000000000000431c      0x180 zephyr/arch/arch/arm/core/mpu/libarch__arm__core__mpu.a(arm_mpu.c.obj)
                0x000000000000431c                z_arm_mpu_init
 .text.z_impl_zephyr_fputc
                0x000000000000449c       0x10 zephyr/lib/libc/picolibc/liblib__libc__picolibc.a(libc-hooks.c.obj)
                0x000000000000449c                z_impl_zephyr_fputc
 .text.__stdout_hook_install
                0x00000000000044ac       0x18 zephyr/lib/libc/picolibc/liblib__libc__picolibc.a(libc-hooks.c.obj)
                0x00000000000044ac                __stdout_hook_install
 .text.cbvprintf
                0x00000000000044c4       0x38 zephyr/lib/libc/picolibc/liblib__libc__picolibc.a(libc-hooks.c.obj)
                0x00000000000044c4                cbvprintf
 .text.malloc_prepare
                0x00000000000044fc       0x24 zephyr/lib/libc/common/liblib__libc__common.a(malloc.c.obj)
 .text.nordicsemi_nrf52_init
                0x0000000000004520       0x10 zephyr/soc/soc/arm/nordic_nrf/libsoc__arm__nordic_nrf.a(soc.c.obj)
 .text.arch_busy_wait
                0x0000000000004530       0x14 zephyr/soc/soc/arm/nordic_nrf/libsoc__arm__nordic_nrf.a(soc.c.obj)
                0x0000000000004530                arch_busy_wait
 .text.z_arm_platform_init
                0x0000000000004544        0x4 zephyr/soc/soc/arm/nordic_nrf/libsoc__arm__nordic_nrf.a(soc_nrf_common.S.obj)
                0x0000000000004544                z_arm_platform_init
 .text.xoshiro128_initialize
                0x0000000000004548       0x18 zephyr/subsys/random/libsubsys__random.a(rand32_xoshiro128.c.obj)
 .text.bt_hex   0x0000000000004560       0x44 zephyr/subsys/bluetooth/common/libsubsys__bluetooth__common.a(bt_str.c.obj)
                0x0000000000004560                bt_hex
 .text.bt_addr_le_str
                0x00000000000045a4       0x7c zephyr/subsys/bluetooth/common/libsubsys__bluetooth__common.a(bt_str.c.obj)
                0x00000000000045a4                bt_addr_le_str
 .text.ecc_process
                0x0000000000004620      0x1a0 zephyr/subsys/bluetooth/host/libsubsys__bluetooth__host.a(hci_ecc.c.obj)
 .text.le_gen_dhkey
                0x00000000000047c0       0x98 zephyr/subsys/bluetooth/host/libsubsys__bluetooth__host.a(hci_ecc.c.obj)
 .text.bt_hci_ecc_send
                0x0000000000004858       0xdc zephyr/subsys/bluetooth/host/libsubsys__bluetooth__host.a(hci_ecc.c.obj)
                0x0000000000004858                bt_hci_ecc_send
 .text.long_wq_init
                0x0000000000004934       0x38 zephyr/subsys/bluetooth/host/libsubsys__bluetooth__host.a(long_wq.c.obj)
 .text.bt_long_wq_schedule
                0x000000000000496c        0xc zephyr/subsys/bluetooth/host/libsubsys__bluetooth__host.a(long_wq.c.obj)
                0x000000000000496c                bt_long_wq_schedule
 .text.bt_long_wq_submit
                0x0000000000004978        0xc zephyr/subsys/bluetooth/host/libsubsys__bluetooth__host.a(long_wq.c.obj)
                0x0000000000004978                bt_long_wq_submit
 .text.uuid_to_uuid128
                0x0000000000004984       0x78 zephyr/subsys/bluetooth/host/libsubsys__bluetooth__host.a(uuid.c.obj)
 .text.bt_buf_get_rx
                0x00000000000049fc       0x20 zephyr/subsys/bluetooth/host/libsubsys__bluetooth__host.a(buf.c.obj)
                0x00000000000049fc                bt_buf_get_rx
 .text.bt_buf_get_evt
                0x0000000000004a1c       0x38 zephyr/subsys/bluetooth/host/libsubsys__bluetooth__host.a(buf.c.obj)
                0x0000000000004a1c                bt_buf_get_evt
 .text.hci_data_buf_overflow
                0x0000000000004a54       0x18 zephyr/subsys/bluetooth/host/libsubsys__bluetooth__host.a(hci_core.c.obj)
 .text.hci_disconn_complete_prio
                0x0000000000004a6c       0x44 zephyr/subsys/bluetooth/host/libsubsys__bluetooth__host.a(hci_core.c.obj)
 .text.hci_disconn_complete
                0x0000000000004ab0       0x44 zephyr/subsys/bluetooth/host/libsubsys__bluetooth__host.a(hci_core.c.obj)
 .text.le_phy_update_complete
                0x0000000000004af4       0x34 zephyr/subsys/bluetooth/host/libsubsys__bluetooth__host.a(hci_core.c.obj)
 .text.le_data_len_change
                0x0000000000004b28       0x30 zephyr/subsys/bluetooth/host/libsubsys__bluetooth__host.a(hci_core.c.obj)
 .text.hci_hardware_error
                0x0000000000004b58       0x24 zephyr/subsys/bluetooth/host/libsubsys__bluetooth__host.a(hci_core.c.obj)
 .text.find_pending_connect.part.0
                0x0000000000004b7c       0x2c zephyr/subsys/bluetooth/host/libsubsys__bluetooth__host.a(hci_core.c.obj)
 .text.le_conn_param_neg_reply.part.0
                0x0000000000004ba8       0x14 zephyr/subsys/bluetooth/host/libsubsys__bluetooth__host.a(hci_core.c.obj)
 .text.handle_event.part.0
                0x0000000000004bbc       0x48 zephyr/subsys/bluetooth/host/libsubsys__bluetooth__host.a(hci_core.c.obj)
 .text.handle_event
                0x0000000000004c04       0x50 zephyr/subsys/bluetooth/host/libsubsys__bluetooth__host.a(hci_core.c.obj)
 .text.hci_le_meta_event
                0x0000000000004c54       0x20 zephyr/subsys/bluetooth/host/libsubsys__bluetooth__host.a(hci_core.c.obj)
 .text.le_remote_feat_complete
                0x0000000000004c74       0x54 zephyr/subsys/bluetooth/host/libsubsys__bluetooth__host.a(hci_core.c.obj)
 .text.hci_cmd_done.part.0
                0x0000000000004cc8      0x148 zephyr/subsys/bluetooth/host/libsubsys__bluetooth__host.a(hci_core.c.obj)
 .text.hci_cmd_status
                0x0000000000004e10       0x30 zephyr/subsys/bluetooth/host/libsubsys__bluetooth__host.a(hci_core.c.obj)
 .text.hci_tx_thread
                0x0000000000004e40      0x15c zephyr/subsys/bluetooth/host/libsubsys__bluetooth__host.a(hci_core.c.obj)
 .text.hci_cmd_complete
                0x0000000000004f9c       0x50 zephyr/subsys/bluetooth/host/libsubsys__bluetooth__host.a(hci_core.c.obj)
 .text.hci_num_completed_packets
                0x0000000000004fec      0x130 zephyr/subsys/bluetooth/host/libsubsys__bluetooth__host.a(hci_core.c.obj)
 .text.le_conn_update_complete
                0x000000000000511c       0xcc zephyr/subsys/bluetooth/host/libsubsys__bluetooth__host.a(hci_core.c.obj)
 .text.bt_hci_cmd_state_set_init
                0x00000000000051e8       0x24 zephyr/subsys/bluetooth/host/libsubsys__bluetooth__host.a(hci_core.c.obj)
                0x00000000000051e8                bt_hci_cmd_state_set_init
 .text.bt_hci_cmd_create
                0x000000000000520c       0x74 zephyr/subsys/bluetooth/host/libsubsys__bluetooth__host.a(hci_core.c.obj)
                0x000000000000520c                bt_hci_cmd_create
 .text.bt_hci_cmd_send
                0x0000000000005280       0x58 zephyr/subsys/bluetooth/host/libsubsys__bluetooth__host.a(hci_core.c.obj)
                0x0000000000005280                bt_hci_cmd_send
 .text.le_ltk_request
                0x00000000000052d8       0xc0 zephyr/subsys/bluetooth/host/libsubsys__bluetooth__host.a(hci_core.c.obj)
 .text.le_conn_param_req
                0x0000000000005398       0xc0 zephyr/subsys/bluetooth/host/libsubsys__bluetooth__host.a(hci_core.c.obj)
 .text.bt_hci_cmd_send_sync
                0x0000000000005458       0xf0 zephyr/subsys/bluetooth/host/libsubsys__bluetooth__host.a(hci_core.c.obj)
                0x0000000000005458                bt_hci_cmd_send_sync
 .text.hci_le_read_max_data_len
                0x0000000000005548       0x44 zephyr/subsys/bluetooth/host/libsubsys__bluetooth__host.a(hci_core.c.obj)
 .text.bt_hci_le_rand
                0x000000000000558c       0x58 zephyr/subsys/bluetooth/host/libsubsys__bluetooth__host.a(hci_core.c.obj)
                0x000000000000558c                bt_hci_le_rand
 .text.bt_hci_le_enh_conn_complete
                0x00000000000055e4      0x2bc zephyr/subsys/bluetooth/host/libsubsys__bluetooth__host.a(hci_core.c.obj)
                0x00000000000055e4                bt_hci_le_enh_conn_complete
 .text.le_legacy_conn_complete
                0x00000000000058a0       0x70 zephyr/subsys/bluetooth/host/libsubsys__bluetooth__host.a(hci_core.c.obj)
 .text.bt_security_err_get
                0x0000000000005910       0x10 zephyr/subsys/bluetooth/host/libsubsys__bluetooth__host.a(hci_core.c.obj)
                0x0000000000005910                bt_security_err_get
 .text.hci_encrypt_key_refresh_complete
                0x0000000000005920       0x88 zephyr/subsys/bluetooth/host/libsubsys__bluetooth__host.a(hci_core.c.obj)
 .text.hci_encrypt_change
                0x00000000000059a8       0x9c zephyr/subsys/bluetooth/host/libsubsys__bluetooth__host.a(hci_core.c.obj)
 .text.bt_hci_get_ver_str
                0x0000000000005a44       0x3c zephyr/subsys/bluetooth/host/libsubsys__bluetooth__host.a(hci_core.c.obj)
                0x0000000000005a44                bt_hci_get_ver_str
 .text.hci_event_prio
                0x0000000000005a80       0x9c zephyr/subsys/bluetooth/host/libsubsys__bluetooth__host.a(hci_core.c.obj)
                0x0000000000005a80                hci_event_prio
 .text.bt_recv  0x0000000000005b1c      0x104 zephyr/subsys/bluetooth/host/libsubsys__bluetooth__host.a(hci_core.c.obj)
                0x0000000000005b1c                bt_recv
 .text.bt_recv_prio
                0x0000000000005c20       0x3c zephyr/subsys/bluetooth/host/libsubsys__bluetooth__host.a(hci_core.c.obj)
                0x0000000000005c20                bt_recv_prio
 .text.bt_hci_driver_register
                0x0000000000005c5c       0x28 zephyr/subsys/bluetooth/host/libsubsys__bluetooth__host.a(hci_core.c.obj)
                0x0000000000005c5c                bt_hci_driver_register
 .text.bt_finalize_init
                0x0000000000005c84      0x134 zephyr/subsys/bluetooth/host/libsubsys__bluetooth__host.a(hci_core.c.obj)
                0x0000000000005c84                bt_finalize_init
 .text.init_work
                0x0000000000005db8       0x18 zephyr/subsys/bluetooth/host/libsubsys__bluetooth__host.a(hci_core.c.obj)
 .text.bt_enable
                0x0000000000005dd0       0xd8 zephyr/subsys/bluetooth/host/libsubsys__bluetooth__host.a(hci_core.c.obj)
                0x0000000000005dd0                bt_enable
 .text.bt_is_ready
                0x0000000000005ea8       0x18 zephyr/subsys/bluetooth/host/libsubsys__bluetooth__host.a(hci_core.c.obj)
                0x0000000000005ea8                bt_is_ready
 .text.bt_get_name
                0x0000000000005ec0        0x8 zephyr/subsys/bluetooth/host/libsubsys__bluetooth__host.a(hci_core.c.obj)
                0x0000000000005ec0                bt_get_name
 .text.id_find  0x0000000000005ec8       0x30 zephyr/subsys/bluetooth/host/libsubsys__bluetooth__host.a(id.c.obj)
 .text.id_create.constprop.0
                0x0000000000005ef8       0x5c zephyr/subsys/bluetooth/host/libsubsys__bluetooth__host.a(id.c.obj)
 .text.set_random_address
                0x0000000000005f54       0x58 zephyr/subsys/bluetooth/host/libsubsys__bluetooth__host.a(id.c.obj)
 .text.bt_id_add.part.0
                0x0000000000005fac      0x14c zephyr/subsys/bluetooth/host/libsubsys__bluetooth__host.a(id.c.obj)
 .text.bt_id_del.part.0
                0x00000000000060f8      0x10c zephyr/subsys/bluetooth/host/libsubsys__bluetooth__host.a(id.c.obj)
 .text.bt_id_pending_keys_update
                0x0000000000006204       0x34 zephyr/subsys/bluetooth/host/libsubsys__bluetooth__host.a(id.c.obj)
                0x0000000000006204                bt_id_pending_keys_update
 .text.bt_id_find_conflict
                0x0000000000006238       0x20 zephyr/subsys/bluetooth/host/libsubsys__bluetooth__host.a(id.c.obj)
                0x0000000000006238                bt_id_find_conflict
 .text.bt_id_add
                0x0000000000006258       0x34 zephyr/subsys/bluetooth/host/libsubsys__bluetooth__host.a(id.c.obj)
                0x0000000000006258                bt_id_add
 .text.bt_id_del
                0x000000000000628c       0x38 zephyr/subsys/bluetooth/host/libsubsys__bluetooth__host.a(id.c.obj)
                0x000000000000628c                bt_id_del
 .text.bt_id_create
                0x00000000000062c4       0x9c zephyr/subsys/bluetooth/host/libsubsys__bluetooth__host.a(id.c.obj)
                0x00000000000062c4                bt_id_create
 .text.bt_id_read_public_addr
                0x0000000000006360       0x88 zephyr/subsys/bluetooth/host/libsubsys__bluetooth__host.a(id.c.obj)
                0x0000000000006360                bt_id_read_public_addr
 .text.bt_setup_public_id_addr
                0x00000000000063e8       0x20 zephyr/subsys/bluetooth/host/libsubsys__bluetooth__host.a(id.c.obj)
                0x00000000000063e8                bt_setup_public_id_addr
 .text.bt_read_static_addr
                0x0000000000006408       0x94 zephyr/subsys/bluetooth/host/libsubsys__bluetooth__host.a(id.c.obj)
                0x0000000000006408                bt_read_static_addr
 .text.bt_setup_random_id_addr
                0x000000000000649c       0x60 zephyr/subsys/bluetooth/host/libsubsys__bluetooth__host.a(id.c.obj)
                0x000000000000649c                bt_setup_random_id_addr
 .text.bt_id_set_adv_own_addr
                0x00000000000064fc       0xd4 zephyr/subsys/bluetooth/host/libsubsys__bluetooth__host.a(id.c.obj)
                0x00000000000064fc                bt_id_set_adv_own_addr
 .text.bt_id_init
                0x00000000000065d0       0x54 zephyr/subsys/bluetooth/host/libsubsys__bluetooth__host.a(id.c.obj)
                0x00000000000065d0                bt_id_init
 .text.hci_set_ad
                0x0000000000006624       0xd0 zephyr/subsys/bluetooth/host/libsubsys__bluetooth__host.a(adv.c.obj)
 .text.adv_is_directed
                0x00000000000066f4       0x18 zephyr/subsys/bluetooth/host/libsubsys__bluetooth__host.a(adv.c.obj)
 .text.le_adv_start_add_conn
                0x000000000000670c       0x60 zephyr/subsys/bluetooth/host/libsubsys__bluetooth__host.a(adv.c.obj)
 .text.valid_adv_param
                0x000000000000676c       0x84 zephyr/subsys/bluetooth/host/libsubsys__bluetooth__host.a(adv.c.obj)
 .text.bt_le_ext_adv_foreach
                0x00000000000067f0        0xc zephyr/subsys/bluetooth/host/libsubsys__bluetooth__host.a(adv.c.obj)
                0x00000000000067f0                bt_le_ext_adv_foreach
 .text.bt_le_adv_lookup_legacy
                0x00000000000067fc        0x8 zephyr/subsys/bluetooth/host/libsubsys__bluetooth__host.a(adv.c.obj)
                0x00000000000067fc                bt_le_adv_lookup_legacy
 .text.bt_le_adv_start_legacy
                0x0000000000006804      0x278 zephyr/subsys/bluetooth/host/libsubsys__bluetooth__host.a(adv.c.obj)
                0x0000000000006804                bt_le_adv_start_legacy
 .text.bt_le_adv_start
                0x0000000000006a7c       0x64 zephyr/subsys/bluetooth/host/libsubsys__bluetooth__host.a(adv.c.obj)
                0x0000000000006a7c                bt_le_adv_start
 .text.bt_le_adv_stop
                0x0000000000006ae0       0x78 zephyr/subsys/bluetooth/host/libsubsys__bluetooth__host.a(adv.c.obj)
                0x0000000000006ae0                bt_le_adv_stop
 .text.adv_timeout
                0x0000000000006b58       0x24 zephyr/subsys/bluetooth/host/libsubsys__bluetooth__host.a(adv.c.obj)
 .text.bt_le_adv_resume
                0x0000000000006b7c       0xe8 zephyr/subsys/bluetooth/host/libsubsys__bluetooth__host.a(adv.c.obj)
                0x0000000000006b7c                bt_le_adv_resume
 .text.bt_pub_key_is_debug
                0x0000000000006c64       0x18 zephyr/subsys/bluetooth/host/libsubsys__bluetooth__host.a(ecc.c.obj)
                0x0000000000006c64                bt_pub_key_is_debug
 .text.bt_pub_key_gen
                0x0000000000006c7c      0x104 zephyr/subsys/bluetooth/host/libsubsys__bluetooth__host.a(ecc.c.obj)
                0x0000000000006c7c                bt_pub_key_gen
 .text.bt_pub_key_get
                0x0000000000006d80       0x20 zephyr/subsys/bluetooth/host/libsubsys__bluetooth__host.a(ecc.c.obj)
                0x0000000000006d80                bt_pub_key_get
 .text.bt_dh_key_gen
                0x0000000000006da0       0xa4 zephyr/subsys/bluetooth/host/libsubsys__bluetooth__host.a(ecc.c.obj)
                0x0000000000006da0                bt_dh_key_gen
 .text.bt_hci_evt_le_pkey_complete
                0x0000000000006e44       0x84 zephyr/subsys/bluetooth/host/libsubsys__bluetooth__host.a(ecc.c.obj)
                0x0000000000006e44                bt_hci_evt_le_pkey_complete
 .text.bt_hci_evt_le_dhkey_complete
                0x0000000000006ec8       0x1c zephyr/subsys/bluetooth/host/libsubsys__bluetooth__host.a(ecc.c.obj)
                0x0000000000006ec8                bt_hci_evt_le_dhkey_complete
 .text.notify_connected
                0x0000000000006ee4       0x3c zephyr/subsys/bluetooth/host/libsubsys__bluetooth__host.a(conn.c.obj)
 .text.tx_complete_work
                0x0000000000006f20       0x6c zephyr/subsys/bluetooth/host/libsubsys__bluetooth__host.a(conn.c.obj)
 .text.conn_tx_destroy
                0x0000000000006f8c       0x2c zephyr/subsys/bluetooth/host/libsubsys__bluetooth__host.a(conn.c.obj)
 .text.send_frag
                0x0000000000006fb8      0x178 zephyr/subsys/bluetooth/host/libsubsys__bluetooth__host.a(conn.c.obj)
 .text.bt_conn_create_pdu_timeout.part.0
                0x0000000000007130       0x18 zephyr/subsys/bluetooth/host/libsubsys__bluetooth__host.a(conn.c.obj)
 .text.bt_conn_get_pkts
                0x0000000000007148       0x18 zephyr/subsys/bluetooth/host/libsubsys__bluetooth__host.a(conn.c.obj)
                0x0000000000007148                bt_conn_get_pkts
 .text.bt_conn_new
                0x0000000000007160       0x64 zephyr/subsys/bluetooth/host/libsubsys__bluetooth__host.a(conn.c.obj)
                0x0000000000007160                bt_conn_new
 .text.bt_conn_recv
                0x00000000000071c4      0x104 zephyr/subsys/bluetooth/host/libsubsys__bluetooth__host.a(conn.c.obj)
                0x00000000000071c4                bt_conn_recv
 .text.bt_conn_send_cb
                0x00000000000072c8       0xe8 zephyr/subsys/bluetooth/host/libsubsys__bluetooth__host.a(conn.c.obj)
                0x00000000000072c8                bt_conn_send_cb
 .text.bt_conn_prepare_events
                0x00000000000073b0       0x94 zephyr/subsys/bluetooth/host/libsubsys__bluetooth__host.a(conn.c.obj)
                0x00000000000073b0                bt_conn_prepare_events
 .text.bt_conn_unref
                0x0000000000007444       0x70 zephyr/subsys/bluetooth/host/libsubsys__bluetooth__host.a(conn.c.obj)
                0x0000000000007444                bt_conn_unref
 .text.bt_conn_set_state
                0x00000000000074b4      0x22c zephyr/subsys/bluetooth/host/libsubsys__bluetooth__host.a(conn.c.obj)
                0x00000000000074b4                bt_conn_set_state
 .text.bt_conn_lookup_handle
                0x00000000000076e0       0x40 zephyr/subsys/bluetooth/host/libsubsys__bluetooth__host.a(conn.c.obj)
                0x00000000000076e0                bt_conn_lookup_handle
 .text.bt_conn_foreach
                0x0000000000007720       0x30 zephyr/subsys/bluetooth/host/libsubsys__bluetooth__host.a(conn.c.obj)
                0x0000000000007720                bt_conn_foreach
 .text.bt_conn_index
                0x0000000000007750       0x18 zephyr/subsys/bluetooth/host/libsubsys__bluetooth__host.a(conn.c.obj)
                0x0000000000007750                bt_conn_index
 .text.bt_conn_create_pdu_timeout
                0x0000000000007768       0x2c zephyr/subsys/bluetooth/host/libsubsys__bluetooth__host.a(conn.c.obj)
                0x0000000000007768                bt_conn_create_pdu_timeout
 .text.notify_le_param_updated
                0x0000000000007794       0x88 zephyr/subsys/bluetooth/host/libsubsys__bluetooth__host.a(conn.c.obj)
                0x0000000000007794                notify_le_param_updated
 .text.le_param_req
                0x000000000000781c       0x74 zephyr/subsys/bluetooth/host/libsubsys__bluetooth__host.a(conn.c.obj)
                0x000000000000781c                le_param_req
 .text.bt_conn_identity_resolved
                0x0000000000007890       0x5c zephyr/subsys/bluetooth/host/libsubsys__bluetooth__host.a(conn.c.obj)
                0x0000000000007890                bt_conn_identity_resolved
 .text.bt_conn_security_changed
                0x00000000000078ec       0x4c zephyr/subsys/bluetooth/host/libsubsys__bluetooth__host.a(conn.c.obj)
                0x00000000000078ec                bt_conn_security_changed
 .text.bt_conn_add_le
                0x0000000000007938       0x3c zephyr/subsys/bluetooth/host/libsubsys__bluetooth__host.a(conn.c.obj)
                0x0000000000007938                bt_conn_add_le
 .text.bt_conn_lookup_addr_le
                0x0000000000007974       0x34 zephyr/subsys/bluetooth/host/libsubsys__bluetooth__host.a(conn.c.obj)
                0x0000000000007974                bt_conn_lookup_addr_le
 .text.bt_conn_exists_le
                0x00000000000079a8       0x70 zephyr/subsys/bluetooth/host/libsubsys__bluetooth__host.a(conn.c.obj)
                0x00000000000079a8                bt_conn_exists_le
 .text.bt_conn_lookup_state_le
                0x0000000000007a18       0x44 zephyr/subsys/bluetooth/host/libsubsys__bluetooth__host.a(conn.c.obj)
                0x0000000000007a18                bt_conn_lookup_state_le
 .text.send_conn_le_param_update
                0x0000000000007a5c       0x6c zephyr/subsys/bluetooth/host/libsubsys__bluetooth__host.a(conn.c.obj)
 .text.deferred_work
                0x0000000000007ac8      0x100 zephyr/subsys/bluetooth/host/libsubsys__bluetooth__host.a(conn.c.obj)
 .text.bt_conn_create_frag_timeout
                0x0000000000007bc8        0xc zephyr/subsys/bluetooth/host/libsubsys__bluetooth__host.a(conn.c.obj)
                0x0000000000007bc8                bt_conn_create_frag_timeout
 .text.bt_conn_process_tx
                0x0000000000007bd4      0x114 zephyr/subsys/bluetooth/host/libsubsys__bluetooth__host.a(conn.c.obj)
                0x0000000000007bd4                bt_conn_process_tx
 .text.bt_conn_auth_cb_register
                0x0000000000007ce8       0x34 zephyr/subsys/bluetooth/host/libsubsys__bluetooth__host.a(conn.c.obj)
                0x0000000000007ce8                bt_conn_auth_cb_register
 .text.bt_conn_init
                0x0000000000007d1c       0x44 zephyr/subsys/bluetooth/host/libsubsys__bluetooth__host.a(conn.c.obj)
                0x0000000000007d1c                bt_conn_init
 .text.l2cap_create_le_sig_pdu.part.0
                0x0000000000007d60       0x1c zephyr/subsys/bluetooth/host/libsubsys__bluetooth__host.a(l2cap.c.obj)
 .text.l2cap_accept.part.0
                0x0000000000007d7c       0x30 zephyr/subsys/bluetooth/host/libsubsys__bluetooth__host.a(l2cap.c.obj)
 .text.l2cap_accept
                0x0000000000007dac       0x1c zephyr/subsys/bluetooth/host/libsubsys__bluetooth__host.a(l2cap.c.obj)
 .text.bt_l2cap_connected
                0x0000000000007dc8       0x9c zephyr/subsys/bluetooth/host/libsubsys__bluetooth__host.a(l2cap.c.obj)
                0x0000000000007dc8                bt_l2cap_connected
 .text.l2cap_recv.part.0
                0x0000000000007e64       0xac zephyr/subsys/bluetooth/host/libsubsys__bluetooth__host.a(l2cap.c.obj)
 .text.l2cap_recv
                0x0000000000007f10       0x24 zephyr/subsys/bluetooth/host/libsubsys__bluetooth__host.a(l2cap.c.obj)
 .text.bt_l2cap_recv
                0x0000000000007f34       0x58 zephyr/subsys/bluetooth/host/libsubsys__bluetooth__host.a(l2cap.c.obj)
                0x0000000000007f34                bt_l2cap_recv
 .text.bt_l2cap_update_conn_param
                0x0000000000007f8c       0x64 zephyr/subsys/bluetooth/host/libsubsys__bluetooth__host.a(l2cap.c.obj)
                0x0000000000007f8c                bt_l2cap_update_conn_param
 .text.att_op_get_type
                0x0000000000007ff0       0x74 zephyr/subsys/bluetooth/host/libsubsys__bluetooth__host.a(att.c.obj)
 .text.bt_att_released
                0x0000000000008064        0xc zephyr/subsys/bluetooth/host/libsubsys__bluetooth__host.a(att.c.obj)
 .text.bt_att_connected
                0x0000000000008070       0x40 zephyr/subsys/bluetooth/host/libsubsys__bluetooth__host.a(att.c.obj)
 .text.read_group_cb
                0x00000000000080b0       0xb8 zephyr/subsys/bluetooth/host/libsubsys__bluetooth__host.a(att.c.obj)
 .text.bt_att_accept
                0x0000000000008168      0x128 zephyr/subsys/bluetooth/host/libsubsys__bluetooth__host.a(att.c.obj)
 .text.read_type_cb
                0x0000000000008290       0xac zephyr/subsys/bluetooth/host/libsubsys__bluetooth__host.a(att.c.obj)
 .text.bt_att_chan_create_pdu
                0x000000000000833c       0x94 zephyr/subsys/bluetooth/host/libsubsys__bluetooth__host.a(att.c.obj)
 .text.find_type_cb
                0x00000000000083d0      0x164 zephyr/subsys/bluetooth/host/libsubsys__bluetooth__host.a(att.c.obj)
 .text.chan_send
                0x0000000000008534       0xe8 zephyr/subsys/bluetooth/host/libsubsys__bluetooth__host.a(att.c.obj)
 .text.att_tx_destroy
                0x000000000000861c      0x110 zephyr/subsys/bluetooth/host/libsubsys__bluetooth__host.a(att.c.obj)
 .text.bt_att_recv
                0x000000000000872c       0xc8 zephyr/subsys/bluetooth/host/libsubsys__bluetooth__host.a(att.c.obj)
 .text.att_write_rsp.constprop.0
                0x00000000000087f4       0xc0 zephyr/subsys/bluetooth/host/libsubsys__bluetooth__host.a(att.c.obj)
 .text.att_get  0x00000000000088b4       0x4c zephyr/subsys/bluetooth/host/libsubsys__bluetooth__host.a(att.c.obj)
 .text.bt_att_create_pdu
                0x0000000000008900       0x64 zephyr/subsys/bluetooth/host/libsubsys__bluetooth__host.a(att.c.obj)
                0x0000000000008900                bt_att_create_pdu
 .text.bt_att_create_rsp_pdu
                0x0000000000008964       0x60 zephyr/subsys/bluetooth/host/libsubsys__bluetooth__host.a(att.c.obj)
                0x0000000000008964                bt_att_create_rsp_pdu
 .text.att_read_group_req
                0x00000000000089c4       0xf0 zephyr/subsys/bluetooth/host/libsubsys__bluetooth__host.a(att.c.obj)
 .text.att_read_mult_vl_req
                0x0000000000008ab4       0x9c zephyr/subsys/bluetooth/host/libsubsys__bluetooth__host.a(att.c.obj)
 .text.att_read_mult_req
                0x0000000000008b50       0x9c zephyr/subsys/bluetooth/host/libsubsys__bluetooth__host.a(att.c.obj)
 .text.att_read_rsp
                0x0000000000008bec       0x90 zephyr/subsys/bluetooth/host/libsubsys__bluetooth__host.a(att.c.obj)
 .text.att_read_type_req
                0x0000000000008c7c       0xbc zephyr/subsys/bluetooth/host/libsubsys__bluetooth__host.a(att.c.obj)
 .text.att_find_type_req
                0x0000000000008d38       0xc0 zephyr/subsys/bluetooth/host/libsubsys__bluetooth__host.a(att.c.obj)
 .text.att_find_info_req
                0x0000000000008df8       0x6c zephyr/subsys/bluetooth/host/libsubsys__bluetooth__host.a(att.c.obj)
 .text.bt_att_req_alloc
                0x0000000000008e64       0x50 zephyr/subsys/bluetooth/host/libsubsys__bluetooth__host.a(att.c.obj)
                0x0000000000008e64                bt_att_req_alloc
 .text.bt_att_req_free
                0x0000000000008eb4       0x20 zephyr/subsys/bluetooth/host/libsubsys__bluetooth__host.a(att.c.obj)
                0x0000000000008eb4                bt_att_req_free
 .text.att_handle_rsp
                0x0000000000008ed4       0x80 zephyr/subsys/bluetooth/host/libsubsys__bluetooth__host.a(att.c.obj)
 .text.bt_att_disconnected
                0x0000000000008f54       0xc8 zephyr/subsys/bluetooth/host/libsubsys__bluetooth__host.a(att.c.obj)
 .text.att_timeout
                0x000000000000901c       0xc8 zephyr/subsys/bluetooth/host/libsubsys__bluetooth__host.a(att.c.obj)
 .text.bt_att_set_tx_meta_data
                0x00000000000090e4       0x24 zephyr/subsys/bluetooth/host/libsubsys__bluetooth__host.a(att.c.obj)
                0x00000000000090e4                bt_att_set_tx_meta_data
 .text.find_cf_cfg
                0x0000000000009108       0x5c zephyr/subsys/bluetooth/host/libsubsys__bluetooth__host.a(gatt.c.obj)
 .text.find_sc_cfg
                0x0000000000009164       0x40 zephyr/subsys/bluetooth/host/libsubsys__bluetooth__host.a(gatt.c.obj)
 .text.find_ccc_cfg
                0x00000000000091a4       0x48 zephyr/subsys/bluetooth/host/libsubsys__bluetooth__host.a(gatt.c.obj)
 .text.bt_gatt_attr_write_ccc
                0x00000000000091ec       0xbc zephyr/subsys/bluetooth/host/libsubsys__bluetooth__host.a(gatt.c.obj)
                0x00000000000091ec                bt_gatt_attr_write_ccc
 .text.clear_cf_cfg
                0x00000000000092a8       0x2c zephyr/subsys/bluetooth/host/libsubsys__bluetooth__host.a(gatt.c.obj)
 .text.sc_save  0x00000000000092d4       0x60 zephyr/subsys/bluetooth/host/libsubsys__bluetooth__host.a(gatt.c.obj)
 .text.disconnected_cb
                0x0000000000009334       0xb4 zephyr/subsys/bluetooth/host/libsubsys__bluetooth__host.a(gatt.c.obj)
 .text.read_ppcp
                0x00000000000093e8       0x38 zephyr/subsys/bluetooth/host/libsubsys__bluetooth__host.a(gatt.c.obj)
 .text.cf_write
                0x0000000000009420       0x98 zephyr/subsys/bluetooth/host/libsubsys__bluetooth__host.a(gatt.c.obj)
 .text.sc_indicate_rsp
                0x00000000000094b8       0x5c zephyr/subsys/bluetooth/host/libsubsys__bluetooth__host.a(gatt.c.obj)
 .text.bt_gatt_init
                0x0000000000009514       0x78 zephyr/subsys/bluetooth/host/libsubsys__bluetooth__host.a(gatt.c.obj)
                0x0000000000009514                bt_gatt_init
 .text.bt_gatt_attr_get_handle
                0x000000000000958c       0x60 zephyr/subsys/bluetooth/host/libsubsys__bluetooth__host.a(gatt.c.obj)
                0x000000000000958c                bt_gatt_attr_get_handle
 .text.bt_gatt_foreach_attr_type
                0x00000000000095ec       0xb4 zephyr/subsys/bluetooth/host/libsubsys__bluetooth__host.a(gatt.c.obj)
                0x00000000000095ec                bt_gatt_foreach_attr_type
 .text.db_hash_gen
                0x00000000000096a0       0x80 zephyr/subsys/bluetooth/host/libsubsys__bluetooth__host.a(gatt.c.obj)
 .text.db_hash_read
                0x0000000000009720       0x84 zephyr/subsys/bluetooth/host/libsubsys__bluetooth__host.a(gatt.c.obj)
 .text.db_hash_process
                0x00000000000097a4       0x1c zephyr/subsys/bluetooth/host/libsubsys__bluetooth__host.a(gatt.c.obj)
 .text.bt_gatt_attr_next
                0x00000000000097c0       0x24 zephyr/subsys/bluetooth/host/libsubsys__bluetooth__host.a(gatt.c.obj)
                0x00000000000097c0                bt_gatt_attr_next
 .text.gatt_indicate
                0x00000000000097e4       0xe4 zephyr/subsys/bluetooth/host/libsubsys__bluetooth__host.a(gatt.c.obj)
 .text.bt_gatt_indicate
                0x00000000000098c8       0xf4 zephyr/subsys/bluetooth/host/libsubsys__bluetooth__host.a(gatt.c.obj)
                0x00000000000098c8                bt_gatt_indicate
 .text.sc_process
                0x00000000000099bc       0x68 zephyr/subsys/bluetooth/host/libsubsys__bluetooth__host.a(gatt.c.obj)
 .text.update_ccc
                0x0000000000009a24      0x12c zephyr/subsys/bluetooth/host/libsubsys__bluetooth__host.a(gatt.c.obj)
 .text.gatt_notify
                0x0000000000009b50       0xb0 zephyr/subsys/bluetooth/host/libsubsys__bluetooth__host.a(gatt.c.obj)
 .text.bt_gatt_notify_cb
                0x0000000000009c00       0xec zephyr/subsys/bluetooth/host/libsubsys__bluetooth__host.a(gatt.c.obj)
                0x0000000000009c00                bt_gatt_notify_cb
 .text.notify_cb
                0x0000000000009cec      0x13c zephyr/subsys/bluetooth/host/libsubsys__bluetooth__host.a(gatt.c.obj)
 .text.bt_gatt_connected
                0x0000000000009e28       0x4c zephyr/subsys/bluetooth/host/libsubsys__bluetooth__host.a(gatt.c.obj)
                0x0000000000009e28                bt_gatt_connected
 .text.bt_gatt_att_max_mtu_changed
                0x0000000000009e74       0x28 zephyr/subsys/bluetooth/host/libsubsys__bluetooth__host.a(gatt.c.obj)
                0x0000000000009e74                bt_gatt_att_max_mtu_changed
 .text.bt_gatt_encrypt_change
                0x0000000000009e9c       0x28 zephyr/subsys/bluetooth/host/libsubsys__bluetooth__host.a(gatt.c.obj)
                0x0000000000009e9c                bt_gatt_encrypt_change
 .text.bt_gatt_disconnected
                0x0000000000009ec4       0x48 zephyr/subsys/bluetooth/host/libsubsys__bluetooth__host.a(gatt.c.obj)
                0x0000000000009ec4                bt_gatt_disconnected
 .text.smp_find
                0x0000000000009f0c       0x1c zephyr/subsys/bluetooth/host/libsubsys__bluetooth__host.a(smp.c.obj)
 .text.latch_auth_cb
                0x0000000000009f28       0x3c zephyr/subsys/bluetooth/host/libsubsys__bluetooth__host.a(smp.c.obj)
 .text.get_io_capa
                0x0000000000009f64       0x4c zephyr/subsys/bluetooth/host/libsubsys__bluetooth__host.a(smp.c.obj)
 .text.smp_chan_get.part.0
                0x0000000000009fb0       0x18 zephyr/subsys/bluetooth/host/libsubsys__bluetooth__host.a(smp.c.obj)
 .text.bt_smp_pkey_ready.part.0
                0x0000000000009fc8       0x14 zephyr/subsys/bluetooth/host/libsubsys__bluetooth__host.a(smp.c.obj)
 .text.smp_send.constprop.0
                0x0000000000009fdc       0x48 zephyr/subsys/bluetooth/host/libsubsys__bluetooth__host.a(smp.c.obj)
 .text.smp_init
                0x000000000000a024       0x38 zephyr/subsys/bluetooth/host/libsubsys__bluetooth__host.a(smp.c.obj)
 .text.smp_dhkey_generate
                0x000000000000a05c       0x3c zephyr/subsys/bluetooth/host/libsubsys__bluetooth__host.a(smp.c.obj)
 .text.smp_send_pairing_confirm
                0x000000000000a098       0x90 zephyr/subsys/bluetooth/host/libsubsys__bluetooth__host.a(smp.c.obj)
 .text.smp_public_key_periph
                0x000000000000a128      0x15c zephyr/subsys/bluetooth/host/libsubsys__bluetooth__host.a(smp.c.obj)
 .text.smp_public_key
                0x000000000000a284       0xac zephyr/subsys/bluetooth/host/libsubsys__bluetooth__host.a(smp.c.obj)
 .text.compute_and_check_and_send_periph_dhcheck
                0x000000000000a330      0x184 zephyr/subsys/bluetooth/host/libsubsys__bluetooth__host.a(smp.c.obj)
 .text.bt_smp_connected
                0x000000000000a4b4       0x54 zephyr/subsys/bluetooth/host/libsubsys__bluetooth__host.a(smp.c.obj)
 .text.smp_pairing_confirm
                0x000000000000a508       0x84 zephyr/subsys/bluetooth/host/libsubsys__bluetooth__host.a(smp.c.obj)
 .text.smp_pairing_random
                0x000000000000a58c      0x214 zephyr/subsys/bluetooth/host/libsubsys__bluetooth__host.a(smp.c.obj)
 .text.bt_smp_accept.part.0
                0x000000000000a7a0       0x30 zephyr/subsys/bluetooth/host/libsubsys__bluetooth__host.a(smp.c.obj)
 .text.bt_smp_accept
                0x000000000000a7d0       0x24 zephyr/subsys/bluetooth/host/libsubsys__bluetooth__host.a(smp.c.obj)
 .text.smp_ident_info
                0x000000000000a7f4       0x8c zephyr/subsys/bluetooth/host/libsubsys__bluetooth__host.a(smp.c.obj)
 .text.smp_encrypt_info
                0x000000000000a880       0x8c zephyr/subsys/bluetooth/host/libsubsys__bluetooth__host.a(smp.c.obj)
 .text.get_auth
                0x000000000000a90c       0x68 zephyr/subsys/bluetooth/host/libsubsys__bluetooth__host.a(smp.c.obj)
 .text.smp_pairing_req
                0x000000000000a974      0x378 zephyr/subsys/bluetooth/host/libsubsys__bluetooth__host.a(smp.c.obj)
 .text.bt_smp_start_security
                0x000000000000acec      0x18c zephyr/subsys/bluetooth/host/libsubsys__bluetooth__host.a(smp.c.obj)
                0x000000000000acec                bt_smp_start_security
 .text.smp_pairing_complete
                0x000000000000ae78      0x120 zephyr/subsys/bluetooth/host/libsubsys__bluetooth__host.a(smp.c.obj)
 .text.smp_error
                0x000000000000af98       0xa8 zephyr/subsys/bluetooth/host/libsubsys__bluetooth__host.a(smp.c.obj)
 .text.bt_smp_recv
                0x000000000000b040       0xe4 zephyr/subsys/bluetooth/host/libsubsys__bluetooth__host.a(smp.c.obj)
 .text.bt_smp_pkey_ready
                0x000000000000b124       0x48 zephyr/subsys/bluetooth/host/libsubsys__bluetooth__host.a(smp.c.obj)
 .text.smp_ident_addr_info
                0x000000000000b16c      0x1cc zephyr/subsys/bluetooth/host/libsubsys__bluetooth__host.a(smp.c.obj)
 .text.smp_central_ident
                0x000000000000b338       0xb0 zephyr/subsys/bluetooth/host/libsubsys__bluetooth__host.a(smp.c.obj)
 .text.smp_pairing_failed
                0x000000000000b3e8       0x60 zephyr/subsys/bluetooth/host/libsubsys__bluetooth__host.a(smp.c.obj)
 .text.bt_smp_encrypt_change
                0x000000000000b448      0x228 zephyr/subsys/bluetooth/host/libsubsys__bluetooth__host.a(smp.c.obj)
 .text.smp_timeout
                0x000000000000b670       0x30 zephyr/subsys/bluetooth/host/libsubsys__bluetooth__host.a(smp.c.obj)
 .text.bt_smp_update_keys
                0x000000000000b6a0      0x140 zephyr/subsys/bluetooth/host/libsubsys__bluetooth__host.a(smp.c.obj)
                0x000000000000b6a0                bt_smp_update_keys
 .text.bt_smp_init
                0x000000000000b7e0       0x2c zephyr/subsys/bluetooth/host/libsubsys__bluetooth__host.a(smp.c.obj)
                0x000000000000b7e0                bt_smp_init
 .text.bt_keys_get_addr
                0x000000000000b80c       0x4c zephyr/subsys/bluetooth/host/libsubsys__bluetooth__host.a(keys.c.obj)
                0x000000000000b80c                bt_keys_get_addr
 .text.bt_keys_foreach_type
                0x000000000000b858       0x1c zephyr/subsys/bluetooth/host/libsubsys__bluetooth__host.a(keys.c.obj)
                0x000000000000b858                bt_keys_foreach_type
 .text.bt_keys_find
                0x000000000000b874       0x38 zephyr/subsys/bluetooth/host/libsubsys__bluetooth__host.a(keys.c.obj)
                0x000000000000b874                bt_keys_find
 .text.bt_keys_find_irk
                0x000000000000b8ac       0x84 zephyr/subsys/bluetooth/host/libsubsys__bluetooth__host.a(keys.c.obj)
                0x000000000000b8ac                bt_keys_find_irk
 .text.bt_keys_find_addr
                0x000000000000b930       0x24 zephyr/subsys/bluetooth/host/libsubsys__bluetooth__host.a(keys.c.obj)
                0x000000000000b930                bt_keys_find_addr
 .text.bt_crypto_f5
                0x000000000000b954       0xd0 zephyr/subsys/bluetooth/crypto/libsubsys__bluetooth__crypto.a(bt_crypto.c.obj)
                0x000000000000b954                bt_crypto_f5
 .text.bt_crypto_g2
                0x000000000000ba24       0x5c zephyr/subsys/bluetooth/crypto/libsubsys__bluetooth__crypto.a(bt_crypto.c.obj)
                0x000000000000ba24                bt_crypto_g2
 .text.mem_init
                0x000000000000ba80       0x48 zephyr/subsys/bluetooth/controller/libsubsys__bluetooth__controller.a(mem.c.obj)
                0x000000000000ba80                mem_init
 .text.mem_acquire
                0x000000000000bac8       0x2c zephyr/subsys/bluetooth/controller/libsubsys__bluetooth__controller.a(mem.c.obj)
                0x000000000000bac8                mem_acquire
 .text.mem_release
                0x000000000000baf4       0x28 zephyr/subsys/bluetooth/controller/libsubsys__bluetooth__controller.a(mem.c.obj)
                0x000000000000baf4                mem_release
 .text.mem_get  0x000000000000bb1c        0x8 zephyr/subsys/bluetooth/controller/libsubsys__bluetooth__controller.a(mem.c.obj)
                0x000000000000bb1c                mem_get
 .text.mem_index_get
                0x000000000000bb24        0xc zephyr/subsys/bluetooth/controller/libsubsys__bluetooth__controller.a(mem.c.obj)
                0x000000000000bb24                mem_index_get
 .text.mem_rcopy
                0x000000000000bb30       0x1c zephyr/subsys/bluetooth/controller/libsubsys__bluetooth__controller.a(mem.c.obj)
                0x000000000000bb30                mem_rcopy
 .text.mem_nz   0x000000000000bb4c       0x18 zephyr/subsys/bluetooth/controller/libsubsys__bluetooth__controller.a(mem.c.obj)
                0x000000000000bb4c                mem_nz
 .text.memq_init
                0x000000000000bb64        0x8 zephyr/subsys/bluetooth/controller/libsubsys__bluetooth__controller.a(memq.c.obj)
                0x000000000000bb64                memq_init
 .text.memq_deinit
                0x000000000000bb6c       0x14 zephyr/subsys/bluetooth/controller/libsubsys__bluetooth__controller.a(memq.c.obj)
                0x000000000000bb6c                memq_deinit
 .text.memq_enqueue
                0x000000000000bb80       0x14 zephyr/subsys/bluetooth/controller/libsubsys__bluetooth__controller.a(memq.c.obj)
                0x000000000000bb80                memq_enqueue
 .text.memq_peek
                0x000000000000bb94       0x10 zephyr/subsys/bluetooth/controller/libsubsys__bluetooth__controller.a(memq.c.obj)
                0x000000000000bb94                memq_peek
 .text.memq_dequeue
                0x000000000000bba4       0x20 zephyr/subsys/bluetooth/controller/libsubsys__bluetooth__controller.a(memq.c.obj)
                0x000000000000bba4                memq_dequeue
 .text.mayfly_init
                0x000000000000bbc4       0x40 zephyr/subsys/bluetooth/controller/libsubsys__bluetooth__controller.a(mayfly.c.obj)
                0x000000000000bbc4                mayfly_init
 .text.mayfly_enable
                0x000000000000bc04       0x68 zephyr/subsys/bluetooth/controller/libsubsys__bluetooth__controller.a(mayfly.c.obj)
                0x000000000000bc04                mayfly_enable
 .text.mayfly_enqueue
                0x000000000000bc6c       0xbc zephyr/subsys/bluetooth/controller/libsubsys__bluetooth__controller.a(mayfly.c.obj)
                0x000000000000bc6c                mayfly_enqueue
 .text.mayfly_run
                0x000000000000bd28      0x174 zephyr/subsys/bluetooth/controller/libsubsys__bluetooth__controller.a(mayfly.c.obj)
                0x000000000000bd28                mayfly_run
 .text.util_ones_count_get
                0x000000000000be9c       0x28 zephyr/subsys/bluetooth/controller/libsubsys__bluetooth__controller.a(util.c.obj)
                0x000000000000be9c                util_ones_count_get
 .text.ticker_dequeue
                0x000000000000bec4       0x74 zephyr/subsys/bluetooth/controller/libsubsys__bluetooth__controller.a(ticker.c.obj)
 .text.ticks_to_expire_prep
                0x000000000000bf38       0x48 zephyr/subsys/bluetooth/controller/libsubsys__bluetooth__controller.a(ticker.c.obj)
 .text.start_us.constprop.0
                0x000000000000bf80       0xac zephyr/subsys/bluetooth/controller/libsubsys__bluetooth__controller.a(ticker.c.obj)
 .text.ticker_job_list_insert
                0x000000000000c02c      0x214 zephyr/subsys/bluetooth/controller/libsubsys__bluetooth__controller.a(ticker.c.obj)
 .text.ticker_worker
                0x000000000000c240      0x2b0 zephyr/subsys/bluetooth/controller/libsubsys__bluetooth__controller.a(ticker.c.obj)
                0x000000000000c240                ticker_worker
 .text.ticker_job
                0x000000000000c4f0      0xae4 zephyr/subsys/bluetooth/controller/libsubsys__bluetooth__controller.a(ticker.c.obj)
                0x000000000000c4f0                ticker_job
 .text.ticker_init
                0x000000000000cfd4       0x64 zephyr/subsys/bluetooth/controller/libsubsys__bluetooth__controller.a(ticker.c.obj)
                0x000000000000cfd4                ticker_init
 .text.ticker_trigger
                0x000000000000d038       0x30 zephyr/subsys/bluetooth/controller/libsubsys__bluetooth__controller.a(ticker.c.obj)
                0x000000000000d038                ticker_trigger
 .text.ticker_start
                0x000000000000d068       0x38 zephyr/subsys/bluetooth/controller/libsubsys__bluetooth__controller.a(ticker.c.obj)
                0x000000000000d068                ticker_start
 .text.ticker_start_ext
                0x000000000000d0a0       0x10 zephyr/subsys/bluetooth/controller/libsubsys__bluetooth__controller.a(ticker.c.obj)
                0x000000000000d0a0                ticker_start_ext
 .text.ticker_update_ext
                0x000000000000d0b0       0xb0 zephyr/subsys/bluetooth/controller/libsubsys__bluetooth__controller.a(ticker.c.obj)
                0x000000000000d0b0                ticker_update_ext
 .text.ticker_update
                0x000000000000d160       0x30 zephyr/subsys/bluetooth/controller/libsubsys__bluetooth__controller.a(ticker.c.obj)
                0x000000000000d160                ticker_update
 .text.ticker_stop
                0x000000000000d190       0x84 zephyr/subsys/bluetooth/controller/libsubsys__bluetooth__controller.a(ticker.c.obj)
                0x000000000000d190                ticker_stop
 .text.ticker_stop_abs
                0x000000000000d214       0x88 zephyr/subsys/bluetooth/controller/libsubsys__bluetooth__controller.a(ticker.c.obj)
                0x000000000000d214                ticker_stop_abs
 .text.ticker_ticks_now_get
                0x000000000000d29c        0x4 zephyr/subsys/bluetooth/controller/libsubsys__bluetooth__controller.a(ticker.c.obj)
                0x000000000000d29c                ticker_ticks_now_get
 .text.ticker_ticks_diff_get
                0x000000000000d2a0        0x8 zephyr/subsys/bluetooth/controller/libsubsys__bluetooth__controller.a(ticker.c.obj)
                0x000000000000d2a0                ticker_ticks_diff_get
 .text.ll_feat_get
                0x000000000000d2a8        0xc zephyr/subsys/bluetooth/controller/libsubsys__bluetooth__controller.a(ll_feat.c.obj)
                0x000000000000d2a8                ll_feat_get
 .text.ll_tx_pwr_lvl_get
                0x000000000000d2b4       0x20 zephyr/subsys/bluetooth/controller/libsubsys__bluetooth__controller.a(ll_tx_pwr.c.obj)
                0x000000000000d2b4                ll_tx_pwr_lvl_get
 .text.ll_tx_pwr_get
                0x000000000000d2d4        0x8 zephyr/subsys/bluetooth/controller/libsubsys__bluetooth__controller.a(ll_tx_pwr.c.obj)
                0x000000000000d2d4                ll_tx_pwr_get
 .text.ll_addr_set
                0x000000000000d2dc       0x38 zephyr/subsys/bluetooth/controller/libsubsys__bluetooth__controller.a(ll_addr.c.obj)
                0x000000000000d2dc                ll_addr_set
 .text.ll_addr_get
                0x000000000000d314       0x20 zephyr/subsys/bluetooth/controller/libsubsys__bluetooth__controller.a(ll_addr.c.obj)
                0x000000000000d314                ll_addr_get
 .text.ll_addr_read
                0x000000000000d334       0x28 zephyr/subsys/bluetooth/controller/libsubsys__bluetooth__controller.a(ll_addr.c.obj)
                0x000000000000d334                ll_addr_read
 .text.perform_lll_reset
                0x000000000000d35c       0x94 zephyr/subsys/bluetooth/controller/libsubsys__bluetooth__controller.a(ull.c.obj)
 .text.ull_ticker_status_give
                0x000000000000d3f0        0xc zephyr/subsys/bluetooth/controller/libsubsys__bluetooth__controller.a(ull.c.obj)
                0x000000000000d3f0                ull_ticker_status_give
 .text.disabled_cb
                0x000000000000d3fc        0x4 zephyr/subsys/bluetooth/controller/libsubsys__bluetooth__controller.a(ull.c.obj)
 .text.tx_cmplt_get
                0x000000000000d400       0xb4 zephyr/subsys/bluetooth/controller/libsubsys__bluetooth__controller.a(ull.c.obj)
 .text.rx_replenish
                0x000000000000d4b4       0xf8 zephyr/subsys/bluetooth/controller/libsubsys__bluetooth__controller.a(ull.c.obj)
 .text.init_reset
                0x000000000000d5ac      0x134 zephyr/subsys/bluetooth/controller/libsubsys__bluetooth__controller.a(ull.c.obj)
 .text.rx_demux
                0x000000000000d6e0      0x2ac zephyr/subsys/bluetooth/controller/libsubsys__bluetooth__controller.a(ull.c.obj)
 .text.ll_init  0x000000000000d98c       0xec zephyr/subsys/bluetooth/controller/libsubsys__bluetooth__controller.a(ull.c.obj)
                0x000000000000d98c                ll_init
 .text.ll_reset
                0x000000000000da78      0x12c zephyr/subsys/bluetooth/controller/libsubsys__bluetooth__controller.a(ull.c.obj)
                0x000000000000da78                ll_reset
 .text.ll_deinit
                0x000000000000dba4       0x10 zephyr/subsys/bluetooth/controller/libsubsys__bluetooth__controller.a(ull.c.obj)
                0x000000000000dba4                ll_deinit
 .text.ll_rx_get
                0x000000000000dbb4       0xfc zephyr/subsys/bluetooth/controller/libsubsys__bluetooth__controller.a(ull.c.obj)
                0x000000000000dbb4                ll_rx_get
 .text.ll_rx_dequeue
                0x000000000000dcb0      0x1a8 zephyr/subsys/bluetooth/controller/libsubsys__bluetooth__controller.a(ull.c.obj)
                0x000000000000dcb0                ll_rx_dequeue
 .text.ll_rx_mem_release
                0x000000000000de58      0x190 zephyr/subsys/bluetooth/controller/libsubsys__bluetooth__controller.a(ull.c.obj)
                0x000000000000de58                ll_rx_mem_release
 .text.ll_rx_link_alloc
                0x000000000000dfe8        0xc zephyr/subsys/bluetooth/controller/libsubsys__bluetooth__controller.a(ull.c.obj)
                0x000000000000dfe8                ll_rx_link_alloc
 .text.ll_rx_link_release
                0x000000000000dff4        0xc zephyr/subsys/bluetooth/controller/libsubsys__bluetooth__controller.a(ull.c.obj)
                0x000000000000dff4                ll_rx_link_release
 .text.ll_rx_alloc
                0x000000000000e000        0xc zephyr/subsys/bluetooth/controller/libsubsys__bluetooth__controller.a(ull.c.obj)
                0x000000000000e000                ll_rx_alloc
 .text.ll_rx_release
                0x000000000000e00c        0xc zephyr/subsys/bluetooth/controller/libsubsys__bluetooth__controller.a(ull.c.obj)
                0x000000000000e00c                ll_rx_release
 .text.ll_rx_put
                0x000000000000e018       0x18 zephyr/subsys/bluetooth/controller/libsubsys__bluetooth__controller.a(ull.c.obj)
                0x000000000000e018                ll_rx_put
 .text.ll_rx_put_sched
                0x000000000000e030       0x28 zephyr/subsys/bluetooth/controller/libsubsys__bluetooth__controller.a(ull.c.obj)
                0x000000000000e030                ll_rx_put_sched
 .text.ll_pdu_rx_alloc_peek
                0x000000000000e058       0x34 zephyr/subsys/bluetooth/controller/libsubsys__bluetooth__controller.a(ull.c.obj)
                0x000000000000e058                ll_pdu_rx_alloc_peek
 .text.ll_pdu_rx_alloc
                0x000000000000e08c       0x24 zephyr/subsys/bluetooth/controller/libsubsys__bluetooth__controller.a(ull.c.obj)
                0x000000000000e08c                ll_pdu_rx_alloc
 .text.ll_tx_ack_put
                0x000000000000e0b0       0x60 zephyr/subsys/bluetooth/controller/libsubsys__bluetooth__controller.a(ull.c.obj)
                0x000000000000e0b0                ll_tx_ack_put
 .text.ull_ticker_status_take
                0x000000000000e110       0x24 zephyr/subsys/bluetooth/controller/libsubsys__bluetooth__controller.a(ull.c.obj)
                0x000000000000e110                ull_ticker_status_take
 .text.ull_disable_mark
                0x000000000000e134       0x18 zephyr/subsys/bluetooth/controller/libsubsys__bluetooth__controller.a(ull.c.obj)
                0x000000000000e134                ull_disable_mark
 .text.ull_disable_unmark
                0x000000000000e14c       0x18 zephyr/subsys/bluetooth/controller/libsubsys__bluetooth__controller.a(ull.c.obj)
                0x000000000000e14c                ull_disable_unmark
 .text.ull_disable_mark_get
                0x000000000000e164        0xc zephyr/subsys/bluetooth/controller/libsubsys__bluetooth__controller.a(ull.c.obj)
                0x000000000000e164                ull_disable_mark_get
 .text.ull_update_mark
                0x000000000000e170       0x18 zephyr/subsys/bluetooth/controller/libsubsys__bluetooth__controller.a(ull.c.obj)
                0x000000000000e170                ull_update_mark
 .text.ull_update_unmark
                0x000000000000e188       0x18 zephyr/subsys/bluetooth/controller/libsubsys__bluetooth__controller.a(ull.c.obj)
                0x000000000000e188                ull_update_unmark
 .text.ull_update_mark_get
                0x000000000000e1a0        0xc zephyr/subsys/bluetooth/controller/libsubsys__bluetooth__controller.a(ull.c.obj)
                0x000000000000e1a0                ull_update_mark_get
 .text.ull_disable
                0x000000000000e1ac       0x78 zephyr/subsys/bluetooth/controller/libsubsys__bluetooth__controller.a(ull.c.obj)
                0x000000000000e1ac                ull_disable
 .text.ull_ticker_stop_with_mark
                0x000000000000e224       0xa4 zephyr/subsys/bluetooth/controller/libsubsys__bluetooth__controller.a(ull.c.obj)
                0x000000000000e224                ull_ticker_stop_with_mark
 .text.ull_pdu_rx_alloc_peek
                0x000000000000e2c8       0x34 zephyr/subsys/bluetooth/controller/libsubsys__bluetooth__controller.a(ull.c.obj)
                0x000000000000e2c8                ull_pdu_rx_alloc_peek
 .text.ull_pdu_rx_alloc
                0x000000000000e2fc       0x24 zephyr/subsys/bluetooth/controller/libsubsys__bluetooth__controller.a(ull.c.obj)
                0x000000000000e2fc                ull_pdu_rx_alloc
 .text.ull_rx_put
                0x000000000000e320       0x20 zephyr/subsys/bluetooth/controller/libsubsys__bluetooth__controller.a(ull.c.obj)
                0x000000000000e320                ull_rx_put
 .text.ull_rx_sched
                0x000000000000e340       0x10 zephyr/subsys/bluetooth/controller/libsubsys__bluetooth__controller.a(ull.c.obj)
                0x000000000000e340                ull_rx_sched
 .text.ull_rx_put_sched
                0x000000000000e350       0x30 zephyr/subsys/bluetooth/controller/libsubsys__bluetooth__controller.a(ull.c.obj)
                0x000000000000e350                ull_rx_put_sched
 .text.ull_prepare_enqueue
                0x000000000000e380       0x74 zephyr/subsys/bluetooth/controller/libsubsys__bluetooth__controller.a(ull.c.obj)
                0x000000000000e380                ull_prepare_enqueue
 .text.ull_prepare_dequeue_get
                0x000000000000e3f4       0x1c zephyr/subsys/bluetooth/controller/libsubsys__bluetooth__controller.a(ull.c.obj)
                0x000000000000e3f4                ull_prepare_dequeue_get
 .text.ull_prepare_dequeue_iter
                0x000000000000e410       0x34 zephyr/subsys/bluetooth/controller/libsubsys__bluetooth__controller.a(ull.c.obj)
                0x000000000000e410                ull_prepare_dequeue_iter
 .text.ull_prepare_dequeue
                0x000000000000e444       0xf8 zephyr/subsys/bluetooth/controller/libsubsys__bluetooth__controller.a(ull.c.obj)
                0x000000000000e444                ull_prepare_dequeue
 .text.ull_event_done_extra_get
                0x000000000000e53c       0x1c zephyr/subsys/bluetooth/controller/libsubsys__bluetooth__controller.a(ull.c.obj)
                0x000000000000e53c                ull_event_done_extra_get
 .text.ull_event_done
                0x000000000000e558       0x5c zephyr/subsys/bluetooth/controller/libsubsys__bluetooth__controller.a(ull.c.obj)
                0x000000000000e558                ull_event_done
 .text.lll_prepare
                0x000000000000e5b4       0x14 zephyr/subsys/bluetooth/controller/libsubsys__bluetooth__controller.a(lll_common.c.obj)
                0x000000000000e5b4                lll_prepare
 .text.lll_resume
                0x000000000000e5c8       0x4c zephyr/subsys/bluetooth/controller/libsubsys__bluetooth__controller.a(lll_common.c.obj)
                0x000000000000e5c8                lll_resume
 .text.hci_driver_init
                0x000000000000e614       0x10 zephyr/subsys/bluetooth/controller/libsubsys__bluetooth__controller.a(hci_driver.c.obj)
 .text.hci_driver_send
                0x000000000000e624       0x90 zephyr/subsys/bluetooth/controller/libsubsys__bluetooth__controller.a(hci_driver.c.obj)
 .text.hci_driver_close
                0x000000000000e6b4       0x20 zephyr/subsys/bluetooth/controller/libsubsys__bluetooth__controller.a(hci_driver.c.obj)
 .text.recv_thread
                0x000000000000e6d4      0x120 zephyr/subsys/bluetooth/controller/libsubsys__bluetooth__controller.a(hci_driver.c.obj)
 .text.prio_recv_thread
                0x000000000000e7f4       0xc8 zephyr/subsys/bluetooth/controller/libsubsys__bluetooth__controller.a(hci_driver.c.obj)
 .text.hci_driver_open.part.0
                0x000000000000e8bc       0x8c zephyr/subsys/bluetooth/controller/libsubsys__bluetooth__controller.a(hci_driver.c.obj)
 .text.hci_driver_open
                0x000000000000e948       0x48 zephyr/subsys/bluetooth/controller/libsubsys__bluetooth__controller.a(hci_driver.c.obj)
 .text.hci_recv_fifo_reset
                0x000000000000e990       0x20 zephyr/subsys/bluetooth/controller/libsubsys__bluetooth__controller.a(hci_driver.c.obj)
                0x000000000000e990                hci_recv_fifo_reset
 .text.le_remote_feat_complete
                0x000000000000e9b0       0x78 zephyr/subsys/bluetooth/controller/libsubsys__bluetooth__controller.a(hci.c.obj)
 .text.hci_vendor_cmd_handle_common
                0x000000000000ea28      0x194 zephyr/subsys/bluetooth/controller/libsubsys__bluetooth__controller.a(hci.c.obj)
                0x000000000000ea28                hci_vendor_cmd_handle_common
 .text.hci_cmd_handle
                0x000000000000ebbc      0x8f0 zephyr/subsys/bluetooth/controller/libsubsys__bluetooth__controller.a(hci.c.obj)
                0x000000000000ebbc                hci_cmd_handle
 .text.hci_acl_handle
                0x000000000000f4ac      0x10c zephyr/subsys/bluetooth/controller/libsubsys__bluetooth__controller.a(hci.c.obj)
                0x000000000000f4ac                hci_acl_handle
 .text.hci_disconn_complete_encode
                0x000000000000f5b8       0x40 zephyr/subsys/bluetooth/controller/libsubsys__bluetooth__controller.a(hci.c.obj)
                0x000000000000f5b8                hci_disconn_complete_encode
 .text.hci_disconn_complete_process
                0x000000000000f5f8       0x10 zephyr/subsys/bluetooth/controller/libsubsys__bluetooth__controller.a(hci.c.obj)
                0x000000000000f5f8                hci_disconn_complete_process
 .text.hci_acl_encode
                0x000000000000f608       0x74 zephyr/subsys/bluetooth/controller/libsubsys__bluetooth__controller.a(hci.c.obj)
                0x000000000000f608                hci_acl_encode
 .text.hci_evt_encode
                0x000000000000f67c      0x634 zephyr/subsys/bluetooth/controller/libsubsys__bluetooth__controller.a(hci.c.obj)
                0x000000000000f67c                hci_evt_encode
 .text.hci_num_cmplt_encode
                0x000000000000fcb0       0x30 zephyr/subsys/bluetooth/controller/libsubsys__bluetooth__controller.a(hci.c.obj)
                0x000000000000fcb0                hci_num_cmplt_encode
 .text.hci_get_class
                0x000000000000fce0       0x2c zephyr/subsys/bluetooth/controller/libsubsys__bluetooth__controller.a(hci.c.obj)
                0x000000000000fce0                hci_get_class
 .text.hci_init
                0x000000000000fd0c       0x40 zephyr/subsys/bluetooth/controller/libsubsys__bluetooth__controller.a(hci.c.obj)
                0x000000000000fd0c                hci_init
 .text.ticker_stop_cb
                0x000000000000fd4c       0x88 zephyr/subsys/bluetooth/controller/libsubsys__bluetooth__controller.a(ull_adv.c.obj)
 .text.disabled_cb
                0x000000000000fdd4       0x90 zephyr/subsys/bluetooth/controller/libsubsys__bluetooth__controller.a(ull_adv.c.obj)
 .text.ticker_stop_op_cb
                0x000000000000fe64       0x48 zephyr/subsys/bluetooth/controller/libsubsys__bluetooth__controller.a(ull_adv.c.obj)
 .text.adv_disable
                0x000000000000feac       0x80 zephyr/subsys/bluetooth/controller/libsubsys__bluetooth__controller.a(ull_adv.c.obj)
 .text.ticker_update_op_cb
                0x000000000000ff2c       0x50 zephyr/subsys/bluetooth/controller/libsubsys__bluetooth__controller.a(ull_adv.c.obj)
 .text.init_set.constprop.0
                0x000000000000ff7c       0x54 zephyr/subsys/bluetooth/controller/libsubsys__bluetooth__controller.a(ull_adv.c.obj)
 .text.conn_release.constprop.0
                0x000000000000ffd0       0x84 zephyr/subsys/bluetooth/controller/libsubsys__bluetooth__controller.a(ull_adv.c.obj)
 .text.disable.constprop.0
                0x0000000000010054      0x160 zephyr/subsys/bluetooth/controller/libsubsys__bluetooth__controller.a(ull_adv.c.obj)
 .text.adv_time_get.constprop.0.isra.0
                0x00000000000101b4       0x7c zephyr/subsys/bluetooth/controller/libsubsys__bluetooth__controller.a(ull_adv.c.obj)
 .text.ticker_cb
                0x0000000000010230      0x138 zephyr/subsys/bluetooth/controller/libsubsys__bluetooth__controller.a(ull_adv.c.obj)
 .text.ll_adv_params_set
                0x0000000000010368      0x1e4 zephyr/subsys/bluetooth/controller/libsubsys__bluetooth__controller.a(ull_adv.c.obj)
                0x0000000000010368                ll_adv_params_set
 .text.ull_adv_init
                0x000000000001054c       0x20 zephyr/subsys/bluetooth/controller/libsubsys__bluetooth__controller.a(ull_adv.c.obj)
                0x000000000001054c                ull_adv_init
 .text.ull_adv_reset
                0x000000000001056c        0xc zephyr/subsys/bluetooth/controller/libsubsys__bluetooth__controller.a(ull_adv.c.obj)
                0x000000000001056c                ull_adv_reset
 .text.ull_adv_reset_finalize
                0x0000000000010578       0x2c zephyr/subsys/bluetooth/controller/libsubsys__bluetooth__controller.a(ull_adv.c.obj)
                0x0000000000010578                ull_adv_reset_finalize
 .text.ull_adv_handle_get
                0x00000000000105a4       0x18 zephyr/subsys/bluetooth/controller/libsubsys__bluetooth__controller.a(ull_adv.c.obj)
                0x00000000000105a4                ull_adv_handle_get
 .text.ull_adv_lll_handle_get
                0x00000000000105bc       0x1c zephyr/subsys/bluetooth/controller/libsubsys__bluetooth__controller.a(ull_adv.c.obj)
                0x00000000000105bc                ull_adv_lll_handle_get
 .text.ull_adv_is_enabled_get
                0x00000000000105d8       0x1c zephyr/subsys/bluetooth/controller/libsubsys__bluetooth__controller.a(ull_adv.c.obj)
                0x00000000000105d8                ull_adv_is_enabled_get
 .text.ull_adv_is_enabled
                0x00000000000105f4       0x18 zephyr/subsys/bluetooth/controller/libsubsys__bluetooth__controller.a(ull_adv.c.obj)
                0x00000000000105f4                ull_adv_is_enabled
 .text.ull_adv_filter_pol_get
                0x000000000001060c       0x20 zephyr/subsys/bluetooth/controller/libsubsys__bluetooth__controller.a(ull_adv.c.obj)
                0x000000000001060c                ull_adv_filter_pol_get
 .text.ull_adv_pdu_update_addrs
                0x000000000001062c       0x64 zephyr/subsys/bluetooth/controller/libsubsys__bluetooth__controller.a(ull_adv.c.obj)
                0x000000000001062c                ull_adv_pdu_update_addrs
 .text.ull_adv_data_set
                0x0000000000010690       0xd0 zephyr/subsys/bluetooth/controller/libsubsys__bluetooth__controller.a(ull_adv.c.obj)
                0x0000000000010690                ull_adv_data_set
 .text.ll_adv_data_set
                0x0000000000010760       0x10 zephyr/subsys/bluetooth/controller/libsubsys__bluetooth__controller.a(ull_adv.c.obj)
                0x0000000000010760                ll_adv_data_set
 .text.ull_scan_rsp_set
                0x0000000000010770       0xd0 zephyr/subsys/bluetooth/controller/libsubsys__bluetooth__controller.a(ull_adv.c.obj)
                0x0000000000010770                ull_scan_rsp_set
 .text.ll_adv_scan_rsp_set
                0x0000000000010840       0x10 zephyr/subsys/bluetooth/controller/libsubsys__bluetooth__controller.a(ull_adv.c.obj)
                0x0000000000010840                ll_adv_scan_rsp_set
 .text.init_reset
                0x0000000000010850       0x74 zephyr/subsys/bluetooth/controller/libsubsys__bluetooth__controller.a(ull_conn.c.obj)
 .text.tx_lll_flush
                0x00000000000108c4       0xe4 zephyr/subsys/bluetooth/controller/libsubsys__bluetooth__controller.a(ull_conn.c.obj)
 .text.ticker_stop_op_cb
                0x00000000000109a8       0x64 zephyr/subsys/bluetooth/controller/libsubsys__bluetooth__controller.a(ull_conn.c.obj)
 .text.disabled_cb
                0x0000000000010a0c       0x40 zephyr/subsys/bluetooth/controller/libsubsys__bluetooth__controller.a(ull_conn.c.obj)
 .text.conn_disable
                0x0000000000010a4c       0x80 zephyr/subsys/bluetooth/controller/libsubsys__bluetooth__controller.a(ull_conn.c.obj)
 .text.conn_setup_adv_scan_disabled_cb
                0x0000000000010acc       0x40 zephyr/subsys/bluetooth/controller/libsubsys__bluetooth__controller.a(ull_conn.c.obj)
 .text.ticker_update_conn_op_cb
                0x0000000000010b0c       0x40 zephyr/subsys/bluetooth/controller/libsubsys__bluetooth__controller.a(ull_conn.c.obj)
 .text.ticker_start_conn_op_cb
                0x0000000000010b4c       0x58 zephyr/subsys/bluetooth/controller/libsubsys__bluetooth__controller.a(ull_conn.c.obj)
 .text.ticker_stop_conn_op_cb
                0x0000000000010ba4       0x58 zephyr/subsys/bluetooth/controller/libsubsys__bluetooth__controller.a(ull_conn.c.obj)
 .text.ll_conn_acquire
                0x0000000000010bfc        0xc zephyr/subsys/bluetooth/controller/libsubsys__bluetooth__controller.a(ull_conn.c.obj)
                0x0000000000010bfc                ll_conn_acquire
 .text.ll_conn_release
                0x0000000000010c08        0xc zephyr/subsys/bluetooth/controller/libsubsys__bluetooth__controller.a(ull_conn.c.obj)
                0x0000000000010c08                ll_conn_release
 .text.ll_conn_handle_get
                0x0000000000010c14       0x10 zephyr/subsys/bluetooth/controller/libsubsys__bluetooth__controller.a(ull_conn.c.obj)
                0x0000000000010c14                ll_conn_handle_get
 .text.ll_conn_get
                0x0000000000010c24       0x10 zephyr/subsys/bluetooth/controller/libsubsys__bluetooth__controller.a(ull_conn.c.obj)
                0x0000000000010c24                ll_conn_get
 .text.ll_connected_get
                0x0000000000010c34       0x24 zephyr/subsys/bluetooth/controller/libsubsys__bluetooth__controller.a(ull_conn.c.obj)
                0x0000000000010c34                ll_connected_get
 .text.ll_tx_mem_acquire
                0x0000000000010c58        0xc zephyr/subsys/bluetooth/controller/libsubsys__bluetooth__controller.a(ull_conn.c.obj)
                0x0000000000010c58                ll_tx_mem_acquire
 .text.ll_tx_mem_release
                0x0000000000010c64        0xc zephyr/subsys/bluetooth/controller/libsubsys__bluetooth__controller.a(ull_conn.c.obj)
                0x0000000000010c64                ll_tx_mem_release
 .text.ll_tx_mem_enqueue
                0x0000000000010c70       0x90 zephyr/subsys/bluetooth/controller/libsubsys__bluetooth__controller.a(ull_conn.c.obj)
                0x0000000000010c70                ll_tx_mem_enqueue
 .text.ll_conn_update
                0x0000000000010d00       0x88 zephyr/subsys/bluetooth/controller/libsubsys__bluetooth__controller.a(ull_conn.c.obj)
                0x0000000000010d00                ll_conn_update
 .text.ll_chm_get
                0x0000000000010d88       0x44 zephyr/subsys/bluetooth/controller/libsubsys__bluetooth__controller.a(ull_conn.c.obj)
                0x0000000000010d88                ll_chm_get
 .text.ll_terminate_ind_send
                0x0000000000010dcc       0x6c zephyr/subsys/bluetooth/controller/libsubsys__bluetooth__controller.a(ull_conn.c.obj)
                0x0000000000010dcc                ll_terminate_ind_send
 .text.ll_feature_req_send
                0x0000000000010e38       0x44 zephyr/subsys/bluetooth/controller/libsubsys__bluetooth__controller.a(ull_conn.c.obj)
                0x0000000000010e38                ll_feature_req_send
 .text.ll_version_ind_send
                0x0000000000010e7c       0x40 zephyr/subsys/bluetooth/controller/libsubsys__bluetooth__controller.a(ull_conn.c.obj)
                0x0000000000010e7c                ll_version_ind_send
 .text.ll_length_req_send