Archive member included to satisfy reference by file (symbol)

app/libapp.a(main.c.obj)      (--whole-archive)
zephyr/libzephyr.a(heap.c.obj)
                              (--whole-archive)
zephyr/libzephyr.a(cbprintf_packaged.c.obj)
                              (--whole-archive)
zephyr/libzephyr.a(printk.c.obj)
                              (--whole-archive)
zephyr/libzephyr.a(sem.c.obj)
                              (--whole-archive)
zephyr/libzephyr.a(thread_entry.c.obj)
                              (--whole-archive)
zephyr/libzephyr.a(cbprintf_complete.c.obj)
                              (--whole-archive)
zephyr/libzephyr.a(assert.c.obj)
                              (--whole-archive)
zephyr/libzephyr.a(mpsc_pbuf.c.obj)
                              (--whole-archive)
zephyr/libzephyr.a(dec.c.obj)
                              (--whole-archive)
zephyr/libzephyr.a(hex.c.obj)
                              (--whole-archive)
zephyr/libzephyr.a(rb.c.obj)  (--whole-archive)
zephyr/libzephyr.a(timeutil.c.obj)
                              (--whole-archive)
zephyr/libzephyr.a(bitarray.c.obj)
                              (--whole-archive)
zephyr/libzephyr.a(onoff.c.obj)
                              (--whole-archive)
zephyr/libzephyr.a(notify.c.obj)
                              (--whole-archive)
zephyr/libzephyr.a(configs.c.obj)
                              (--whole-archive)
zephyr/libzephyr.a(log_core.c.obj)
                              (--whole-archive)
zephyr/libzephyr.a(log_mgmt.c.obj)
                              (--whole-archive)
zephyr/libzephyr.a(log_cache.c.obj)
                              (--whole-archive)
zephyr/libzephyr.a(log_msg.c.obj)
                              (--whole-archive)
zephyr/libzephyr.a(log_output.c.obj)
                              (--whole-archive)
zephyr/libzephyr.a(log_backend_rtt.c.obj)
                              (--whole-archive)
zephyr/libzephyr.a(log_backend_uart.c.obj)
                              (--whole-archive)
zephyr/libzephyr.a(mem_attr.c.obj)
                              (--whole-archive)
zephyr/libzephyr.a(tracing_none.c.obj)
                              (--whole-archive)
zephyr/libzephyr.a(addr_utils.c.obj)
                              (--whole-archive)
zephyr/libzephyr.a(utils.c.obj)
                              (--whole-archive)
zephyr/libzephyr.a(ecc_dh.c.obj)
                              (--whole-archive)
zephyr/libzephyr.a(ecc.c.obj)
                              (--whole-archive)
zephyr/libzephyr.a(aes_decrypt.c.obj)
                              (--whole-archive)
zephyr/libzephyr.a(aes_encrypt.c.obj)
                              (--whole-archive)
zephyr/libzephyr.a(cmac_mode.c.obj)
                              (--whole-archive)
zephyr/arch/common/libarch__common.a(sw_isr_common.c.obj)
                              (--whole-archive)
zephyr/arch/arch/arm/core/libarch__arm__core.a(fatal.c.obj)
                              (--whole-archive)
zephyr/arch/arch/arm/core/libarch__arm__core.a(nmi.c.obj)
                              (--whole-archive)
zephyr/arch/arch/arm/core/libarch__arm__core.a(nmi_on_reset.S.obj)
                              (--whole-archive)
zephyr/arch/arch/arm/core/libarch__arm__core.a(tls.c.obj)
                              (--whole-archive)
zephyr/arch/arch/arm/core/cortex_m/libarch__arm__core__cortex_m.a(exc_exit.S.obj)
                              (--whole-archive)
zephyr/arch/arch/arm/core/cortex_m/libarch__arm__core__cortex_m.a(fault.c.obj)
                              (--whole-archive)
zephyr/arch/arch/arm/core/cortex_m/libarch__arm__core__cortex_m.a(fault_s.S.obj)
                              (--whole-archive)
zephyr/arch/arch/arm/core/cortex_m/libarch__arm__core__cortex_m.a(fpu.c.obj)
                              (--whole-archive)
zephyr/arch/arch/arm/core/cortex_m/libarch__arm__core__cortex_m.a(reset.S.obj)
                              (--whole-archive)
zephyr/arch/arch/arm/core/cortex_m/libarch__arm__core__cortex_m.a(scb.c.obj)
                              (--whole-archive)
zephyr/arch/arch/arm/core/cortex_m/libarch__arm__core__cortex_m.a(thread_abort.c.obj)
                              (--whole-archive)
zephyr/arch/arch/arm/core/cortex_m/libarch__arm__core__cortex_m.a(vector_table.S.obj)
                              (--whole-archive)
zephyr/arch/arch/arm/core/cortex_m/libarch__arm__core__cortex_m.a(swap.c.obj)
                              (--whole-archive)
zephyr/arch/arch/arm/core/cortex_m/libarch__arm__core__cortex_m.a(swap_helper.S.obj)
                              (--whole-archive)
zephyr/arch/arch/arm/core/cortex_m/libarch__arm__core__cortex_m.a(irq_manage.c.obj)
                              (--whole-archive)
zephyr/arch/arch/arm/core/cortex_m/libarch__arm__core__cortex_m.a(prep_c.c.obj)
                              (--whole-archive)
zephyr/arch/arch/arm/core/cortex_m/libarch__arm__core__cortex_m.a(thread.c.obj)
                              (--whole-archive)
[...]
Memory Configuration

Name             Origin             Length             Attributes
FLASH            0x0000000000000000 0x0000000000100000 xr
RAM              0x0000000020000000 0x0000000000040000 xw
IDT_LIST         0x00000000ffff7fff 0x0000000000008000 xw
*default*        0x0000000000000000 0xffffffffffffffff

Linker script and memory map

                0x000000000001e690                vfprintf = __l_vfprintf
                0x0000000000000000                vfscanf = __l_vfscanf
LOAD zephyr/CMakeFiles/zephyr_final.dir/misc/empty_file.c.obj
LOAD zephyr/CMakeFiles/zephyr_final.dir/isr_tables.c.obj
LOAD zephyr/CMakeFiles/offsets.dir/./arch/arm/core/offsets/offsets.c.obj
LOAD app/libapp.a
LOAD zephyr/libzephyr.a
LOAD zephyr/arch/common/libarch__common.a
LOAD zephyr/arch/arch/arm/core/libarch__arm__core.a
LOAD zephyr/arch/arch/arm/core/cortex_m/libarch__arm__core__cortex_m.a
LOAD zephyr/arch/arch/arm/core/mpu/libarch__arm__core__mpu.a
LOAD zephyr/lib/libc/picolibc/liblib__libc__picolibc.a
LOAD zephyr/lib/libc/common/liblib__libc__common.a
LOAD zephyr/soc/soc/arm/nordic_nrf/libsoc__arm__nordic_nrf.a
LOAD zephyr/subsys/random/libsubsys__random.a
LOAD zephyr/subsys/bluetooth/common/libsubsys__bluetooth__common.a
LOAD zephyr/subsys/bluetooth/host/libsubsys__bluetooth__host.a
LOAD zephyr/subsys/bluetooth/crypto/libsubsys__bluetooth__crypto.a
LOAD zephyr/subsys/bluetooth/controller/libsubsys__bluetooth__controller.a
LOAD zephyr/subsys/net/libsubsys__net.a
LOAD zephyr/drivers/clock_control/libdrivers__clock_control.a
LOAD zephyr/drivers/console/libdrivers__console.a
LOAD zephyr/drivers/entropy/libdrivers__entropy.a
LOAD zephyr/drivers/gpio/libdrivers__gpio.a
LOAD zephyr/drivers/pinctrl/libdrivers__pinctrl.a
LOAD zephyr/drivers/serial/libdrivers__serial.a
LOAD zephyr/drivers/timer/libdrivers__timer.a
LOAD modules/hal_nordic/nrfx/libmodules__hal_nordic__nrfx.a
LOAD modules/segger/libmodules__segger.a
LOAD zephyr/kernel/libkernel.a
LOAD /home/hannahkhouri/zephyr_install/zephyr-sdk-0.16.5/arm-zephyr-eabi/bin/../lib/gcc/arm-zephyr-eabi/12.2.0/thumb/v7e-m/nofp/libgcc.a
LOAD zephyr/arch/common/libisr_tables.a
LOAD /home/hannahkhouri/zephyr_install/zephyr-sdk-0.16.5/arm-zephyr-eabi/bin/../lib/gcc/../../picolibc/arm-zephyr-eabi/lib/thumb/v7e-m/nofp/libc.a
LOAD /home/hannahkhouri/zephyr_install/zephyr-sdk-0.16.5/arm-zephyr-eabi/bin/../lib/gcc/arm-zephyr-eabi/12.2.0/thumb/v7e-m/nofp/libgcc.a
                0x0000000000000020                _region_min_align = 0x20

.rel.plt        0x0000000000000000        0x0
 *(SORT_BY_ALIGNMENT(.rel.plt))
                [!provide]                        PROVIDE (__rel_iplt_start = .)
 *(SORT_BY_ALIGNMENT(.rel.iplt))
 .rel.iplt      0x0000000000000000        0x0 zephyr/CMakeFiles/zephyr_final.dir/isr_tables.c.obj
                [!provide]                        PROVIDE (__rel_iplt_end = .)

.rela.plt       0x0000000000000000        0x0
 *(SORT_BY_ALIGNMENT(.rela.plt))
                [!provide]                        PROVIDE (__rela_iplt_start = .)
 *(SORT_BY_ALIGNMENT(.rela.iplt))
                [!provide]                        PROVIDE (__rela_iplt_end = .)

.rel.dyn
 *(SORT_BY_ALIGNMENT(.rel.*))

.rela.dyn
 *(SORT_BY_ALIGNMENT(.rela.*))

/DISCARD/
 *(SORT_BY_ALIGNMENT(.plt))

/DISCARD/
 *(SORT_BY_ALIGNMENT(.iplt))
                0x0000000000000000                __rom_region_start = 0x0

rom_start       0x0000000000000000      0x100
                0x0000000000000000                __rom_start_address = .
 FILL mask 0x00
                0x0000000000000000                . = (. + (0x0 - (. - __rom_start_address)))
                0x0000000000000000                . = ALIGN (0x4)
                0x0000000000000000                . = ALIGN (0x80)
                0x0000000000000000                . = ALIGN (0x100)
                0x0000000000000000                _vector_start = .
 *(SORT_BY_ALIGNMENT(.exc_vector_table))
 *(SORT_BY_ALIGNMENT(.exc_vector_table.*))
 .exc_vector_table._vector_table_section
                0x0000000000000000       0x40 zephyr/arch/arch/arm/core/cortex_m/libarch__arm__core__cortex_m.a(vector_table.S.obj)
                0x0000000000000000                _vector_table
 *(SORT_BY_ALIGNMENT(.vectors))
                0x0000000000000100                _vector_end = .
                0x0000000000000040                . = ALIGN (0x4)
 *(SORT_BY_ALIGNMENT(.gnu.linkonce.irq_vector_table*))
 .gnu.linkonce.irq_vector_table
                0x0000000000000040       0xc0 zephyr/CMakeFiles/zephyr_final.dir/isr_tables.c.obj
                0x0000000000000040                _irq_vector_table
                0x0000000000000100                _vector_end = .

text            0x0000000000000100    0x24490
                0x0000000000000100                __text_region_start = .
 *(SORT_BY_ALIGNMENT(.text))
 .text          0x0000000000000100       0x30 /home/hannahkhouri/zephyr_install/zephyr-sdk-0.16.5/arm-zephyr-eabi/bin/../lib/gcc/arm-zephyr-eabi/12.2.0/thumb/v7e-m/nofp/libgcc.a(_aeabi_uldivmod.o)
                0x0000000000000100                __aeabi_uldivmod
 .text          0x0000000000000130        0x4 /home/hannahkhouri/zephyr_install/zephyr-sdk-0.16.5/arm-zephyr-eabi/bin/../lib/gcc/arm-zephyr-eabi/12.2.0/thumb/v7e-m/nofp/libgcc.a(_dvmd_tls.o)
                0x0000000000000130                __aeabi_ldiv0
                0x0000000000000130                __aeabi_idiv0
 .text          0x0000000000000134      0x2a0 /home/hannahkhouri/zephyr_install/zephyr-sdk-0.16.5/arm-zephyr-eabi/bin/../lib/gcc/arm-zephyr-eabi/12.2.0/thumb/v7e-m/nofp/libgcc.a(_udivmoddi4.o)
                0x0000000000000134                __udivmoddi4
 .text          0x00000000000003d4       0x14 /home/hannahkhouri/zephyr_install/zephyr-sdk-0.16.5/arm-zephyr-eabi/bin/../lib/gcc/../../picolibc/arm-zephyr-eabi/lib/thumb/v7e-m/nofp/libc.a(strcmp.S.o)
                0x00000000000003d4                strcmp
 .text          0x00000000000003e8       0x10 /home/hannahkhouri/zephyr_install/zephyr-sdk-0.16.5/arm-zephyr-eabi/bin/../lib/gcc/../../picolibc/arm-zephyr-eabi/lib/thumb/v7e-m/nofp/libc.a(strcpy.S.o)
                0x00000000000003e8                strcpy
 .text          0x00000000000003f8       0x10 /home/hannahkhouri/zephyr_install/zephyr-sdk-0.16.5/arm-zephyr-eabi/bin/../lib/gcc/../../picolibc/arm-zephyr-eabi/lib/thumb/v7e-m/nofp/libc.a(strlen.S.o)
                0x00000000000003f8                strlen
 *(SORT_BY_ALIGNMENT(.text.*))
 .text.bt_init  0x0000000000000408      0x538 zephyr/subsys/bluetooth/host/libsubsys__bluetooth__host.a(hci_core.c.obj)
 .text.ll_scan_params_set
                0x0000000000000940       0x70 zephyr/subsys/bluetooth/controller/libsubsys__bluetooth__controller.a(ull_scan.c.obj)
                0x0000000000000940                ll_scan_params_set
 .text.ull_scan_params_set
                0x00000000000009b0       0x54 zephyr/subsys/bluetooth/controller/libsubsys__bluetooth__controller.a(ull_scan.c.obj)
                0x00000000000009b0                ull_scan_params_set
 *fill*         0x0000000000000a04        0x4 
 .text.ull_scan_enable
                0x0000000000000a08      0x178 zephyr/subsys/bluetooth/controller/libsubsys__bluetooth__controller.a(ull_scan.c.obj)
                0x0000000000000a08                ull_scan_enable
 .text.ull_conn_done
                0x0000000000000b80      0x2e8 zephyr/subsys/bluetooth/controller/libsubsys__bluetooth__controller.a(ull_conn.c.obj)
                0x0000000000000b80                ull_conn_done
 .text.ull_conn_update_parameters
                0x0000000000000e68      0x268 zephyr/subsys/bluetooth/controller/libsubsys__bluetooth__controller.a(ull_conn.c.obj)
                0x0000000000000e68                ull_conn_update_parameters
 .text.ll_create_connection
                0x00000000000010d0      0x3b4 zephyr/subsys/bluetooth/controller/libsubsys__bluetooth__controller.a(ull_central.c.obj)
                0x00000000000010d0                ll_create_connection
 *fill*         0x0000000000001484        0x4 
 .text.ull_central_setup
                0x0000000000001488      0x2a4 zephyr/subsys/bluetooth/controller/libsubsys__bluetooth__controller.a(ull_central.c.obj)
                0x0000000000001488                ull_central_setup
 *fill*         0x000000000000172c        0x4 
 .text.ull_hdr_get_cb
                0x0000000000001730       0x68 zephyr/subsys/bluetooth/controller/libsubsys__bluetooth__controller.a(ull_sched.c.obj)
 .text.ull_sched_after_cen_slot_get
                0x0000000000001798      0x1ac zephyr/subsys/bluetooth/controller/libsubsys__bluetooth__controller.a(ull_sched.c.obj)
                0x0000000000001798                ull_sched_after_cen_slot_get
 *fill*         0x0000000000001944        0x4 
 .text.ull_sched_mfy_after_cen_offset_get
                0x0000000000001948      0x10c zephyr/subsys/bluetooth/controller/libsubsys__bluetooth__controller.a(ull_sched.c.obj)
                0x0000000000001948                ull_sched_mfy_after_cen_offset_get
 *fill*         0x0000000000001a54        0x4 
 .text.common_prepare_cb
                0x0000000000001a58      0x2c0 zephyr/subsys/bluetooth/controller/libsubsys__bluetooth__controller.a(lll_scan.c.obj)
 .text.isr_window
                0x0000000000001d18       0x9c zephyr/subsys/bluetooth/controller/libsubsys__bluetooth__controller.a(lll_scan.c.obj)
 *fill*         0x0000000000001db4        0x4 
 .text.isr_rx   0x0000000000001db8      0x574 zephyr/subsys/bluetooth/controller/libsubsys__bluetooth__controller.a(lll_scan.c.obj)
 *fill*         0x000000000000232c        0x4 
 .text.prepare_cb
                0x0000000000002330      0x1b0 zephyr/subsys/bluetooth/controller/libsubsys__bluetooth__controller.a(lll_central.c.obj)
 .text.notify_func
                0x00000000000024e0       0x44 app/libapp.a(main.c.obj)
 .text.discover_func
                0x0000000000002524      0x104 app/libapp.a(main.c.obj)
 .text.start_scan
                0x0000000000002628       0x48 app/libapp.a(main.c.obj)
 .text.eir_found
                0x0000000000002670       0xd0 app/libapp.a(main.c.obj)
 .text.bt_addr_le_to_str.constprop.0.isra.0
                0x0000000000002740       0x78 app/libapp.a(main.c.obj)
 .text.disconnected
                0x00000000000027b8       0x3c app/libapp.a(main.c.obj)
 .text.device_found
                0x00000000000027f4       0x48 app/libapp.a(main.c.obj)
 .text.connected
                0x000000000000283c       0x94 app/libapp.a(main.c.obj)
 .text.main     0x00000000000028d0       0x2c app/libapp.a(main.c.obj)
                0x00000000000028d0                main
 .text.cbvprintf_package
                0x00000000000028fc      0x3a4 zephyr/libzephyr.a(cbprintf_packaged.c.obj)
                0x00000000000028fc                cbvprintf_package
 .text.cbprintf_package_convert
                0x0000000000002ca0      0x3c0 zephyr/libzephyr.a(cbprintf_packaged.c.obj)
                0x0000000000002ca0                cbprintf_package_convert
 .text.__printk_hook_install
                0x0000000000003060        0xc zephyr/libzephyr.a(printk.c.obj)
                0x0000000000003060                __printk_hook_install
 .text.z_thread_entry
                0x000000000000306c       0x34 zephyr/libzephyr.a(thread_entry.c.obj)
                0x000000000000306c                z_thread_entry
 .text.process_event
                0x00000000000030a0      0x21c zephyr/libzephyr.a(onoff.c.obj)
 .text.activate_foreach_backend
                0x00000000000032bc       0x64 zephyr/libzephyr.a(log_core.c.obj)
 .text.enable_logger
                0x0000000000003320       0x5c zephyr/libzephyr.a(log_core.c.obj)
 .text.log_process_thread_timer_expiry_fn
                0x000000000000337c        0xc zephyr/libzephyr.a(log_core.c.obj)
 .text.z_log_init
                0x0000000000003388       0x90 zephyr/libzephyr.a(log_core.c.obj)
 .text.log_format_func_t_get
                0x0000000000003418        0xc zephyr/libzephyr.a(log_core.c.obj)
                0x0000000000003418                log_format_func_t_get
 .text.log_set_timestamp_func
                0x0000000000003424       0x20 zephyr/libzephyr.a(log_core.c.obj)
                0x0000000000003424                log_set_timestamp_func
 .text.z_log_notify_backend_enabled
                0x0000000000003444       0x1c zephyr/libzephyr.a(log_core.c.obj)
                0x0000000000003444                z_log_notify_backend_enabled
 .text.z_log_dropped
                0x0000000000003460       0x30 zephyr/libzephyr.a(log_core.c.obj)
                0x0000000000003460                z_log_dropped
 .text.z_log_dropped_read_and_clear
                0x0000000000003490       0x20 zephyr/libzephyr.a(log_core.c.obj)
                0x0000000000003490                z_log_dropped_read_and_clear
 .text.dropped_notify
                0x00000000000034b0       0x30 zephyr/libzephyr.a(log_core.c.obj)
                0x00000000000034b0                dropped_notify
 .text.z_log_msg_init
                0x00000000000034e0       0x20 zephyr/libzephyr.a(log_core.c.obj)
                0x00000000000034e0                z_log_msg_init
 .text.log_core_init
                0x0000000000003500       0x34 zephyr/libzephyr.a(log_core.c.obj)
                0x0000000000003500                log_core_init
 .text.z_log_msg_alloc
                0x0000000000003534       0x10 zephyr/libzephyr.a(log_core.c.obj)
                0x0000000000003534                z_log_msg_alloc
 .text.z_log_msg_local_claim
                0x0000000000003544        0xc zephyr/libzephyr.a(log_core.c.obj)
                0x0000000000003544                z_log_msg_local_claim
 .text.z_log_msg_free
                0x0000000000003550       0x10 zephyr/libzephyr.a(log_core.c.obj)
                0x0000000000003550                z_log_msg_free
 .text.z_log_msg_pending
                0x0000000000003560        0xc zephyr/libzephyr.a(log_core.c.obj)
                0x0000000000003560                z_log_msg_pending
 .text.z_impl_log_process
                0x000000000000356c       0xbc zephyr/libzephyr.a(log_core.c.obj)
                0x000000000000356c                z_impl_log_process
 .text.z_impl_log_panic
                0x0000000000003628       0x44 zephyr/libzephyr.a(log_core.c.obj)
                0x0000000000003628                z_impl_log_panic
 .text.log_process_thread_func
                0x000000000000366c       0xa4 zephyr/libzephyr.a(log_core.c.obj)
 .text.z_log_msg_post_finalize
                0x0000000000003710       0x78 zephyr/libzephyr.a(log_core.c.obj)
 .text.z_log_msg_commit
                0x0000000000003788       0x24 zephyr/libzephyr.a(log_core.c.obj)
                0x0000000000003788                z_log_msg_commit
 .text.log_source_name_get
                0x00000000000037ac       0x1c zephyr/libzephyr.a(log_mgmt.c.obj)
                0x00000000000037ac                log_source_name_get
 .text.log_backend_enable
                0x00000000000037c8       0x28 zephyr/libzephyr.a(log_mgmt.c.obj)
                0x00000000000037c8                log_backend_enable
 .text.z_impl_z_log_msg_static_create
                0x00000000000037f0      0x108 zephyr/libzephyr.a(log_msg.c.obj)
                0x00000000000037f0                z_impl_z_log_msg_static_create
 .text.z_log_msg_runtime_vcreate
                0x00000000000038f8       0x8c zephyr/libzephyr.a(log_msg.c.obj)
                0x00000000000038f8                z_log_msg_runtime_vcreate
 .text.print_formatted
                0x0000000000003984       0x24 zephyr/libzephyr.a(log_output.c.obj)
 .text.newline_print
                0x00000000000039a8       0x1c zephyr/libzephyr.a(log_output.c.obj)
 .text.log_output_process
                0x00000000000039c4      0x2d4 zephyr/libzephyr.a(log_output.c.obj)
                0x00000000000039c4                log_output_process
 .text.log_output_msg_process
                0x0000000000003c98       0x70 zephyr/libzephyr.a(log_output.c.obj)
                0x0000000000003c98                log_output_msg_process
 .text.log_output_dropped_process
                0x0000000000003d08       0x58 zephyr/libzephyr.a(log_output.c.obj)
                0x0000000000003d08                log_output_dropped_process
 .text.log_output_timestamp_freq_set
                0x0000000000003d60       0x2c zephyr/libzephyr.a(log_output.c.obj)
                0x0000000000003d60                log_output_timestamp_freq_set
 .text.log_backend_rtt_init
                0x0000000000003d8c        0xc zephyr/libzephyr.a(log_backend_rtt.c.obj)
 .text.format_set
                0x0000000000003d98        0xc zephyr/libzephyr.a(log_backend_rtt.c.obj)
 .text.panic    0x0000000000003da4       0x14 zephyr/libzephyr.a(log_backend_rtt.c.obj)
 .text.dropped  0x0000000000003db8        0xc zephyr/libzephyr.a(log_backend_rtt.c.obj)
 .text.process  0x0000000000003dc4       0x24 zephyr/libzephyr.a(log_backend_rtt.c.obj)
 .text.on_failed_write
                0x0000000000003de8       0x28 zephyr/libzephyr.a(log_backend_rtt.c.obj)
 .text.data_out_block_mode
                0x0000000000003e10       0x84 zephyr/libzephyr.a(log_backend_rtt.c.obj)
 .text.char_out
                0x0000000000003e94       0x24 zephyr/libzephyr.a(log_backend_uart.c.obj)
 .text.mem_attr_get_regions
                0x0000000000003eb8        0xc zephyr/libzephyr.a(mem_attr.c.obj)
                0x0000000000003eb8                mem_attr_get_regions
 .text.uECC_get_rng
                0x0000000000003ec4        0xc zephyr/libzephyr.a(ecc.c.obj)
                0x0000000000003ec4                uECC_get_rng
 .text.vli_mmod_fast_secp256r1
                0x0000000000003ed0      0x184 zephyr/libzephyr.a(ecc.c.obj)
                0x0000000000003ed0                vli_mmod_fast_secp256r1
 .text.sub_bytes
                0x0000000000004054       0x18 zephyr/libzephyr.a(aes_encrypt.c.obj)
 .text.tc_aes128_set_encrypt_key
                0x000000000000406c       0xa4 zephyr/libzephyr.a(aes_encrypt.c.obj)
                0x000000000000406c                tc_aes128_set_encrypt_key
 .text.z_arm_fatal_error
                0x0000000000004110       0xa0 zephyr/arch/arch/arm/core/libarch__arm__core.a(fatal.c.obj)
                0x0000000000004110                z_arm_fatal_error
 .text.z_SysNmiOnReset
                0x00000000000041b0        0x8 zephyr/arch/arch/arm/core/libarch__arm__core.a(nmi_on_reset.S.obj)
                0x00000000000041b0                z_SysNmiOnReset
 .text.arch_tls_stack_setup
                0x00000000000041b8       0x40 zephyr/arch/arch/arm/core/libarch__arm__core.a(tls.c.obj)
                0x00000000000041b8                arch_tls_stack_setup
 .text._HandlerModeExit
                0x00000000000041f8       0x1c zephyr/arch/arch/arm/core/cortex_m/libarch__arm__core__cortex_m.a(exc_exit.S.obj)
                0x00000000000041f8                z_arm_exc_exit
                0x00000000000041f8                z_arm_int_exit
 .text.bus_fault.constprop.0
                0x0000000000004214       0xd0 zephyr/arch/arch/arm/core/cortex_m/libarch__arm__core__cortex_m.a(fault.c.obj)
 .text.usage_fault.constprop.0
                0x00000000000042e4       0xa8 zephyr/arch/arch/arm/core/cortex_m/libarch__arm__core__cortex_m.a(fault.c.obj)
 .text.mem_manage_fault
                0x000000000000438c      0x104 zephyr/arch/arch/arm/core/cortex_m/libarch__arm__core__cortex_m.a(fault.c.obj)
 .text.z_arm_fault
                0x0000000000004490      0x1d4 zephyr/arch/arch/arm/core/cortex_m/libarch__arm__core__cortex_m.a(fault.c.obj)
                0x0000000000004490                z_arm_fault
 .text.z_arm_fault_init
                0x0000000000004664       0x10 zephyr/arch/arch/arm/core/cortex_m/libarch__arm__core__cortex_m.a(fault.c.obj)
                0x0000000000004664                z_arm_fault_init
 .text.__fault  0x0000000000004674       0x14 zephyr/arch/arch/arm/core/cortex_m/libarch__arm__core__cortex_m.a(fault_s.S.obj)
                0x0000000000004674                z_arm_bus_fault
                0x0000000000004674                z_arm_usage_fault
                0x0000000000004674                z_arm_mpu_fault
                0x0000000000004674                z_arm_exc_spurious
                0x0000000000004674                z_arm_debug_monitor
                0x0000000000004674                z_arm_hard_fault
 .text._reset_section
                0x0000000000004688       0x30 zephyr/arch/arch/arm/core/cortex_m/libarch__arm__core__cortex_m.a(reset.S.obj)
                0x0000000000004688                z_arm_reset
                0x0000000000004688                __start
 .text.z_impl_k_thread_abort
                0x00000000000046b8       0x2c zephyr/arch/arch/arm/core/cortex_m/libarch__arm__core__cortex_m.a(thread_abort.c.obj)
                0x00000000000046b8                z_impl_k_thread_abort
 .text.arch_swap
                0x00000000000046e4       0x30 zephyr/arch/arch/arm/core/cortex_m/libarch__arm__core__cortex_m.a(swap.c.obj)
                0x00000000000046e4                arch_swap
 .text.z_arm_pendsv
                0x0000000000004714       0x64 zephyr/arch/arch/arm/core/cortex_m/libarch__arm__core__cortex_m.a(swap_helper.S.obj)
                0x0000000000004714                z_arm_pendsv
 .text.z_arm_svc
                0x0000000000004778       0x20 zephyr/arch/arch/arm/core/cortex_m/libarch__arm__core__cortex_m.a(swap_helper.S.obj)
                0x0000000000004778                z_arm_svc
 .text.arch_irq_enable
                0x0000000000004798       0x1c zephyr/arch/arch/arm/core/cortex_m/libarch__arm__core__cortex_m.a(irq_manage.c.obj)
                0x0000000000004798                arch_irq_enable
 .text.arch_irq_disable
                0x00000000000047b4       0x28 zephyr/arch/arch/arm/core/cortex_m/libarch__arm__core__cortex_m.a(irq_manage.c.obj)
                0x00000000000047b4                arch_irq_disable
 .text.arch_irq_is_enabled
                0x00000000000047dc       0x1c zephyr/arch/arch/arm/core/cortex_m/libarch__arm__core__cortex_m.a(irq_manage.c.obj)
                0x00000000000047dc                arch_irq_is_enabled
 .text.z_arm_irq_priority_set
                0x00000000000047f8       0x30 zephyr/arch/arch/arm/core/cortex_m/libarch__arm__core__cortex_m.a(irq_manage.c.obj)
                0x00000000000047f8                z_arm_irq_priority_set
 .text.z_prep_c
                0x0000000000004828       0x48 zephyr/arch/arch/arm/core/cortex_m/libarch__arm__core__cortex_m.a(prep_c.c.obj)
                0x0000000000004828                z_prep_c
 .text.arch_new_thread
                0x0000000000004870       0x38 zephyr/arch/arch/arm/core/cortex_m/libarch__arm__core__cortex_m.a(thread.c.obj)
                0x0000000000004870                arch_new_thread
 .text.z_check_thread_stack_fail
                0x00000000000048a8       0x2c zephyr/arch/arch/arm/core/cortex_m/libarch__arm__core__cortex_m.a(thread.c.obj)
                0x00000000000048a8                z_check_thread_stack_fail
 .text.arch_switch_to_main_thread
                0x00000000000048d4       0x38 zephyr/arch/arch/arm/core/cortex_m/libarch__arm__core__cortex_m.a(thread.c.obj)
                0x00000000000048d4                arch_switch_to_main_thread
 .text.z_arm_cpu_idle_init
                0x000000000000490c        0xc zephyr/arch/arch/arm/core/cortex_m/libarch__arm__core__cortex_m.a(cpu_idle.S.obj)
                0x000000000000490c                z_arm_cpu_idle_init
 .text.arch_cpu_idle
                0x0000000000004918       0x1c zephyr/arch/arch/arm/core/cortex_m/libarch__arm__core__cortex_m.a(cpu_idle.S.obj)
                0x0000000000004918                arch_cpu_idle
 .text.arch_cpu_atomic_idle
                0x0000000000004934       0x18 zephyr/arch/arch/arm/core/cortex_m/libarch__arm__core__cortex_m.a(cpu_idle.S.obj)
                0x0000000000004934                arch_cpu_atomic_idle
 .text.z_arm_interrupt_init
                0x000000000000494c       0x18 zephyr/arch/arch/arm/core/cortex_m/libarch__arm__core__cortex_m.a(irq_init.c.obj)
                0x000000000000494c                z_arm_interrupt_init
 .text._isr_wrapper
                0x0000000000004964       0x28 zephyr/arch/arch/arm/core/cortex_m/libarch__arm__core__cortex_m.a(isr_wrapper.S.obj)
                0x0000000000004964                _isr_wrapper
 .text.z_arm_configure_static_mpu_regions
                0x000000000000498c       0x18 zephyr/arch/arch/arm/core/mpu/libarch__arm__core__mpu.a(arm_core_mpu.c.obj)
                0x000000000000498c                z_arm_configure_static_mpu_regions
 .text.z_arm_configure_dynamic_mpu_regions
                0x00000000000049a4       0x20 zephyr/arch/arch/arm/core/mpu/libarch__arm__core__mpu.a(arm_core_mpu.c.obj)
                0x00000000000049a4                z_arm_configure_dynamic_mpu_regions
 .text.region_allocate_and_init
                0x00000000000049c4       0x54 zephyr/arch/arch/arm/core/mpu/libarch__arm__core__mpu.a(arm_mpu.c.obj)
 .text.mpu_configure_regions
                0x0000000000004a18       0x68 zephyr/arch/arch/arm/core/mpu/libarch__arm__core__mpu.a(arm_mpu.c.obj)
 .text.arm_core_mpu_enable
                0x0000000000004a80       0x18 zephyr/arch/arch/arm/core/mpu/libarch__arm__core__mpu.a(arm_mpu.c.obj)
                0x0000000000004a80                arm_core_mpu_enable
 .text.arm_core_mpu_disable
                0x0000000000004a98       0x14 zephyr/arch/arch/arm/core/mpu/libarch__arm__core__mpu.a(arm_mpu.c.obj)
                0x0000000000004a98                arm_core_mpu_disable
 .text.arm_core_mpu_configure_static_mpu_regions
                0x0000000000004aac       0x14 zephyr/arch/arch/arm/core/mpu/libarch__arm__core__mpu.a(arm_mpu.c.obj)
                0x0000000000004aac                arm_core_mpu_configure_static_mpu_regions
 .text.arm_core_mpu_configure_dynamic_mpu_regions
                0x0000000000004ac0       0x38 zephyr/arch/arch/arm/core/mpu/libarch__arm__core__mpu.a(arm_mpu.c.obj)
                0x0000000000004ac0                arm_core_mpu_configure_dynamic_mpu_regions
 .text.z_arm_mpu_init
                0x0000000000004af8      0x180 zephyr/arch/arch/arm/core/mpu/libarch__arm__core__mpu.a(arm_mpu.c.obj)
                0x0000000000004af8                z_arm_mpu_init
 .text.z_impl_zephyr_fputc
                0x0000000000004c78       0x10 zephyr/lib/libc/picolibc/liblib__libc__picolibc.a(libc-hooks.c.obj)
                0x0000000000004c78                z_impl_zephyr_fputc
 .text.__stdout_hook_install
                0x0000000000004c88       0x18 zephyr/lib/libc/picolibc/liblib__libc__picolibc.a(libc-hooks.c.obj)
                0x0000000000004c88                __stdout_hook_install
 .text.cbvprintf
                0x0000000000004ca0       0x38 zephyr/lib/libc/picolibc/liblib__libc__picolibc.a(libc-hooks.c.obj)
                0x0000000000004ca0                cbvprintf
 .text.malloc_prepare
                0x0000000000004cd8       0x24 zephyr/lib/libc/common/liblib__libc__common.a(malloc.c.obj)
 .text.nordicsemi_nrf52_init
                0x0000000000004cfc       0x44 zephyr/soc/soc/arm/nordic_nrf/libsoc__arm__nordic_nrf.a(soc.c.obj)
 .text.arch_busy_wait
                0x0000000000004d40       0x14 zephyr/soc/soc/arm/nordic_nrf/libsoc__arm__nordic_nrf.a(soc.c.obj)
                0x0000000000004d40                arch_busy_wait
 .text.z_arm_platform_init
                0x0000000000004d54        0x4 zephyr/soc/soc/arm/nordic_nrf/libsoc__arm__nordic_nrf.a(soc_nrf_common.S.obj)
                0x0000000000004d54                z_arm_platform_init
 .text.xoshiro128_initialize
                0x0000000000004d58       0x18 zephyr/subsys/random/libsubsys__random.a(rand32_xoshiro128.c.obj)
 .text.bt_hex   0x0000000000004d70       0x44 zephyr/subsys/bluetooth/common/libsubsys__bluetooth__common.a(bt_str.c.obj)
                0x0000000000004d70                bt_hex
 .text.bt_addr_le_str
                0x0000000000004db4       0x7c zephyr/subsys/bluetooth/common/libsubsys__bluetooth__common.a(bt_str.c.obj)
                0x0000000000004db4                bt_addr_le_str
 .text.ecc_process
                0x0000000000004e30      0x1a0 zephyr/subsys/bluetooth/host/libsubsys__bluetooth__host.a(hci_ecc.c.obj)
 .text.le_gen_dhkey
                0x0000000000004fd0       0x98 zephyr/subsys/bluetooth/host/libsubsys__bluetooth__host.a(hci_ecc.c.obj)
 .text.bt_hci_ecc_send
                0x0000000000005068       0xdc zephyr/subsys/bluetooth/host/libsubsys__bluetooth__host.a(hci_ecc.c.obj)
                0x0000000000005068                bt_hci_ecc_send
 .text.long_wq_init
                0x0000000000005144       0x38 zephyr/subsys/bluetooth/host/libsubsys__bluetooth__host.a(long_wq.c.obj)
 .text.bt_long_wq_schedule
                0x000000000000517c        0xc zephyr/subsys/bluetooth/host/libsubsys__bluetooth__host.a(long_wq.c.obj)
                0x000000000000517c                bt_long_wq_schedule
 .text.bt_long_wq_submit
                0x0000000000005188        0xc zephyr/subsys/bluetooth/host/libsubsys__bluetooth__host.a(long_wq.c.obj)
                0x0000000000005188                bt_long_wq_submit
 .text.uuid_to_uuid128
                0x0000000000005194       0x78 zephyr/subsys/bluetooth/host/libsubsys__bluetooth__host.a(uuid.c.obj)
 .text.bt_buf_get_rx
                0x000000000000520c       0x20 zephyr/subsys/bluetooth/host/libsubsys__bluetooth__host.a(buf.c.obj)
                0x000000000000520c                bt_buf_get_rx
 .text.bt_buf_get_evt
                0x000000000000522c       0x38 zephyr/subsys/bluetooth/host/libsubsys__bluetooth__host.a(buf.c.obj)
                0x000000000000522c                bt_buf_get_evt
 .text.bt_data_parse
                0x0000000000005264       0x64 zephyr/subsys/bluetooth/host/libsubsys__bluetooth__host.a(data.c.obj)
                0x0000000000005264                bt_data_parse
 .text.hci_data_buf_overflow
                0x00000000000052c8       0x18 zephyr/subsys/bluetooth/host/libsubsys__bluetooth__host.a(hci_core.c.obj)
 .text.hci_disconn_complete_prio
                0x00000000000052e0       0x44 zephyr/subsys/bluetooth/host/libsubsys__bluetooth__host.a(hci_core.c.obj)
 .text.le_phy_update_complete
                0x0000000000005324       0x34 zephyr/subsys/bluetooth/host/libsubsys__bluetooth__host.a(hci_core.c.obj)
 .text.le_data_len_change
                0x0000000000005358       0x30 zephyr/subsys/bluetooth/host/libsubsys__bluetooth__host.a(hci_core.c.obj)
 .text.hci_hardware_error
                0x0000000000005388       0x24 zephyr/subsys/bluetooth/host/libsubsys__bluetooth__host.a(hci_core.c.obj)
 .text.le_conn_update_complete
                0x00000000000053ac       0x8c zephyr/subsys/bluetooth/host/libsubsys__bluetooth__host.a(hci_core.c.obj)
 .text.le_conn_param_neg_reply.part.0
                0x0000000000005438       0x14 zephyr/subsys/bluetooth/host/libsubsys__bluetooth__host.a(hci_core.c.obj)
 .text.handle_event.part.0
                0x000000000000544c       0x48 zephyr/subsys/bluetooth/host/libsubsys__bluetooth__host.a(hci_core.c.obj)
 .text.handle_event
                0x0000000000005494       0x50 zephyr/subsys/bluetooth/host/libsubsys__bluetooth__host.a(hci_core.c.obj)
 .text.hci_le_meta_event
                0x00000000000054e4       0x20 zephyr/subsys/bluetooth/host/libsubsys__bluetooth__host.a(hci_core.c.obj)
 .text.le_remote_feat_complete
                0x0000000000005504       0x54 zephyr/subsys/bluetooth/host/libsubsys__bluetooth__host.a(hci_core.c.obj)
 .text.hci_cmd_done.part.0
                0x0000000000005558      0x148 zephyr/subsys/bluetooth/host/libsubsys__bluetooth__host.a(hci_core.c.obj)
 .text.hci_cmd_status
                0x00000000000056a0       0x30 zephyr/subsys/bluetooth/host/libsubsys__bluetooth__host.a(hci_core.c.obj)
 .text.hci_tx_thread
                0x00000000000056d0      0x15c zephyr/subsys/bluetooth/host/libsubsys__bluetooth__host.a(hci_core.c.obj)
 .text.hci_cmd_complete
                0x000000000000582c       0x50 zephyr/subsys/bluetooth/host/libsubsys__bluetooth__host.a(hci_core.c.obj)
 .text.hci_num_completed_packets
                0x000000000000587c      0x130 zephyr/subsys/bluetooth/host/libsubsys__bluetooth__host.a(hci_core.c.obj)
 .text.hci_disconn_complete
                0x00000000000059ac       0x68 zephyr/subsys/bluetooth/host/libsubsys__bluetooth__host.a(hci_core.c.obj)
 .text.bt_hci_cmd_state_set_init
                0x0000000000005a14       0x24 zephyr/subsys/bluetooth/host/libsubsys__bluetooth__host.a(hci_core.c.obj)
                0x0000000000005a14                bt_hci_cmd_state_set_init
 .text.bt_hci_cmd_create
                0x0000000000005a38       0x74 zephyr/subsys/bluetooth/host/libsubsys__bluetooth__host.a(hci_core.c.obj)
                0x0000000000005a38                bt_hci_cmd_create
 .text.bt_hci_cmd_send
                0x0000000000005aac       0x58 zephyr/subsys/bluetooth/host/libsubsys__bluetooth__host.a(hci_core.c.obj)
                0x0000000000005aac                bt_hci_cmd_send
 .text.le_ltk_request
                0x0000000000005b04       0xc0 zephyr/subsys/bluetooth/host/libsubsys__bluetooth__host.a(hci_core.c.obj)
 .text.le_conn_param_req
                0x0000000000005bc4       0xc0 zephyr/subsys/bluetooth/host/libsubsys__bluetooth__host.a(hci_core.c.obj)
 .text.bt_hci_cmd_send_sync
                0x0000000000005c84       0xf0 zephyr/subsys/bluetooth/host/libsubsys__bluetooth__host.a(hci_core.c.obj)
                0x0000000000005c84                bt_hci_cmd_send_sync
 .text.hci_le_read_max_data_len
                0x0000000000005d74       0x44 zephyr/subsys/bluetooth/host/libsubsys__bluetooth__host.a(hci_core.c.obj)
 .text.bt_hci_le_rand
                0x0000000000005db8       0x58 zephyr/subsys/bluetooth/host/libsubsys__bluetooth__host.a(hci_core.c.obj)
                0x0000000000005db8                bt_hci_le_rand
 .text.bt_le_create_conn
                0x0000000000005e10       0xb8 zephyr/subsys/bluetooth/host/libsubsys__bluetooth__host.a(hci_core.c.obj)
                0x0000000000005e10                bt_le_create_conn
 .text.bt_le_create_conn_cancel
                0x0000000000005ec8       0x34 zephyr/subsys/bluetooth/host/libsubsys__bluetooth__host.a(hci_core.c.obj)
                0x0000000000005ec8                bt_le_create_conn_cancel
 .text.bt_hci_le_enh_conn_complete
                0x0000000000005efc      0x290 zephyr/subsys/bluetooth/host/libsubsys__bluetooth__host.a(hci_core.c.obj)
                0x0000000000005efc                bt_hci_le_enh_conn_complete
 .text.le_legacy_conn_complete
                0x000000000000618c       0x68 zephyr/subsys/bluetooth/host/libsubsys__bluetooth__host.a(hci_core.c.obj)
 .text.bt_security_err_get
                0x00000000000061f4       0x10 zephyr/subsys/bluetooth/host/libsubsys__bluetooth__host.a(hci_core.c.obj)
                0x00000000000061f4                bt_security_err_get
 .text.hci_encrypt_key_refresh_complete
                0x0000000000006204       0x88 zephyr/subsys/bluetooth/host/libsubsys__bluetooth__host.a(hci_core.c.obj)
 .text.hci_encrypt_change
                0x000000000000628c       0x9c zephyr/subsys/bluetooth/host/libsubsys__bluetooth__host.a(hci_core.c.obj)
 .text.bt_hci_get_ver_str
                0x0000000000006328       0x3c zephyr/subsys/bluetooth/host/libsubsys__bluetooth__host.a(hci_core.c.obj)
                0x0000000000006328                bt_hci_get_ver_str
 .text.hci_event_prio
                0x0000000000006364       0x9c zephyr/subsys/bluetooth/host/libsubsys__bluetooth__host.a(hci_core.c.obj)
                0x0000000000006364                hci_event_prio
 .text.bt_recv  0x0000000000006400      0x104 zephyr/subsys/bluetooth/host/libsubsys__bluetooth__host.a(hci_core.c.obj)
                0x0000000000006400                bt_recv
 .text.bt_recv_prio
                0x0000000000006504       0x3c zephyr/subsys/bluetooth/host/libsubsys__bluetooth__host.a(hci_core.c.obj)
                0x0000000000006504                bt_recv_prio
 .text.bt_hci_driver_register
                0x0000000000006540       0x28 zephyr/subsys/bluetooth/host/libsubsys__bluetooth__host.a(hci_core.c.obj)
                0x0000000000006540                bt_hci_driver_register
 .text.bt_finalize_init
                0x0000000000006568      0x13c zephyr/subsys/bluetooth/host/libsubsys__bluetooth__host.a(hci_core.c.obj)
                0x0000000000006568                bt_finalize_init
 .text.init_work
                0x00000000000066a4       0x18 zephyr/subsys/bluetooth/host/libsubsys__bluetooth__host.a(hci_core.c.obj)
 .text.bt_enable
                0x00000000000066bc       0xd8 zephyr/subsys/bluetooth/host/libsubsys__bluetooth__host.a(hci_core.c.obj)
                0x00000000000066bc                bt_enable
 .text.bt_is_ready
                0x0000000000006794       0x18 zephyr/subsys/bluetooth/host/libsubsys__bluetooth__host.a(hci_core.c.obj)
                0x0000000000006794                bt_is_ready
 .text.bt_get_name
                0x00000000000067ac        0x8 zephyr/subsys/bluetooth/host/libsubsys__bluetooth__host.a(hci_core.c.obj)
                0x00000000000067ac                bt_get_name
 .text.id_find  0x00000000000067b4       0x30 zephyr/subsys/bluetooth/host/libsubsys__bluetooth__host.a(id.c.obj)
 .text.id_create.constprop.0
                0x00000000000067e4       0x5c zephyr/subsys/bluetooth/host/libsubsys__bluetooth__host.a(id.c.obj)
 .text.atomic_get.constprop.0
                0x0000000000006840       0x14 zephyr/subsys/bluetooth/host/libsubsys__bluetooth__host.a(id.c.obj)
 .text.set_random_address
                0x0000000000006854       0x58 zephyr/subsys/bluetooth/host/libsubsys__bluetooth__host.a(id.c.obj)
 .text.bt_id_add.part.0
                0x00000000000068ac      0x15c zephyr/subsys/bluetooth/host/libsubsys__bluetooth__host.a(id.c.obj)
 .text.bt_id_del.part.0
                0x0000000000006a08      0x118 zephyr/subsys/bluetooth/host/libsubsys__bluetooth__host.a(id.c.obj)
 .text.bt_id_pending_keys_update
                0x0000000000006b20       0x34 zephyr/subsys/bluetooth/host/libsubsys__bluetooth__host.a(id.c.obj)
                0x0000000000006b20                bt_id_pending_keys_update
 .text.bt_id_find_conflict
                0x0000000000006b54       0x20 zephyr/subsys/bluetooth/host/libsubsys__bluetooth__host.a(id.c.obj)
                0x0000000000006b54                bt_id_find_conflict
 .text.bt_id_add
                0x0000000000006b74       0x34 zephyr/subsys/bluetooth/host/libsubsys__bluetooth__host.a(id.c.obj)
                0x0000000000006b74                bt_id_add
 .text.bt_id_del
                0x0000000000006ba8       0x38 zephyr/subsys/bluetooth/host/libsubsys__bluetooth__host.a(id.c.obj)
                0x0000000000006ba8                bt_id_del
 .text.bt_id_create
                0x0000000000006be0       0xa4 zephyr/subsys/bluetooth/host/libsubsys__bluetooth__host.a(id.c.obj)
                0x0000000000006be0                bt_id_create
 .text.bt_id_read_public_addr
                0x0000000000006c84       0x88 zephyr/subsys/bluetooth/host/libsubsys__bluetooth__host.a(id.c.obj)
                0x0000000000006c84                bt_id_read_public_addr
 .text.bt_setup_public_id_addr
                0x0000000000006d0c       0x20 zephyr/subsys/bluetooth/host/libsubsys__bluetooth__host.a(id.c.obj)
                0x0000000000006d0c                bt_setup_public_id_addr
 .text.bt_read_static_addr
                0x0000000000006d2c       0x94 zephyr/subsys/bluetooth/host/libsubsys__bluetooth__host.a(id.c.obj)
                0x0000000000006d2c                bt_read_static_addr
 .text.bt_setup_random_id_addr
                0x0000000000006dc0       0x60 zephyr/subsys/bluetooth/host/libsubsys__bluetooth__host.a(id.c.obj)
                0x0000000000006dc0                bt_setup_random_id_addr
 .text.bt_id_set_create_conn_own_addr
                0x0000000000006e20       0x2c zephyr/subsys/bluetooth/host/libsubsys__bluetooth__host.a(id.c.obj)
                0x0000000000006e20                bt_id_set_create_conn_own_addr
 .text.bt_id_set_scan_own_addr
                0x0000000000006e4c       0x24 zephyr/subsys/bluetooth/host/libsubsys__bluetooth__host.a(id.c.obj)
                0x0000000000006e4c                bt_id_set_scan_own_addr
 .text.bt_id_init
                0x0000000000006e70       0x54 zephyr/subsys/bluetooth/host/libsubsys__bluetooth__host.a(id.c.obj)
                0x0000000000006e70                bt_id_init
 .text.atomic_get.constprop.0
                0x0000000000006ec4       0x14 zephyr/subsys/bluetooth/host/libsubsys__bluetooth__host.a(scan.c.obj)
 .text.bt_le_scan_set_enable_legacy
                0x0000000000006ed8       0x60 zephyr/subsys/bluetooth/host/libsubsys__bluetooth__host.a(scan.c.obj)
 .text.start_le_scan_legacy
                0x0000000000006f38       0x94 zephyr/subsys/bluetooth/host/libsubsys__bluetooth__host.a(scan.c.obj)
 .text.bt_scan_reset
                0x0000000000006fcc        0xc zephyr/subsys/bluetooth/host/libsubsys__bluetooth__host.a(scan.c.obj)
                0x0000000000006fcc                bt_scan_reset
 .text.bt_le_scan_update
                0x0000000000006fd8       0x80 zephyr/subsys/bluetooth/host/libsubsys__bluetooth__host.a(scan.c.obj)
                0x0000000000006fd8                bt_le_scan_update
 .text.bt_hci_le_adv_report
                0x0000000000007058      0x214 zephyr/subsys/bluetooth/host/libsubsys__bluetooth__host.a(scan.c.obj)
                0x0000000000007058                bt_hci_le_adv_report
 .text.bt_le_scan_start
                0x000000000000726c       0xf8 zephyr/subsys/bluetooth/host/libsubsys__bluetooth__host.a(scan.c.obj)
                0x000000000000726c                bt_le_scan_start
 .text.bt_le_scan_stop
                0x0000000000007364       0x2c zephyr/subsys/bluetooth/host/libsubsys__bluetooth__host.a(scan.c.obj)
                0x0000000000007364                bt_le_scan_stop
 .text.bt_pub_key_is_debug
                0x0000000000007390       0x18 zephyr/subsys/bluetooth/host/libsubsys__bluetooth__host.a(ecc.c.obj)
                0x0000000000007390                bt_pub_key_is_debug
 .text.bt_pub_key_gen
                0x00000000000073a8      0x104 zephyr/subsys/bluetooth/host/libsubsys__bluetooth__host.a(ecc.c.obj)
                0x00000000000073a8                bt_pub_key_gen
 .text.bt_pub_key_get
                0x00000000000074ac       0x20 zephyr/subsys/bluetooth/host/libsubsys__bluetooth__host.a(ecc.c.obj)
                0x00000000000074ac                bt_pub_key_get
 .text.bt_dh_key_gen
                0x00000000000074cc       0xa4 zephyr/subsys/bluetooth/host/libsubsys__bluetooth__host.a(ecc.c.obj)
                0x00000000000074cc                bt_dh_key_gen
 .text.bt_hci_evt_le_pkey_complete
                0x0000000000007570       0x84 zephyr/subsys/bluetooth/host/libsubsys__bluetooth__host.a(ecc.c.obj)
                0x0000000000007570                bt_hci_evt_le_pkey_complete
 .text.bt_hci_evt_le_dhkey_complete
                0x00000000000075f4       0x1c zephyr/subsys/bluetooth/host/libsubsys__bluetooth__host.a(ecc.c.obj)
                0x00000000000075f4                bt_hci_evt_le_dhkey_complete
 .text.notify_connected
                0x0000000000007610       0x3c zephyr/subsys/bluetooth/host/libsubsys__bluetooth__host.a(conn.c.obj)
 .text.tx_complete_work
                0x000000000000764c       0x6c zephyr/subsys/bluetooth/host/libsubsys__bluetooth__host.a(conn.c.obj)
 .text.conn_tx_destroy
                0x00000000000076b8       0x2c zephyr/subsys/bluetooth/host/libsubsys__bluetooth__host.a(conn.c.obj)
 .text.send_frag
                0x00000000000076e4      0x178 zephyr/subsys/bluetooth/host/libsubsys__bluetooth__host.a(conn.c.obj)
 .text.bt_conn_create_pdu_timeout.part.0
                0x000000000000785c       0x18 zephyr/subsys/bluetooth/host/libsubsys__bluetooth__host.a(conn.c.obj)
 .text.bt_conn_get_pkts
                0x0000000000007874       0x18 zephyr/subsys/bluetooth/host/libsubsys__bluetooth__host.a(conn.c.obj)
                0x0000000000007874                bt_conn_get_pkts
 .text.bt_conn_new
                0x000000000000788c       0x64 zephyr/subsys/bluetooth/host/libsubsys__bluetooth__host.a(conn.c.obj)
                0x000000000000788c                bt_conn_new
 .text.bt_conn_recv
                0x00000000000078f0      0x104 zephyr/subsys/bluetooth/host/libsubsys__bluetooth__host.a(conn.c.obj)
                0x00000000000078f0                bt_conn_recv
 .text.bt_conn_send_cb
                0x00000000000079f4       0xe8 zephyr/subsys/bluetooth/host/libsubsys__bluetooth__host.a(conn.c.obj)
                0x00000000000079f4                bt_conn_send_cb
 .text.bt_conn_prepare_events
                0x0000000000007adc       0x90 zephyr/subsys/bluetooth/host/libsubsys__bluetooth__host.a(conn.c.obj)
                0x0000000000007adc                bt_conn_prepare_events
 .text.bt_conn_unref
                0x0000000000007b6c       0x58 zephyr/subsys/bluetooth/host/libsubsys__bluetooth__host.a(conn.c.obj)
                0x0000000000007b6c                bt_conn_unref
 .text.bt_conn_set_state
                0x0000000000007bc4      0x25c zephyr/subsys/bluetooth/host/libsubsys__bluetooth__host.a(conn.c.obj)
                0x0000000000007bc4                bt_conn_set_state
 .text.bt_conn_lookup_handle
                0x0000000000007e20       0x40 zephyr/subsys/bluetooth/host/libsubsys__bluetooth__host.a(conn.c.obj)
                0x0000000000007e20                bt_conn_lookup_handle
 .text.bt_conn_foreach
                0x0000000000007e60       0x30 zephyr/subsys/bluetooth/host/libsubsys__bluetooth__host.a(conn.c.obj)
                0x0000000000007e60                bt_conn_foreach
 .text.bt_conn_index
                0x0000000000007e90       0x18 zephyr/subsys/bluetooth/host/libsubsys__bluetooth__host.a(conn.c.obj)
                0x0000000000007e90                bt_conn_index
 .text.bt_conn_create_pdu_timeout
                0x0000000000007ea8       0x2c zephyr/subsys/bluetooth/host/libsubsys__bluetooth__host.a(conn.c.obj)
                0x0000000000007ea8                bt_conn_create_pdu_timeout
 .text.notify_le_param_updated
                0x0000000000007ed4       0x84 zephyr/subsys/bluetooth/host/libsubsys__bluetooth__host.a(conn.c.obj)
                0x0000000000007ed4                notify_le_param_updated
 .text.le_param_req
                0x0000000000007f58       0x74 zephyr/subsys/bluetooth/host/libsubsys__bluetooth__host.a(conn.c.obj)
                0x0000000000007f58                le_param_req
 .text.bt_conn_identity_resolved
                0x0000000000007fcc       0x5c zephyr/subsys/bluetooth/host/libsubsys__bluetooth__host.a(conn.c.obj)
                0x0000000000007fcc                bt_conn_identity_resolved
 .text.bt_conn_security_changed
                0x0000000000008028       0x4c zephyr/subsys/bluetooth/host/libsubsys__bluetooth__host.a(conn.c.obj)
                0x0000000000008028                bt_conn_security_changed
 .text.bt_conn_add_le
                0x0000000000008074       0x3c zephyr/subsys/bluetooth/host/libsubsys__bluetooth__host.a(conn.c.obj)
                0x0000000000008074                bt_conn_add_le
 .text.bt_conn_lookup_addr_le
                0x00000000000080b0       0x34 zephyr/subsys/bluetooth/host/libsubsys__bluetooth__host.a(conn.c.obj)
                0x00000000000080b0                bt_conn_lookup_addr_le
 .text.bt_conn_exists_le
                0x00000000000080e4       0x70 zephyr/subsys/bluetooth/host/libsubsys__bluetooth__host.a(conn.c.obj)
                0x00000000000080e4                bt_conn_exists_le
 .text.conn_le_create_common_checks
                0x0000000000008154       0x5c zephyr/subsys/bluetooth/host/libsubsys__bluetooth__host.a(conn.c.obj)
 .text.bt_conn_lookup_state_le
                0x00000000000081b0       0x44 zephyr/subsys/bluetooth/host/libsubsys__bluetooth__host.a(conn.c.obj)
                0x00000000000081b0                bt_conn_lookup_state_le
 .text.bt_conn_le_create
                0x00000000000081f4       0xc4 zephyr/subsys/bluetooth/host/libsubsys__bluetooth__host.a(conn.c.obj)
                0x00000000000081f4                bt_conn_le_create
 .text.bt_le_set_auto_conn
                0x00000000000082b8       0xdc zephyr/subsys/bluetooth/host/libsubsys__bluetooth__host.a(conn.c.obj)
                0x00000000000082b8                bt_le_set_auto_conn
 .text.send_conn_le_param_update
                0x0000000000008394       0x68 zephyr/subsys/bluetooth/host/libsubsys__bluetooth__host.a(conn.c.obj)
 .text.deferred_work
                0x00000000000083fc       0xd4 zephyr/subsys/bluetooth/host/libsubsys__bluetooth__host.a(conn.c.obj)
 .text.bt_conn_create_frag_timeout
                0x00000000000084d0        0xc zephyr/subsys/bluetooth/host/libsubsys__bluetooth__host.a(conn.c.obj)
                0x00000000000084d0                bt_conn_create_frag_timeout
 .text.bt_conn_process_tx
                0x00000000000084dc      0x114 zephyr/subsys/bluetooth/host/libsubsys__bluetooth__host.a(conn.c.obj)
                0x00000000000084dc                bt_conn_process_tx
 .text.bt_conn_init
                0x00000000000085f0       0x6c zephyr/subsys/bluetooth/host/libsubsys__bluetooth__host.a(conn.c.obj)
                0x00000000000085f0                bt_conn_init
 .text.l2cap_create_le_sig_pdu.part.0
                0x000000000000865c       0x1c zephyr/subsys/bluetooth/host/libsubsys__bluetooth__host.a(l2cap.c.obj)
 .text.l2cap_accept.part.0
                0x0000000000008678       0x30 zephyr/subsys/bluetooth/host/libsubsys__bluetooth__host.a(l2cap.c.obj)
 .text.l2cap_accept
                0x00000000000086a8       0x1c zephyr/subsys/bluetooth/host/libsubsys__bluetooth__host.a(l2cap.c.obj)
 .text.bt_l2cap_connected
                0x00000000000086c4       0x9c zephyr/subsys/bluetooth/host/libsubsys__bluetooth__host.a(l2cap.c.obj)
                0x00000000000086c4                bt_l2cap_connected
 .text.l2cap_recv.part.0
                0x0000000000008760      0x10c zephyr/subsys/bluetooth/host/libsubsys__bluetooth__host.a(l2cap.c.obj)
 .text.l2cap_recv
                0x000000000000886c       0x24 zephyr/subsys/bluetooth/host/libsubsys__bluetooth__host.a(l2cap.c.obj)
 .text.bt_l2cap_recv
                0x0000000000008890       0x58 zephyr/subsys/bluetooth/host/libsubsys__bluetooth__host.a(l2cap.c.obj)
                0x0000000000008890                bt_l2cap_recv
 .text.bt_l2cap_update_conn_param
                0x00000000000088e8       0x50 zephyr/subsys/bluetooth/host/libsubsys__bluetooth__host.a(l2cap.c.obj)
                0x00000000000088e8                bt_l2cap_update_conn_param
 .text.att_op_get_type
                0x0000000000008938       0x74 zephyr/subsys/bluetooth/host/libsubsys__bluetooth__host.a(att.c.obj)
 .text.bt_att_released
                0x00000000000089ac        0xc zephyr/subsys/bluetooth/host/libsubsys__bluetooth__host.a(att.c.obj)
 .text.read_group_cb
                0x00000000000089b8       0xb8 zephyr/subsys/bluetooth/host/libsubsys__bluetooth__host.a(att.c.obj)
 .text.bt_att_connected
                0x0000000000008a70       0x40 zephyr/subsys/bluetooth/host/libsubsys__bluetooth__host.a(att.c.obj)
 .text.bt_att_accept
                0x0000000000008ab0      0x128 zephyr/subsys/bluetooth/host/libsubsys__bluetooth__host.a(att.c.obj)
 .text.read_type_cb
                0x0000000000008bd8       0xac zephyr/subsys/bluetooth/host/libsubsys__bluetooth__host.a(att.c.obj)
 .text.bt_att_chan_create_pdu
                0x0000000000008c84       0x94 zephyr/subsys/bluetooth/host/libsubsys__bluetooth__host.a(att.c.obj)
 .text.find_type_cb
                0x0000000000008d18      0x164 zephyr/subsys/bluetooth/host/libsubsys__bluetooth__host.a(att.c.obj)
 .text.chan_send
                0x0000000000008e7c       0xe8 zephyr/subsys/bluetooth/host/libsubsys__bluetooth__host.a(att.c.obj)
 .text.att_tx_destroy
                0x0000000000008f64      0x110 zephyr/subsys/bluetooth/host/libsubsys__bluetooth__host.a(att.c.obj)
 .text.bt_att_recv
                0x0000000000009074       0xc8 zephyr/subsys/bluetooth/host/libsubsys__bluetooth__host.a(att.c.obj)
 .text.att_write_rsp.constprop.0
                0x000000000000913c       0xc0 zephyr/subsys/bluetooth/host/libsubsys__bluetooth__host.a(att.c.obj)
 .text.att_get  0x00000000000091fc       0x4c zephyr/subsys/bluetooth/host/libsubsys__bluetooth__host.a(att.c.obj)
 .text.bt_att_create_pdu
                0x0000000000009248       0x64 zephyr/subsys/bluetooth/host/libsubsys__bluetooth__host.a(att.c.obj)
                0x0000000000009248                bt_att_create_pdu
 .text.bt_att_create_rsp_pdu
                0x00000000000092ac       0x60 zephyr/subsys/bluetooth/host/libsubsys__bluetooth__host.a(att.c.obj)
                0x00000000000092ac                bt_att_create_rsp_pdu
 .text.att_read_group_req
                0x000000000000930c       0xf0 zephyr/subsys/bluetooth/host/libsubsys__bluetooth__host.a(att.c.obj)
 .text.att_read_mult_vl_req
                0x00000000000093fc       0x9c zephyr/subsys/bluetooth/host/libsubsys__bluetooth__host.a(att.c.obj)
 .text.att_read_mult_req
                0x0000000000009498       0x9c zephyr/subsys/bluetooth/host/libsubsys__bluetooth__host.a(att.c.obj)
 .text.att_read_rsp
                0x0000000000009534       0x90 zephyr/subsys/bluetooth/host/libsubsys__bluetooth__host.a(att.c.obj)
 .text.att_read_type_req
                0x00000000000095c4       0xbc zephyr/subsys/bluetooth/host/libsubsys__bluetooth__host.a(att.c.obj)
 .text.att_find_type_req
                0x0000000000009680       0xc0 zephyr/subsys/bluetooth/host/libsubsys__bluetooth__host.a(att.c.obj)
 .text.att_find_info_req
                0x0000000000009740       0x6c zephyr/subsys/bluetooth/host/libsubsys__bluetooth__host.a(att.c.obj)
 .text.bt_att_req_alloc
                0x00000000000097ac       0x50 zephyr/subsys/bluetooth/host/libsubsys__bluetooth__host.a(att.c.obj)
                0x00000000000097ac                bt_att_req_alloc
 .text.bt_att_req_free
                0x00000000000097fc       0x20 zephyr/subsys/bluetooth/host/libsubsys__bluetooth__host.a(att.c.obj)
                0x00000000000097fc                bt_att_req_free
 .text.att_handle_rsp
                0x000000000000981c       0x80 zephyr/subsys/bluetooth/host/libsubsys__bluetooth__host.a(att.c.obj)
 .text.att_error_rsp
                0x000000000000989c       0x74 zephyr/subsys/bluetooth/host/libsubsys__bluetooth__host.a(att.c.obj)
 .text.bt_att_disconnected
                0x0000000000009910       0xc8 zephyr/subsys/bluetooth/host/libsubsys__bluetooth__host.a(att.c.obj)
 .text.att_timeout
                0x00000000000099d8       0xc8 zephyr/subsys/bluetooth/host/libsubsys__bluetooth__host.a(att.c.obj)
 .text.bt_att_req_cancel
                0x0000000000009aa0       0x58 zephyr/subsys/bluetooth/host/libsubsys__bluetooth__host.a(att.c.obj)
                0x0000000000009aa0                bt_att_req_cancel
 .text.bt_att_set_tx_meta_data
                0x0000000000009af8       0x24 zephyr/subsys/bluetooth/host/libsubsys__bluetooth__host.a(att.c.obj)
                0x0000000000009af8                bt_att_set_tx_meta_data
 .text.find_cf_cfg
                0x0000000000009b1c       0x5c zephyr/subsys/bluetooth/host/libsubsys__bluetooth__host.a(gatt.c.obj)
 .text.find_sc_cfg
                0x0000000000009b78       0x40 zephyr/subsys/bluetooth/host/libsubsys__bluetooth__host.a(gatt.c.obj)
 .text.find_ccc_cfg
                0x0000000000009bb8       0x48 zephyr/subsys/bluetooth/host/libsubsys__bluetooth__host.a(gatt.c.obj)
 .text.gatt_sub_find
                0x0000000000009c00       0x5c zephyr/subsys/bluetooth/host/libsubsys__bluetooth__host.a(gatt.c.obj)
 .text.bt_gatt_attr_write_ccc
                0x0000000000009c5c       0xbc zephyr/subsys/bluetooth/host/libsubsys__bluetooth__host.a(gatt.c.obj)
                0x0000000000009c5c                bt_gatt_attr_write_ccc
 .text.gatt_sub_remove
                0x0000000000009d18       0x48 zephyr/subsys/bluetooth/host/libsubsys__bluetooth__host.a(gatt.c.obj)
 .text.gatt_write_ccc_rsp
                0x0000000000009d60       0xa0 zephyr/subsys/bluetooth/host/libsubsys__bluetooth__host.a(gatt.c.obj)
 .text.clear_cf_cfg
                0x0000000000009e00       0x2c zephyr/subsys/bluetooth/host/libsubsys__bluetooth__host.a(gatt.c.obj)
 .text.sc_save  0x0000000000009e2c       0x60 zephyr/subsys/bluetooth/host/libsubsys__bluetooth__host.a(gatt.c.obj)
 .text.gatt_write_ccc
                0x0000000000009e8c       0x30 zephyr/subsys/bluetooth/host/libsubsys__bluetooth__host.a(gatt.c.obj)
 .text.disconnected_cb
                0x0000000000009ebc       0xb4 zephyr/subsys/bluetooth/host/libsubsys__bluetooth__host.a(gatt.c.obj)
 .text.cf_write
                0x0000000000009f70       0x98 zephyr/subsys/bluetooth/host/libsubsys__bluetooth__host.a(gatt.c.obj)
 .text.sc_indicate_rsp
                0x000000000000a008       0x4c zephyr/subsys/bluetooth/host/libsubsys__bluetooth__host.a(gatt.c.obj)
 .text.bt_gatt_init
                0x000000000000a054       0x78 zephyr/subsys/bluetooth/host/libsubsys__bluetooth__host.a(gatt.c.obj)
                0x000000000000a054                bt_gatt_init
 .text.bt_gatt_attr_get_handle
                0x000000000000a0cc       0x60 zephyr/subsys/bluetooth/host/libsubsys__bluetooth__host.a(gatt.c.obj)
                0x000000000000a0cc                bt_gatt_attr_get_handle
 .text.bt_gatt_foreach_attr_type
                0x000000000000a12c       0xb4 zephyr/subsys/bluetooth/host/libsubsys__bluetooth__host.a(gatt.c.obj)
                0x000000000000a12c                bt_gatt_foreach_attr_type
 .text.db_hash_gen
                0x000000000000a1e0       0x80 zephyr/subsys/bluetooth/host/libsubsys__bluetooth__host.a(gatt.c.obj)
 .text.db_hash_read
                0x000000000000a260       0x78 zephyr/subsys/bluetooth/host/libsubsys__bluetooth__host.a(gatt.c.obj)
 .text.db_hash_process
                0x000000000000a2d8       0x1c zephyr/subsys/bluetooth/host/libsubsys__bluetooth__host.a(gatt.c.obj)
 .text.bt_gatt_attr_next
                0x000000000000a2f4       0x24 zephyr/subsys/bluetooth/host/libsubsys__bluetooth__host.a(gatt.c.obj)
                0x000000000000a2f4                bt_gatt_attr_next
 .text.gatt_indicate
                0x000000000000a318       0xe4 zephyr/subsys/bluetooth/host/libsubsys__bluetooth__host.a(gatt.c.obj)
 .text.bt_gatt_indicate
                0x000000000000a3fc       0xf0 zephyr/subsys/bluetooth/host/libsubsys__bluetooth__host.a(gatt.c.obj)
                0x000000000000a3fc                bt_gatt_indicate
 .text.sc_process
                0x000000000000a4ec       0x5c zephyr/subsys/bluetooth/host/libsubsys__bluetooth__host.a(gatt.c.obj)
 .text.update_ccc
                0x000000000000a548      0x12c zephyr/subsys/bluetooth/host/libsubsys__bluetooth__host.a(gatt.c.obj)
 .text.gatt_notify
                0x000000000000a674       0xb0 zephyr/subsys/bluetooth/host/libsubsys__bluetooth__host.a(gatt.c.obj)
 .text.notify_cb
                0x000000000000a724      0x13c zephyr/subsys/bluetooth/host/libsubsys__bluetooth__host.a(gatt.c.obj)
 .text.bt_gatt_discover
                0x000000000000a860      0x188 zephyr/subsys/bluetooth/host/libsubsys__bluetooth__host.a(gatt.c.obj)
                0x000000000000a860                bt_gatt_discover
 .text.gatt_read_group_rsp
                0x000000000000a9e8      0x114 zephyr/subsys/bluetooth/host/libsubsys__bluetooth__host.a(gatt.c.obj)
 .text.gatt_read_type_rsp
                0x000000000000aafc      0x2d0 zephyr/subsys/bluetooth/host/libsubsys__bluetooth__host.a(gatt.c.obj)
 .text.read_included_uuid_cb
                0x000000000000adcc       0x38 zephyr/subsys/bluetooth/host/libsubsys__bluetooth__host.a(gatt.c.obj)
 .text.gatt_find_info_rsp
                0x000000000000ae04      0x160 zephyr/subsys/bluetooth/host/libsubsys__bluetooth__host.a(gatt.c.obj)
 .text.bt_gatt_read
                0x000000000000af64       0x8c zephyr/subsys/bluetooth/host/libsubsys__bluetooth__host.a(gatt.c.obj)
                0x000000000000af64                bt_gatt_read
 .text.gatt_read_rsp
                0x000000000000aff0      0x144 zephyr/subsys/bluetooth/host/libsubsys__bluetooth__host.a(gatt.c.obj)
 .text.bt_gatt_subscribe
                0x000000000000b134       0xa0 zephyr/subsys/bluetooth/host/libsubsys__bluetooth__host.a(gatt.c.obj)
                0x000000000000b134                bt_gatt_subscribe
 .text.bt_gatt_unsubscribe
                0x000000000000b1d4       0xdc zephyr/subsys/bluetooth/host/libsubsys__bluetooth__host.a(gatt.c.obj)
                0x000000000000b1d4                bt_gatt_unsubscribe
 .text.bt_gatt_mult_notification
                0x000000000000b2b0       0xbc zephyr/subsys/bluetooth/host/libsubsys__bluetooth__host.a(gatt.c.obj)
                0x000000000000b2b0                bt_gatt_mult_notification
 .text.bt_gatt_connected
                0x000000000000b36c       0x4c zephyr/subsys/bluetooth/host/libsubsys__bluetooth__host.a(gatt.c.obj)
                0x000000000000b36c                bt_gatt_connected
 .text.bt_gatt_att_max_mtu_changed
                0x000000000000b3b8       0x28 zephyr/subsys/bluetooth/host/libsubsys__bluetooth__host.a(gatt.c.obj)
                0x000000000000b3b8                bt_gatt_att_max_mtu_changed
 .text.bt_gatt_encrypt_change
                0x000000000000b3e0       0xb0 zephyr/subsys/bluetooth/host/libsubsys__bluetooth__host.a(gatt.c.obj)
                0x000000000000b3e0                bt_gatt_encrypt_change
 .text.bt_gatt_disconnected
                0x000000000000b490       0xc8 zephyr/subsys/bluetooth/host/libsubsys__bluetooth__host.a(gatt.c.obj)
                0x000000000000b490                bt_gatt_disconnected
 .text.bt_gatt_req_set_mtu
                0x000000000000b558       0x14 zephyr/subsys/bluetooth/host/libsubsys__bluetooth__host.a(gatt.c.obj)
                0x000000000000b558                bt_gatt_req_set_mtu
 .text.smp_find
                0x000000000000b56c       0x1c zephyr/subsys/bluetooth/host/libsubsys__bluetooth__host.a(smp.c.obj)
 .text.latch_auth_cb
                0x000000000000b588       0x3c zephyr/subsys/bluetooth/host/libsubsys__bluetooth__host.a(smp.c.obj)
 .text.get_io_capa
                0x000000000000b5c4       0x4c zephyr/subsys/bluetooth/host/libsubsys__bluetooth__host.a(smp.c.obj)
 .text.smp_chan_get.part.0
                0x000000000000b610       0x18 zephyr/subsys/bluetooth/host/libsubsys__bluetooth__host.a(smp.c.obj)
 .text.smp_send.constprop.0
                0x000000000000b628       0x48 zephyr/subsys/bluetooth/host/libsubsys__bluetooth__host.a(smp.c.obj)
 .text.smp_dhkey_check
                0x000000000000b670       0xf8 zephyr/subsys/bluetooth/host/libsubsys__bluetooth__host.a(smp.c.obj)
 .text.smp_dhkey_generate
                0x000000000000b768       0x3c zephyr/subsys/bluetooth/host/libsubsys__bluetooth__host.a(smp.c.obj)
 .text.smp_send_pairing_confirm
                0x000000000000b7a4       0x90 zephyr/subsys/bluetooth/host/libsubsys__bluetooth__host.a(smp.c.obj)
 .text.smp_public_key
                0x000000000000b834      0x1f8 zephyr/subsys/bluetooth/host/libsubsys__bluetooth__host.a(smp.c.obj)
 .text.sc_send_public_key
                0x000000000000ba2c       0x58 zephyr/subsys/bluetooth/host/libsubsys__bluetooth__host.a(smp.c.obj)
 .text.compute_and_send_central_dhcheck
                0x000000000000ba84      0x110 zephyr/subsys/bluetooth/host/libsubsys__bluetooth__host.a(smp.c.obj)
 .text.bt_smp_connected
                0x000000000000bb94       0x54 zephyr/subsys/bluetooth/host/libsubsys__bluetooth__host.a(smp.c.obj)
 .text.smp_pairing_rsp
                0x000000000000bbe8      0x33c zephyr/subsys/bluetooth/host/libsubsys__bluetooth__host.a(smp.c.obj)
 .text.smp_pairing_random
                0x000000000000bf24      0x1f0 zephyr/subsys/bluetooth/host/libsubsys__bluetooth__host.a(smp.c.obj)
 .text.bt_smp_accept.part.0
                0x000000000000c114       0x30 zephyr/subsys/bluetooth/host/libsubsys__bluetooth__host.a(smp.c.obj)
 .text.bt_smp_accept
                0x000000000000c144       0x24 zephyr/subsys/bluetooth/host/libsubsys__bluetooth__host.a(smp.c.obj)
 .text.bt_smp_distribute_keys
                0x000000000000c168      0x154 zephyr/subsys/bluetooth/host/libsubsys__bluetooth__host.a(smp.c.obj)
 .text.smp_ident_info
                0x000000000000c2bc       0x8c zephyr/subsys/bluetooth/host/libsubsys__bluetooth__host.a(smp.c.obj)
 .text.smp_encrypt_info
                0x000000000000c348       0x8c zephyr/subsys/bluetooth/host/libsubsys__bluetooth__host.a(smp.c.obj)
 .text.smp_send_pairing_req
                0x000000000000c3d4      0x1e0 zephyr/subsys/bluetooth/host/libsubsys__bluetooth__host.a(smp.c.obj)
 .text.smp_security_request
                0x000000000000c5b4      0x10c zephyr/subsys/bluetooth/host/libsubsys__bluetooth__host.a(smp.c.obj)
 .text.smp_pairing_complete
                0x000000000000c6c0      0x120 zephyr/subsys/bluetooth/host/libsubsys__bluetooth__host.a(smp.c.obj)
 .text.smp_error
                0x000000000000c7e0       0xa8 zephyr/subsys/bluetooth/host/libsubsys__bluetooth__host.a(smp.c.obj)
 .text.bt_smp_recv
                0x000000000000c888       0xe4 zephyr/subsys/bluetooth/host/libsubsys__bluetooth__host.a(smp.c.obj)
 .text.bt_smp_pkey_ready.part.0
                0x000000000000c96c       0x4c zephyr/subsys/bluetooth/host/libsubsys__bluetooth__host.a(smp.c.obj)
 .text.bt_smp_pkey_ready
                0x000000000000c9b8       0x34 zephyr/subsys/bluetooth/host/libsubsys__bluetooth__host.a(smp.c.obj)
 .text.smp_ident_addr_info
                0x000000000000c9ec      0x1e4 zephyr/subsys/bluetooth/host/libsubsys__bluetooth__host.a(smp.c.obj)
 .text.smp_central_ident
                0x000000000000cbd0       0xcc zephyr/subsys/bluetooth/host/libsubsys__bluetooth__host.a(smp.c.obj)
 .text.smp_pairing_failed
                0x000000000000cc9c       0x60 zephyr/subsys/bluetooth/host/libsubsys__bluetooth__host.a(smp.c.obj)
 .text.bt_smp_encrypt_change
                0x000000000000ccfc       0xf8 zephyr/subsys/bluetooth/host/libsubsys__bluetooth__host.a(smp.c.obj)
 .text.smp_timeout
                0x000000000000cdf4       0x30 zephyr/subsys/bluetooth/host/libsubsys__bluetooth__host.a(smp.c.obj)
 .text.bt_smp_update_keys
                0x000000000000ce24      0x140 zephyr/subsys/bluetooth/host/libsubsys__bluetooth__host.a(smp.c.obj)
                0x000000000000ce24                bt_smp_update_keys
 .text.bt_smp_init
                0x000000000000cf64       0x2c zephyr/subsys/bluetooth/host/libsubsys__bluetooth__host.a(smp.c.obj)
                0x000000000000cf64                bt_smp_init
 .text.bt_keys_get_addr
                0x000000000000cf90       0x4c zephyr/subsys/bluetooth/host/libsubsys__bluetooth__host.a(keys.c.obj)
                0x000000000000cf90                bt_keys_get_addr
 .text.bt_keys_foreach_type
                0x000000000000cfdc       0x1c zephyr/subsys/bluetooth/host/libsubsys__bluetooth__host.a(keys.c.obj)
                0x000000000000cfdc                bt_keys_foreach_type
 .text.bt_keys_find
                0x000000000000cff8       0x38 zephyr/subsys/bluetooth/host/libsubsys__bluetooth__host.a(keys.c.obj)
                0x000000000000cff8                bt_keys_find
 .text.bt_keys_find_irk
                0x000000000000d030       0x84 zephyr/subsys/bluetooth/host/libsubsys__bluetooth__host.a(keys.c.obj)
                0x000000000000d030                bt_keys_find_irk
 .text.bt_keys_find_addr
                0x000000000000d0b4       0x24 zephyr/subsys/bluetooth/host/libsubsys__bluetooth__host.a(keys.c.obj)
                0x000000000000d0b4                bt_keys_find_addr
 .text.bt_crypto_f5
                0x000000000000d0d8       0xd0 zephyr/subsys/bluetooth/crypto/libsubsys__bluetooth__crypto.a(bt_crypto.c.obj)
                0x000000000000d0d8                bt_crypto_f5
 .text.bt_crypto_g2
                0x000000000000d1a8       0x5c zephyr/subsys/bluetooth/crypto/libsubsys__bluetooth__crypto.a(bt_crypto.c.obj)
                0x000000000000d1a8                bt_crypto_g2
 .text.mem_init
                0x000000000000d204       0x48 zephyr/subsys/bluetooth/controller/libsubsys__bluetooth__controller.a(mem.c.obj)
                0x000000000000d204                mem_init
 .text.mem_acquire
                0x000000000000d24c       0x2c zephyr/subsys/bluetooth/controller/libsubsys__bluetooth__controller.a(mem.c.obj)
                0x000000000000d24c                mem_acquire
 .text.mem_release
                0x000000000000d278       0x28 zephyr/subsys/bluetooth/controller/libsubsys__bluetooth__controller.a(mem.c.obj)
                0x000000000000d278                mem_release
 .text.mem_get  0x000000000000d2a0        0x8 zephyr/subsys/bluetooth/controller/libsubsys__bluetooth__controller.a(mem.c.obj)
                0x000000000000d2a0                mem_get
 .text.mem_index_get
                0x000000000000d2a8        0xc zephyr/subsys/bluetooth/controller/libsubsys__bluetooth__controller.a(mem.c.obj)
                0x000000000000d2a8                mem_index_get
 .text.mem_rcopy
                0x000000000000d2b4       0x1c zephyr/subsys/bluetooth/controller/libsubsys__bluetooth__controller.a(mem.c.obj)
                0x000000000000d2b4                mem_rcopy
 .text.mem_nz   0x000000000000d2d0       0x18 zephyr/subsys/bluetooth/controller/libsubsys__bluetooth__controller.a(mem.c.obj)
                0x000000000000d2d0                mem_nz
 .text.memq_init
                0x000000000000d2e8        0x8 zephyr/subsys/bluetooth/controller/libsubsys__bluetooth__controller.a(memq.c.obj)
                0x000000000000d2e8                memq_init
 .text.memq_deinit
                0x000000000000d2f0       0x14 zephyr/subsys/bluetooth/controller/libsubsys__bluetooth__controller.a(memq.c.obj)
                0x000000000000d2f0                memq_deinit
 .text.memq_enqueue
                0x000000000000d304       0x14 zephyr/subsys/bluetooth/controller/libsubsys__bluetooth__controller.a(memq.c.obj)
                0x000000000000d304                memq_enqueue
 .text.memq_peek
                0x000000000000d318       0x10 zephyr/subsys/bluetooth/controller/libsubsys__bluetooth__controller.a(memq.c.obj)
                0x000000000000d318                memq_peek
 .text.memq_dequeue
                0x000000000000d328       0x20 zephyr/subsys/bluetooth/controller/libsubsys__bluetooth__controller.a(memq.c.obj)
                0x000000000000d328                memq_dequeue
 .text.mayfly_init
                0x000000000000d348       0x40 zephyr/subsys/bluetooth/controller/libsubsys__bluetooth__controller.a(mayfly.c.obj)
                0x000000000000d348                mayfly_init
 .text.mayfly_enable
                0x000000000000d388       0x68 zephyr/subsys/bluetooth/controller/libsubsys__bluetooth__controller.a(mayfly.c.obj)
                0x000000000000d388                mayfly_enable
 .text.mayfly_enqueue
                0x000000000000d3f0       0xbc zephyr/subsys/bluetooth/controller/libsubsys__bluetooth__controller.a(mayfly.c.obj)
                0x000000000000d3f0                mayfly_enqueue
 .text.mayfly_run
                0x000000000000d4ac      0x174 zephyr/subsys/bluetooth/controller/libsubsys__bluetooth__controller.a(mayfly.c.obj)
                0x000000000000d4ac                mayfly_run
 .text.util_ones_count_get
                0x000000000000d620       0x28 zephyr/subsys/bluetooth/controller/libsubsys__bluetooth__controller.a(util.c.obj)
                0x000000000000d620                util_ones_count_get
 .text.util_aa_le32
                0x000000000000d648      0x14c zephyr/subsys/bluetooth/controller/libsubsys__bluetooth__controller.a(util.c.obj)
                0x000000000000d648                util_aa_le32
 .text.ticker_dequeue
                0x000000000000d794       0x80 zephyr/subsys/bluetooth/controller/libsubsys__bluetooth__controller.a(ticker.c.obj)
 .text.ticks_to_expire_prep
                0x000000000000d814       0x48 zephyr/subsys/bluetooth/controller/libsubsys__bluetooth__controller.a(ticker.c.obj)
 .text.ticker_job_list_insert
                0x000000000000d85c      0x1fc zephyr/subsys/bluetooth/controller/libsubsys__bluetooth__controller.a(ticker.c.obj)
 .text.ticker_worker
                0x000000000000da58      0x28c zephyr/subsys/bluetooth/controller/libsubsys__bluetooth__controller.a(ticker.c.obj)
                0x000000000000da58                ticker_worker
 .text.ticker_job
                0x000000000000dce4      0x84c zephyr/subsys/bluetooth/controller/libsubsys__bluetooth__controller.a(ticker.c.obj)
                0x000000000000dce4                ticker_job
 .text.ticker_init
                0x000000000000e530       0x68 zephyr/subsys/bluetooth/controller/libsubsys__bluetooth__controller.a(ticker.c.obj)
                0x000000000000e530                ticker_init
 .text.ticker_trigger
                0x000000000000e598       0x30 zephyr/subsys/bluetooth/controller/libsubsys__bluetooth__controller.a(ticker.c.obj)
                0x000000000000e598                ticker_trigger
 .text.ticker_start_us
                0x000000000000e5c8       0xa8 zephyr/subsys/bluetooth/controller/libsubsys__bluetooth__controller.a(ticker.c.obj)
                0x000000000000e5c8                ticker_start_us
 .text.ticker_start
                0x000000000000e670       0x38 zephyr/subsys/bluetooth/controller/libsubsys__bluetooth__controller.a(ticker.c.obj)
                0x000000000000e670                ticker_start
 .text.ticker_update
                0x000000000000e6a8       0xa4 zephyr/subsys/bluetooth/controller/libsubsys__bluetooth__controller.a(ticker.c.obj)
                0x000000000000e6a8                ticker_update
 .text.ticker_stop
                0x000000000000e74c       0x84 zephyr/subsys/bluetooth/controller/libsubsys__bluetooth__controller.a(ticker.c.obj)
                0x000000000000e74c                ticker_stop
 .text.ticker_stop_abs
                0x000000000000e7d0       0x88 zephyr/subsys/bluetooth/controller/libsubsys__bluetooth__controller.a(ticker.c.obj)
                0x000000000000e7d0                ticker_stop_abs
 .text.ticker_next_slot_get_ext
                0x000000000000e858       0x98 zephyr/subsys/bluetooth/controller/libsubsys__bluetooth__controller.a(ticker.c.obj)
                0x000000000000e858                ticker_next_slot_get_ext
 .text.ticker_job_sched
                0x000000000000e8f0       0x30 zephyr/subsys/bluetooth/controller/libsubsys__bluetooth__controller.a(ticker.c.obj)
                0x000000000000e8f0                ticker_job_sched
 .text.ticker_ticks_now_get
                0x000000000000e920        0x4 zephyr/subsys/bluetooth/controller/libsubsys__bluetooth__controller.a(ticker.c.obj)
                0x000000000000e920                ticker_ticks_now_get
 .text.ticker_ticks_diff_get
                0x000000000000e924        0x8 zephyr/subsys/bluetooth/controller/libsubsys__bluetooth__controller.a(ticker.c.obj)
                0x000000000000e924                ticker_ticks_diff_get
 .text.ll_feat_get
                0x000000000000e92c        0xc zephyr/subsys/bluetooth/controller/libsubsys__bluetooth__controller.a(ll_feat.c.obj)
                0x000000000000e92c                ll_feat_get
 .text.ll_tx_pwr_lvl_get
                0x000000000000e938       0x20 zephyr/subsys/bluetooth/controller/libsubsys__bluetooth__controller.a(ll_tx_pwr.c.obj)
                0x000000000000e938                ll_tx_pwr_lvl_get
 .text.ll_tx_pwr_get
                0x000000000000e958        0x8 zephyr/subsys/bluetooth/controller/libsubsys__bluetooth__controller.a(ll_tx_pwr.c.obj)
                0x000000000000e958                ll_tx_pwr_get
 .text.ll_addr_set
                0x000000000000e960       0x3c zephyr/subsys/bluetooth/controller/libsubsys__bluetooth__controller.a(ll_addr.c.obj)
                0x000000000000e960                ll_addr_set
 .text.ll_addr_get
                0x000000000000e99c       0x20 zephyr/subsys/bluetooth/controller/libsubsys__bluetooth__controller.a(ll_addr.c.obj)
                0x000000000000e99c                ll_addr_get
 .text.ll_addr_read
                0x000000000000e9bc       0x28 zephyr/subsys/bluetooth/controller/libsubsys__bluetooth__controller.a(ll_addr.c.obj)
                0x000000000000e9bc                ll_addr_read
 .text.perform_lll_reset
                0x000000000000e9e4       0x94 zephyr/subsys/bluetooth/controller/libsubsys__bluetooth__controller.a(ull.c.obj)
 .text.ull_ticker_status_give
                0x000000000000ea78        0xc zephyr/subsys/bluetooth/controller/libsubsys__bluetooth__controller.a(ull.c.obj)
                0x000000000000ea78                ull_ticker_status_give
 .text.disabled_cb
                0x000000000000ea84        0x4 zephyr/subsys/bluetooth/controller/libsubsys__bluetooth__controller.a(ull.c.obj)
 .text.tx_cmplt_get
                0x000000000000ea88       0xb4 zephyr/subsys/bluetooth/controller/libsubsys__bluetooth__controller.a(ull.c.obj)
 .text.rx_replenish
                0x000000000000eb3c       0xf8 zephyr/subsys/bluetooth/controller/libsubsys__bluetooth__controller.a(ull.c.obj)
 .text.init_reset
                0x000000000000ec34      0x134 zephyr/subsys/bluetooth/controller/libsubsys__bluetooth__controller.a(ull.c.obj)
 .text.rx_demux
                0x000000000000ed68      0x2ac zephyr/subsys/bluetooth/controller/libsubsys__bluetooth__controller.a(ull.c.obj)
 .text.ll_init  0x000000000000f014       0xec zephyr/subsys/bluetooth/controller/libsubsys__bluetooth__controller.a(ull.c.obj)
                0x000000000000f014                ll_init
 .text.ll_reset
                0x000000000000f100      0x108 zephyr/subsys/bluetooth/controller/libsubsys__bluetooth__controller.a(ull.c.obj)
                0x000000000000f100                ll_reset
 .text.ll_deinit
                0x000000000000f208       0x10 zephyr/subsys/bluetooth/controller/libsubsys__bluetooth__controller.a(ull.c.obj)
                0x000000000000f208                ll_deinit
 .text.ll_rx_get
                0x000000000000f218       0xfc zephyr/subsys/bluetooth/controller/libsubsys__bluetooth__controller.a(ull.c.obj)
                0x000000000000f218                ll_rx_get
 .text.ll_rx_dequeue
                0x000000000000f314       0xd8 zephyr/subsys/bluetooth/controller/libsubsys__bluetooth__controller.a(ull.c.obj)
                0x000000000000f314                ll_rx_dequeue
 .text.ll_rx_mem_release
                0x000000000000f3ec      0x184 zephyr/subsys/bluetooth/controller/libsubsys__bluetooth__controller.a(ull.c.obj)
                0x000000000000f3ec                ll_rx_mem_release
 .text.ll_rx_link_alloc
                0x000000000000f570        0xc zephyr/subsys/bluetooth/controller/libsubsys__bluetooth__controller.a(ull.c.obj)
                0x000000000000f570                ll_rx_link_alloc
 .text.ll_rx_link_release
                0x000000000000f57c        0xc zephyr/subsys/bluetooth/controller/libsubsys__bluetooth__controller.a(ull.c.obj)
                0x000000000000f57c                ll_rx_link_release
 .text.ll_rx_put
                0x000000000000f588       0x18 zephyr/subsys/bluetooth/controller/libsubsys__bluetooth__controller.a(ull.c.obj)
                0x000000000000f588                ll_rx_put
 .text.ll_rx_put_sched
                0x000000000000f5a0       0x28 zephyr/subsys/bluetooth/controller/libsubsys__bluetooth__controller.a(ull.c.obj)
                0x000000000000f5a0                ll_rx_put_sched
 .text.ll_pdu_rx_alloc_peek
                0x000000000000f5c8       0x34 zephyr/subsys/bluetooth/controller/libsubsys__bluetooth__controller.a(ull.c.obj)
                0x000000000000f5c8                ll_pdu_rx_alloc_peek
 .text.ll_pdu_rx_alloc
                0x000000000000f5fc       0x24 zephyr/subsys/bluetooth/controller/libsubsys__bluetooth__controller.a(ull.c.obj)
                0x000000000000f5fc                ll_pdu_rx_alloc
 .text.ll_tx_ack_put
                0x000000000000f620       0x60 zephyr/subsys/bluetooth/controller/libsubsys__bluetooth__controller.a(ull.c.obj)
                0x000000000000f620                ll_tx_ack_put
 .text.ull_ticker_status_take
                0x000000000000f680       0x24 zephyr/subsys/bluetooth/controller/libsubsys__bluetooth__controller.a(ull.c.obj)
                0x000000000000f680                ull_ticker_status_take
 .text.ull_disable_mark_get
                0x000000000000f6a4        0xc zephyr/subsys/bluetooth/controller/libsubsys__bluetooth__controller.a(ull.c.obj)
                0x000000000000f6a4                ull_disable_mark_get
 .text.ull_update_mark
                0x000000000000f6b0       0x18 zephyr/subsys/bluetooth/controller/libsubsys__bluetooth__controller.a(ull.c.obj)
                0x000000000000f6b0                ull_update_mark
 .text.ull_update_unmark
                0x000000000000f6c8       0x18 zephyr/subsys/bluetooth/controller/libsubsys__bluetooth__controller.a(ull.c.obj)
                0x000000000000f6c8                ull_update_unmark
 .text.ull_update_mark_get
                0x000000000000f6e0        0xc zephyr/subsys/bluetooth/controller/libsubsys__bluetooth__controller.a(ull.c.obj)
                0x000000000000f6e0                ull_update_mark_get
 .text.ull_disable
                0x000000000000f6ec       0x78 zephyr/subsys/bluetooth/controller/libsubsys__bluetooth__controller.a(ull.c.obj)
                0x000000000000f6ec                ull_disable
 .text.ull_ticker_stop_with_mark
                0x000000000000f764       0xa4 zephyr/subsys/bluetooth/controller/libsubsys__bluetooth__controller.a(ull.c.obj)
                0x000000000000f764                ull_ticker_stop_with_mark
 .text.ull_pdu_rx_alloc_peek
                0x000000000000f808       0x34 zephyr/subsys/bluetooth/controller/libsubsys__bluetooth__controller.a(ull.c.obj)
                0x000000000000f808                ull_pdu_rx_alloc_peek
 .text.ull_pdu_rx_alloc
                0x000000000000f83c       0x24 zephyr/subsys/bluetooth/controller/libsubsys__bluetooth__controller.a(ull.c.obj)
                0x000000000000f83c                ull_pdu_rx_alloc
 .text.ull_rx_put
                0x000000000000f860       0x20 zephyr/subsys/bluetooth/controller/libsubsys__bluetooth__controller.a(ull.c.obj)
                0x000000000000f860                ull_rx_put
 .text.ull_rx_sched
                0x000000000000f880       0x10 zephyr/subsys/bluetooth/controller/libsubsys__bluetooth__controller.a(ull.c.obj)
                0x000000000000f880                ull_rx_sched
 .text.ull_rx_put_sched
                0x000000000000f890       0x30 zephyr/subsys/bluetooth/controller/libsubsys__bluetooth__controller.a(ull.c.obj)
                0x000000000000f890                ull_rx_put_sched
 .text.ull_prepare_enqueue
                0x000000000000f8c0       0x74 zephyr/subsys/bluetooth/controller/libsubsys__bluetooth__controller.a(ull.c.obj)
                0x000000000000f8c0                ull_prepare_enqueue
 .text.ull_prepare_dequeue_get
                0x000000000000f934       0x1c zephyr/subsys/bluetooth/controller/libsubsys__bluetooth__controller.a(ull.c.obj)
                0x000000000000f934                ull_prepare_dequeue_get
 .text.ull_prepare_dequeue_iter
                0x000000000000f950       0x34 zephyr/subsys/bluetooth/controller/libsubsys__bluetooth__controller.a(ull.c.obj)
                0x000000000000f950                ull_prepare_dequeue_iter
 .text.ull_prepare_dequeue
                0x000000000000f984       0xf8 zephyr/subsys/bluetooth/controller/libsubsys__bluetooth__controller.a(ull.c.obj)
                0x000000000000f984                ull_prepare_dequeue
 .text.ull_event_done_extra_get
                0x000000000000fa7c       0x1c zephyr/subsys/bluetooth/controller/libsubsys__bluetooth__controller.a(ull.c.obj)
                0x000000000000fa7c                ull_event_done_extra_get
 .text.ull_event_done
                0x000000000000fa98       0x5c zephyr/subsys/bluetooth/controller/libsubsys__bluetooth__controller.a(ull.c.obj)
                0x000000000000fa98                ull_event_done
 .text.lll_prepare
                0x000000000000faf4       0x14 zephyr/subsys/bluetooth/controller/libsubsys__bluetooth__controller.a(lll_common.c.obj)
                0x000000000000faf4                lll_prepare
 .text.lll_resume
                0x000000000000fb08       0x4c zephyr/subsys/bluetooth/controller/libsubsys__bluetooth__controller.a(lll_common.c.obj)
                0x000000000000fb08                lll_resume
 .text.hci_driver_init
                0x000000000000fb54       0x10 zephyr/subsys/bluetooth/controller/libsubsys__bluetooth__controller.a(hci_driver.c.obj)
 .text.hci_driver_send
                0x000000000000fb64       0x90 zephyr/subsys/bluetooth/controller/libsubsys__bluetooth__controller.a(hci_driver.c.obj)
 .text.hci_driver_close
                0x000000000000fbf4       0x20 zephyr/subsys/bluetooth/controller/libsubsys__bluetooth__controller.a(hci_driver.c.obj)
 .text.recv_thread
                0x000000000000fc14      0x120 zephyr/subsys/bluetooth/controller/libsubsys__bluetooth__controller.a(hci_driver.c.obj)
 .text.prio_recv_thread
                0x000000000000fd34       0xc8 zephyr/subsys/bluetooth/controller/libsubsys__bluetooth__controller.a(hci_driver.c.obj)
 .text.hci_driver_open.part.0
                0x000000000000fdfc       0x8c zephyr/subsys/bluetooth/controller/libsubsys__bluetooth__controller.a(hci_driver.c.obj)
 .text.hci_driver_open
                0x000000000000fe88       0x48 zephyr/subsys/bluetooth/controller/libsubsys__bluetooth__controller.a(hci_driver.c.obj)
 .text.hci_recv_fifo_reset
                0x000000000000fed0       0x20 zephyr/subsys/bluetooth/controller/libsubsys__bluetooth__controller.a(hci_driver.c.obj)
                0x000000000000fed0                hci_recv_fifo_reset
 .text.dup_found.constprop.0
                0x000000000000fef0       0xb0 zephyr/subsys/bluetooth/controller/libsubsys__bluetooth__controller.a(hci.c.obj)
 .text.le_remote_feat_complete
                0x000000000000ffa0       0x78 zephyr/subsys/bluetooth/controller/libsubsys__bluetooth__controller.a(hci.c.obj)
 .text.hci_vendor_cmd_handle_common
                0x0000000000010018      0x164 zephyr/subsys/bluetooth/controller/libsubsys__bluetooth__controller.a(hci.c.obj)
                0x0000000000010018                hci_vendor_cmd_handle_common
 .text.hci_cmd_handle
                0x000000000001017c      0x92c zephyr/subsys/bluetooth/controller/libsubsys__bluetooth__controller.a(hci.c.obj)
                0x000000000001017c                hci_cmd_handle
 .text.hci_acl_handle
                0x0000000000010aa8      0x10c zephyr/subsys/bluetooth/controller/libsubsys__bluetooth__controller.a(hci.c.obj)
                0x0000000000010aa8                hci_acl_handle
 .text.hci_disconn_complete_encode
                0x0000000000010bb4       0x40 zephyr/subsys/bluetooth/controller/libsubsys__bluetooth__controller.a(hci.c.obj)
                0x0000000000010bb4                hci_disconn_complete_encode
 .text.hci_disconn_complete_process
                0x0000000000010bf4       0x10 zephyr/subsys/bluetooth/controller/libsubsys__bluetooth__controller.a(hci.c.obj)
                0x0000000000010bf4                hci_disconn_complete_process
 .text.hci_acl_encode
                0x0000000000010c04       0x74 zephyr/subsys/bluetooth/controller/libsubsys__bluetooth__controller.a(hci.c.obj)
                0x0000000000010c04                hci_acl_encode
 .text.hci_evt_encode
                0x0000000000010c78      0x85c zephyr/subsys/bluetooth/controller/libsubsys__bluetooth__controller.a(hci.c.obj)
                0x0000000000010c78                hci_evt_encode
 .text.hci_num_cmplt_encode
                0x00000000000114d4       0x30 zephyr/subsys/bluetooth/controller/libsubsys__bluetooth__controller.a(hci.c.obj)
                0x00000000000114d4                hci_num_cmplt_encode
 .text.hci_get_class
                0x0000000000011504       0x2c zephyr/subsys/bluetooth/controller/libsubsys__bluetooth__controller.a(hci.c.obj)
                0x0000000000011504                hci_get_class
 .text.hci_init
                0x0000000000011530       0x4c zephyr/subsys/bluetooth/controller/libsubsys__bluetooth__controller.a(hci.c.obj)
                0x0000000000011530                hci_init
 .text.ticker_cb
                0x000000000001157c       0x94 zephyr/subsys/bluetooth/controller/libsubsys__bluetooth__controller.a(ull_scan.c.obj)
 .text.ull_scan_init
                0x0000000000011610        0x4 zephyr/subsys/bluetooth/controller/libsubsys__bluetooth__controller.a(ull_scan.c.obj)
                0x0000000000011610                ull_scan_init
 .text.ull_scan_disable
                0x0000000000011614       0x44 zephyr/subsys/bluetooth/controller/libsubsys__bluetooth__controller.a(ull_scan.c.obj)
                0x0000000000011614                ull_scan_disable
 .text.ll_scan_enable
                0x0000000000011658       0xb0 zephyr/subsys/bluetooth/controller/libsubsys__bluetooth__controller.a(ull_scan.c.obj)
                0x0000000000011658                ll_scan_enable
 .text.ull_scan_reset
                0x0000000000011708       0x3c zephyr/subsys/bluetooth/controller/libsubsys__bluetooth__controller.a(ull_scan.c.obj)
                0x0000000000011708                ull_scan_reset
 .text.ull_scan_handle_get
                0x0000000000011744       0x1c zephyr/subsys/bluetooth/controller/libsubsys__bluetooth__controller.a(ull_scan.c.obj)
                0x0000000000011744                ull_scan_handle_get
 .text.ull_scan_lll_handle_get
                0x0000000000011760       0x1c zephyr/subsys/bluetooth/controller/libsubsys__bluetooth__controller.a(ull_scan.c.obj)
                0x0000000000011760                ull_scan_lll_handle_get
 .text.ull_scan_is_enabled_get
                0x000000000001177c       0x1c zephyr/subsys/bluetooth/controller/libsubsys__bluetooth__controller.a(ull_scan.c.obj)
                0x000000000001177c                ull_scan_is_enabled_get
 .text.ull_scan_is_disabled_get
                0x0000000000011798       0x18 zephyr/subsys/bluetooth/controller/libsubsys__bluetooth__controller.a(ull_scan.c.obj)
                0x0000000000011798                ull_scan_is_disabled_get
 .text.ull_scan_is_enabled
                0x00000000000117b0       0x34 zephyr/subsys/bluetooth/controller/libsubsys__bluetooth__controller.a(ull_scan.c.obj)
                0x00000000000117b0                ull_scan_is_enabled
 .text.ull_scan_filter_pol_get
                0x00000000000117e4       0x20 zephyr/subsys/bluetooth/controller/libsubsys__bluetooth__controller.a(ull_scan.c.obj)
                0x00000000000117e4                ull_scan_filter_pol_get
 .text.init_reset
                0x0000000000011804       0x74 zephyr/subsys/bluetooth/controller/libsubsys__bluetooth__controller.a(ull_conn.c.obj)
 .text.tx_lll_flush
                0x0000000000011878       0xe4 zephyr/subsys/bluetooth/controller/libsubsys__bluetooth__controller.a(ull_conn.c.obj)
 .text.ticker_stop_op_cb
                0x000000000001195c       0x64 zephyr/subsys/bluetooth/controller/libsubsys__bluetooth__controller.a(ull_conn.c.obj)
 .text.disabled_cb
                0x00000000000119c0       0x40 zephyr/subsys/bluetooth/controller/libsubsys__bluetooth__controller.a(ull_conn.c.obj)
 .text.conn_disable
                0x0000000000011a00       0x80 zephyr/subsys/bluetooth/controller/libsubsys__bluetooth__controller.a(ull_conn.c.obj)
 .text.conn_setup_adv_scan_disabled_cb
                0x0000000000011a80       0x40 zephyr/subsys/bluetooth/controller/libsubsys__bluetooth__controller.a(ull_conn.c.obj)
 .text.ticker_update_conn_op_cb
                0x0000000000011ac0       0x40 zephyr/subsys/bluetooth/controller/libsubsys__bluetooth__controller.a(ull_conn.c.obj)
 .text.ticker_start_conn_op_cb
                0x0000000000011b00       0x58 zephyr/subsys/bluetooth/controller/libsubsys__bluetooth__controller.a(ull_conn.c.obj)
 .text.ticker_stop_conn_op_cb
                0x0000000000011b58       0x58 zephyr/subsys/bluetooth/controller/libsubsys__bluetooth__controller.a(ull_conn.c.obj)
 .text.ll_conn_acquire
                0x0000000000011bb0        0xc zephyr/subsys/bluetooth/controller/libsubsys__bluetooth__controller.a(ull_conn.c.obj)
                0x0000000000011bb0                ll_conn_acquire
 .text.ll_conn_release
                0x0000000000011bbc        0xc zephyr/subsys/bluetooth/controller/libsubsys__bluetooth__controller.a(ull_conn.c.obj)
                0x0000000000011bbc                ll_conn_release
 .text.ll_conn_handle_get
                0x0000000000011bc8       0x10 zephyr/subsys/bluetooth/controller/libsubsys__bluetooth__controller.a(ull_conn.c.obj)
                0x0000000000011bc8                ll_conn_handle_get
 .text.ll_conn_get
                0x0000000000011bd8       0x10 zephyr/subsys/bluetooth/controller/libsubsys__bluetooth__controller.a(ull_conn.c.obj)
                0x0000000000011bd8                ll_conn_get
 .text.ll_connected_get
                0x0000000000011be8       0x24 zephyr/subsys/bluetooth/controller/libsubsys__bluetooth__controller.a(ull_conn.c.obj)
                0x0000000000011be8                ll_connected_get
 .text.ll_tx_mem_acquire
                0x0000000000011c0c        0xc zephyr/subsys/bluetooth/controller/libsubsys__bluetooth__controller.a(ull_conn.c.obj)
                0x0000000000011c0c                ll_tx_mem_acquire
 .text.ll_tx_mem_release
                0x0000000000011c18        0xc zephyr/subsys/bluetooth/controller/libsubsys__bluetooth__controller.a(ull_conn.c.obj)
                0x0000000000011c18                ll_tx_mem_release
 .text.ll_tx_mem_enqueue
                0x0000000000011c24       0x74 zephyr/subsys/bluetooth/controller/libsubsys__bluetooth__controller.a(ull_conn.c.obj)
                0x0000000000011c24                ll_tx_mem_enqueue
 .text.ll_conn_update
                0x0000000000011c98       0x70 zephyr/subsys/bluetooth/controller/libsubsys__bluetooth__controller.a(ull_conn.c.obj)
                0x0000000000011c98                ll_conn_update
 .text.ll_chm_get